============================= test session starts =============================
platform win32 -- Python 3.13.14, pytest-9.1.1, pluggy-1.6.0 -- C:\Users\flyn4\.workbuddy\binaries\python\envs\amsim\Scripts\python.exe
rootdir: C:\Users\flyn4\WorkBuddy\AM-workbuddy
configfile: pyproject.toml
collecting ... collected 85 items

tests/test_meltpool_temperature_dependent.py::test_laser_source_power_conserving PASSED [  1%]
tests/test_meltpool_temperature_dependent.py::test_laser_source_exponential_depth_decay PASSED [  2%]
tests/test_meltpool_temperature_dependent.py::test_temperature_dependent_k_changes_result PASSED [  3%]
tests/test_meltpool_temperature_dependent.py::test_meltpool_fdm_temperature_dependent_differentiable PASSED [  4%]
tests/test_default_solver_numerical.py::test_amforge_default_meltpool_is_numerical PASSED [  5%]
tests/test_default_solver_numerical.py::test_amforge_default_thermal_is_numerical PASSED [  7%]
tests/test_default_solver_numerical.py::test_amforge_analytical_excluded_by_default_but_selectable PASSED [  8%]
tests/test_default_solver_numerical.py::test_amforge_high_fidelity_vof_selectable_not_default PASSED [  9%]
tests/test_default_solver_numerical.py::test_forgecore_default_prefers_numerical PASSED [ 10%]
tests/test_default_solver_numerical.py::test_forgecore_analytical_selectable PASSED [ 11%]
tests/test_default_solver_numerical.py::test_meltpool_fdm_runs_and_is_differentiable PASSED [ 12%]
tests/test_meltpool_surrogate.py::test_center_temperature_matches_closed_form PASSED [ 14%]
tests/test_meltpool_surrogate.py::test_quadrature_converges PASSED       [ 15%]
tests/test_meltpool_surrogate.py::test_temperature_decays_away_from_source PASSED [ 16%]
tests/test_meltpool_surrogate.py::test_smooth_max_unbiased_on_plateau PASSED [ 17%]
tests/test_meltpool_surrogate.py::test_smooth_max_is_differentiable PASSED [ 18%]
tests/test_meltpool_surrogate.py::test_melt_pool_size_order_of_magnitude[Ti6Al4V-280W-1.20mps] PASSED [ 20%]
tests/test_meltpool_surrogate.py::test_melt_pool_size_order_of_magnitude[Ti6Al4V-220W-0.90mps] PASSED [ 21%]
tests/test_meltpool_surrogate.py::test_melt_pool_size_order_of_magnitude[316L-195W-0.80mps] PASSED [ 22%]
tests/test_meltpool_surrogate.py::test_melt_pool_size_order_of_magnitude[316L-100W-0.40mps] PASSED [ 23%]
tests/test_meltpool_surrogate.py::test_melt_pool_size_order_of_magnitude[IN718-285W-0.96mps] PASSED [ 24%]
tests/test_meltpool_surrogate.py::test_temperature_capped_near_boiling PASSED [ 25%]
tests/test_meltpool_surrogate.py::test_pool_grows_with_energy_density PASSED [ 27%]
tests/test_meltpool_surrogate.py::test_no_depression_below_boiling PASSED [ 28%]
tests/test_meltpool_surrogate.py::test_gradient_wrt_power_and_speed PASSED [ 29%]
tests/test_meltpool_surrogate.py::test_jit_compiles PASSED               [ 30%]
tests/test_meltpool_surrogate.py::test_vmap_over_process_window PASSED   [ 31%]
tests/test_meltpool_surrogate.py::test_melt_length_scale_positive PASSED [ 32%]
tests/test_e2e_chain.py::test_all_builtin_modules_imported PASSED        [ 34%]
tests/test_e2e_chain.py::test_registry_has_full_chain_solvers PASSED     [ 35%]
tests/test_e2e_chain.py::test_auto_pipeline_full_chain PASSED            [ 36%]
tests/test_e2e_chain.py::test_all_contracts_reachable PASSED             [ 37%]
tests/test_e2e_chain.py::test_pipeline_run_end_to_end PASSED             [ 38%]
tests/test_e2e_chain.py::test_loss_gradient_has_no_nan PASSED            [ 40%]
tests/test_e2e_chain.py::test_pipeline_function_gradient_has_no_nan PASSED [ 41%]
tests/test_e2e_chain.py::test_inverse_training_converges PASSED          [ 42%]
tests/test_e2e_chain.py::test_contract_dim_consistency PASSED            [ 43%]
tests/test_forgecore_e2e.py::test_registry_has_am_solvers PASSED         [ 44%]
tests/test_forgecore_e2e.py::test_mirror_costs_match_native PASSED       [ 45%]
tests/test_forgecore_e2e.py::test_auto_wiring_reaches_verdict PASSED     [ 47%]
tests/test_forgecore_e2e.py::test_end_to_end_finite PASSED               [ 48%]
tests/test_forgecore_e2e.py::test_gradient_through_full_chain_no_nan PASSED [ 49%]
tests/test_forgecore_e2e.py::test_amf_serialization_roundtrip PASSED     [ 50%]
tests/test_monitoring.py::test_sensor_monitoring_closedloop_pytree_roundtrip PASSED [ 51%]
tests/test_monitoring.py::test_ingest_from_thermal_history PASSED        [ 52%]
tests/test_monitoring.py::test_ingest_from_tuple_and_dict PASSED         [ 54%]
tests/test_monitoring.py::test_monitor_detect_produces_monitoringstate PASSED [ 55%]
tests/test_monitoring.py::test_monitor_correct_raises_power_on_lof PASSED [ 56%]
tests/test_monitoring.py::test_monitor_correct_lowers_power_on_keyhole PASSED [ 57%]
tests/test_monitoring.py::test_inverse_controller_lowers_defect_cost PASSED [ 58%]
tests/test_monitoring.py::test_run_loop_inverse_controller_runs PASSED   [ 60%]
tests/test_monitoring.py::test_mirror_monitoring_registered_in_both PASSED [ 61%]
tests/test_monitoring.py::test_mirror_costs_match_native_monitoring PASSED [ 62%]
tests/test_monitoring.py::test_run_loop_structure_and_fields PASSED      [ 63%]
tests/test_monitoring.py::test_run_loop_online_recalibration_back_to_C PASSED [ 64%]
tests/test_monitoring.py::test_run_loop_converges_on_good_geometry PASSED [ 65%]
tests/test_monitoring.py::test_monitoring_gui_construct_and_logic PASSED [ 67%]
tests/test_support.py::test_support_auto_on_plate_needs_none PASSED      [ 68%]
tests/test_support.py::test_support_auto_floating_needs_support PASSED   [ 69%]
tests/test_support.py::test_support_auto_overhang_subset_of_block PASSED [ 70%]
tests/test_support.py::test_support_simulate_empty_equals_baseline PASSED [ 71%]
tests/test_support.py::test_support_simulate_couples_and_zeroes_support PASSED [ 72%]
tests/test_support.py::test_supportstructure_pytree_roundtrip PASSED     [ 74%]
tests/test_support.py::test_mirror_support_registered_in_both PASSED     [ 75%]
tests/test_support.py::test_default_asbuilt_pipeline_avoids_support_simulate PASSED [ 76%]
tests/test_support.py::test_supportstructure_target_routes_to_support_auto PASSED [ 77%]
tests/test_postprocess.py::test_secondaryprocessresult_pytree_roundtrip PASSED [ 78%]
tests/test_postprocess.py::test_passthrough_wraps_asbuilt PASSED         [ 80%]
tests/test_postprocess.py::test_ht_relieves_residual_stress PASSED       [ 81%]
tests/test_postprocess.py::test_hip_closes_porosity PASSED               [ 82%]
tests/test_postprocess.py::test_machining_trims_to_nominal PASSED        [ 83%]
tests/test_postprocess.py::test_mirror_postprocess_registered_in_both PASSED [ 84%]
tests/test_postprocess.py::test_mirror_costs_match_native_postprocess PASSED [ 85%]
tests/test_postprocess.py::test_pipeline_serviceverdict_includes_secondary PASSED [ 87%]
tests/test_postprocess.py::test_select_secondary_switches_solver PASSED  [ 88%]
tests/test_postprocess.py::test_verdict_consumes_secondary PASSED        [ 89%]
tests/test_postprocess.py::test_apply_secondary_logic PASSED             [ 90%]
tests/test_plastic_asbuilt.py::TestRegistrationAndRouting::test_solver_registered PASSED [ 91%]
tests/test_plastic_asbuilt.py::TestRegistrationAndRouting::test_select_routes_to_high_fidelity PASSED [ 92%]
tests/test_plastic_asbuilt.py::TestRegistrationAndRouting::test_default_chain_unchanged PASSED [ 94%]
tests/test_plastic_asbuilt.py::TestRegistrationAndRouting::test_required_inputs PASSED [ 95%]
tests/test_plastic_asbuilt.py::TestAsBuiltOutput::test_j2_finite_and_capped PASSED [ 96%]
tests/test_plastic_asbuilt.py::TestAsBuiltOutput::test_cpfe_finite PASSED [ 97%]
tests/test_plastic_asbuilt.py::TestAsBuiltOutput::test_inside_part_stress_nonzero_outside_zero PASSED [ 98%]
tests/test_plastic_asbuilt.py::TestDifferentiability::test_grad_wrt_peak_temperature PASSED [100%]

======================= 85 passed in 587.30s (0:09:47) ========================
RC=0
