夹具现取：domain=[3000.0, 2500.0, 1000.0]µm P=285.0W v=960.0mm/s hatch=110.0µm r_b=42.500µm（D4σ=85.0µm）α 两档=0.54/0.39 T0=20.0°C
材料卡现取：T_solidus=1563.0K T_liquidus=1623.0K T_ambient=300.0K absorptivity=0.39 rho/cp/k=8440.0/567.0/19.4
本轮选用（跑前定死）：stage=smoke strategy=C tracks=[1] α=0.54（J2）dx=42.5µm arms=['norm']（J11）主阈值=T_solidus（J3）主时刻=末道窗内帧最大值（J4）主判据臂=norm
N3⑤ 预算闸：放行 — stage=smoke 不需全量预算闸
轨迹表 scanStrategyConverging.csv：列=['x (µm)', 'y (µm)', 'laser power (W)', 'time (seconds)'] 行数=2980 开光段=18（夹具 tracks=18）
读数核合成控件（证明读数本身能失败，preflight 也跑）：
  [PASS] C1 cut 读数命中绝对期望（宽=2H、积=2H×带长） — 读得宽=180.000000µm vs 期望 180.000µm；积=72675.000 vs 期望 72675.000 µm²（带内 19 行，斜率 5.0K/µm）
  [PASS] C2 布尔版与 cut 版之差 ≤ dx（N3③ 口径移动的上界） — cut−布尔=10.000µm，dx=21.250µm
  [PASS] C3 窗过窄必须报红（控件的控件） — ±0.5r_b 窗：ok=False touched=None why=±0.5r_b 窗内只有 2 列（窗比光斑还窄）
  [PASS] C4 exclude 必须真的减少有熔行数（R2 语义可失败） — R2 有熔行=10 vs R1=19（掩膜覆盖 9 行）
[smoke/norm] C N=1 dx=42.500µm α=0.54 nvox=108000 n_steps=49 voxel_steps=5.292e+06 path=1.201mm 折点=126 帧=9
  [PASS] G1 截断后开光段数 == N — 实得 1（全表 18 段），截断行=126
  [PASS] G2 折点功率列只取 0 或名义功率 — 唯一值=[285.0]；弧长 256 步门控均值=1.0000（关束占空比=0.0000）
  [PASS] G3 每道开光段弧长/CSV 时间在名义速度 ±3% 内 — 1 段速度 min=960.7 max=960.7 mm/s，最大偏离 0.07%（名义 960；坐标是整数 µm ⇒ 偏离含量化噪声）
  [PASS] G4a 截获份额命中独立解析期望（两个点阵相位各一次） — 顶面 实测=0.722155 vs 解析=0.722155（差 1.33e-15）；下移 3r_b 实测=0.999981 vs 解析=0.999981（差 7.77e-16）；束面 z=-22.500µm 顶面节点 z=-22.500µm（设计面 z=0 ⇒ 束面比设计面低 22.500µm＝半个体素以内的相位差）
  [PASS] G4b 亏损**只**来自跨顶面的轴向半损失（深度对照 ≥0.99） — 下移 3r_b Σfrac=[0.999981,0.999981]，顶面=[0.722155,0.722155] ⇒ 顶面亏损 27.78% 且与面内贴边无关；norm 臂 heat_scale=1.384744 据此把 Σ注入补成 α·P（J11）
  [PASS] G4c 面内平移 +2mm 控件必须≈0（这条闸门本身可失败） — 控件 Σfrac=[0.000000,0.000000]（若探针漏掉实体掩膜，顶面会读成网格截断值≈0.80 而非 0.722 ⇒ G4a 报红）
  [PASS] G5 顶面可读：空节点只在设计域外的 ceil 圈上，且读数足迹满布 — shape=(72, 60, 25) 顶面 z=-22.500µm 顶面实体 4189/4320=0.9697（全体素体积占比另报 0.9309）；顶面空节点=131，其中落在 ceil 圈上=131（>0 才说明这条判据不是空集上的真），圈外游荡空节点=0；读数足迹 ±170.00µm×y∈[675.0,1872.0]µm 共 248 格，实体 248 格
  [SOFT] G6 每步激光移动 ≤ 0.5·r_b（时间采样充分） — 每步 24.51µm=0.577r_b；n_steps=49 曝光=1.251ms dt=25.9907µs（稳定限 74.2592µs，α₀=4.0539e-06m²/s）
  [PASS] G7 帧节律 ≤ 正文的 0.149ms 且未被缓存收紧（J4） — 请求帧数=9 stride=5 ⇒ 节律=127.6µs（上限 149µs）；缓存上限 12GB 折合 13888 帧
  [SOFT] J6 形态档 dx ≤ r_b/2 — dx=42.500µm vs r_b/2=21.250µm（不满足⇒只作接线烟测，不产出形态数字）
  [PASS] J11 本臂 heat_scale 有限且与 G4 份额同向 — heat_scale=1.384744（arm=norm；norm 臂＝1/G4 份额，raw 臂＝1.0 ⇒ 只投 72.2% 的 αP）
  [INFO] G3b 道间间隙（J10，只报不判）— N=1 无道间间隙 ⇒ 比值无定义
  解出：wall=7.81s 帧形=(10, 72, 60, 25) min(peak)=300.000K（夹具 IC=293.15K，材料卡 T_ambient=300.00K）
  [FAIL] G8a 夹具 IC 在焓模型里可表示（ic ≥ 材料卡 T_ambient） — ic=293.1500K vs T_amb=300.0000K ⇒ 缺口 +6.8500K；占「升到 T_sol 所需显焓」的 0.5424%（T_sol=1563.0K）⇒ 实际跑的初温被逆向映射顶成 T_amb，不是夹具声明的 T0
  [PASS] G8b 冷体素峰值＝可表示初温（IC 真进了场，未被顶替） — min(peak)=300.0000K vs max(ic,T_amb)=300.0000K（tol=0.1K；帧形=(10, 72, 60, 25)）
  READOUT_FAIL = IC 不可表示（G8a）或被顶替（G8b）⇒ 本条读数作废（不比对靶值）；这是**夹具保真**问题，不是求解崩溃
代价实测（可行性代价，非产品性能声明）：最大 N=1 墙钟 7.8s ⇒ 每道均摊 7.8s；18 道逐 N 之和 ≈ 1335s（预算 14400s）⇒ 在预算内
STAGE_DONE = smoke 道次=[1] 臂=['norm'] 硬闸全过=False 软闸=2条/道次（J6／G6 在 dx=r_b 按构造不过⇒只作 [SOFT] 报告，本档不产出形态数字）
