基线（未扰动副本）rc=0 且走到打印分支＝True（所有红的对照面）
解释器＝/tmp/amvenv/bin/python（GPU 正对照读的是自己的 cmdline）｜期望句节号 §26.30 现取自暂存日志最后一个标题
扰动条数＝41｜每条判据＝rc≠0 且**抛出的那一行**含指定闸门句 且 raise 行号落在该句源码位置（±3 行）
  C1 未暂存漂移检查把已暂存当成未暂存｜rc=1｜期望句「有未暂存漂移」命中｜句在源码 422 行／raise 在 421 行（同一条闸门）｜实抛＝AssertionError: 有未暂存漂移 ⇒ 本件取的行数不能代表待提交内容
  C2 无代码腿普查的作用域指到 docs（本轮真正动过的面）｜rc=1｜期望句「本轮声称无代码腿」命中｜句在源码 428 行／raise 在 428 行（同一条闸门）｜实抛＝AssertionError: 本轮声称无代码腿，但暂存 src/tests 0 条／工作树 65 条
  C3 一件落进两个桶（回执链桶吞掉表头控件面）｜rc=1｜期望句「落进 2 个桶」命中｜句在源码 0 处／raise 在 170 行（位置判定不适用，只按抛出行判红）｜实抛＝AssertionError: am_s27_hdr_controls.py 落进 2 个桶 ⇒ 角色口径不唯一，拒绝生成
  C4 桶普查静默截断（每桶最多记三件）｜rc=1｜期望句「≠ 新增总数」命中｜句在源码 172 行／raise 在 173 行（同一条闸门）｜实抛＝AssertionError: 桶和 17 ≠ 新增总数 58
  C5 shortstat 与 numstat 两出处（把插入／删除两列读反）｜rc=1｜期望句「≠ numstat 现算」命中｜句在源码 187 行／raise 在 187 行（同一条闸门）｜实抛＝AssertionError: shortstat (64, 3340, 24) ≠ numstat 现算 (64, 24, 3340) ⇒ 有一侧取数形状错（首版栽在单数『1
  C6 现算指纹取错列（md5sum 输出的第二列是文件名）｜rc=1｜期望句「指纹四路不闭合」命中｜句在源码 244 行／raise 在 243 行（同一条闸门）｜实抛＝AssertionError: 指纹四路不闭合：现算 ／回归起 2a49fedf28e08e8d5a68ae23124e391d／止 2a49fedf28e08e8d5a68a
  C7 上一片回执的形状变了 ⇒ 拒绝引用｜rc=1｜期望句「回执里取不到闭合式」命中｜句在源码 212 行／raise 在 212 行（同一条闸门）｜实抛＝AssertionError: 回执里取不到闭合式
  C8 pilot 面四类行数不同轨（G9 行只取第一条）｜rc=1｜期望句「pilot 面四类行数不等」命中｜句在源码 265 行／raise 在 264 行（同一条闸门）｜实抛＝AssertionError: pilot 面四类行数不等（道次 3／solidus 3／G9 1／判决 3）⇒ 取数口径变了，拒绝配对
  C9 靶偏差独立重算拿错量（用面积配宽度靶）｜rc=1｜期望句「宽偏差：面印」命中｜句在源码 288 行／raise 在 287 行（同一条闸门）｜实抛＝AssertionError: N=1 宽偏差：面印 13.8% vs 本件重算 98377.778% ⇒ 超出 0.1 位打印精度，不同源
  C10 待提交驱动里取不到 BARS（读错了面）｜rc=1｜期望句「里取不到 BARS 的宽／积判据」命中｜句在源码 465 行／raise 在 465 行（同一条闸门）｜实抛＝AssertionError: 待提交驱动 docs/evidence/2026-10-10/am_a3_driver.py 里取不到 BARS 的宽／积判据（J7 的机器口径
  C11 达标线两源互证失效（把驱动的宽／积 pass 线读成 fail 线）｜rc=1｜期望句「面里印的达标线」命中｜句在源码 469 行／raise 在 468 行（同一条闸门）｜实抛＝AssertionError: 面里印的达标线 (14.0,20.0,11.0,20.0) ≠ 驱动 BARS (('20.0', '14.0', '20.0', '11.0'
  C12 控件有一条红还被当正对照（只数 FAIL）｜rc=1｜期望句「有控件是红的」命中｜句在源码 499 行／raise 在 498 行（同一条闸门）｜实抛＝AssertionError: 控件共 4 条标签但 [PASS] 只有 0 条 ⇒ 有控件是红的，本轮不能引它当正对照
  C13 代价登记行唯一性（面里出现第二条同形行 ⇒ 引哪条没有依据）｜rc=1｜期望句「代价登记行在面里不止 1 条」命中｜句在源码 479 行／raise 在 480 行（同一条闸门）｜实抛＝AssertionError: 代价登记行在面里不止 1 条 ⇒ search 引的是哪一条没有依据
  C14 读数核控件标签集变了（把 G1 也算控件 ⇒ 「／4」那个分母不成立）｜rc=1｜期望句「读数核合成控件的标签集」命中｜句在源码 497 行／raise 在 496 行（同一条闸门）｜实抛＝AssertionError: 读数核合成控件的标签集＝['C1', 'C2', 'C3', 'C4', 'G1'] ⇒ 面里的控件不再是 C1–C4 这一组，「／4」那个分母
  C15 G9 前后互为确定性件（对照面其实来自另一条臂）｜rc=1｜期望句「形态整行不同」命中｜句在源码 521 行／raise 在 521 行（同一条闸门）｜实抛＝AssertionError: G9 改动**前后**形态整行不同 ⇒ 仪器改动扰动了数值，本轮的确定性论据不成立
  C16 两腿分工（缺省卡腿被读成 amb 腿 ⇒ READOUT_FAIL 没了）｜rc=1｜期望句「READOUT_FAIL 行数＝」命中｜句在源码 552 行／raise 在 551 行（同一条闸门）｜实抛＝AssertionError: READOUT_FAIL 行数＝0（缺省卡腿应 1 条、amb 腿应 0 条）⇒ G8 与形态出口的联动变了
  C17 布尔出口的字段表漏一项（与「每条 N 个字段」那句不符）｜rc=1｜期望句「布尔行的字段表与「每条 N 个字段」那句不符」命中｜句在源码 537 行／raise 在 537 行（同一条闸门）｜实抛＝AssertionError: 布尔行的字段表与「每条 N 个字段」那句不符 ⇒ solidus: 接线=True 宽有限=True 积有限=True 行数=29：缺 触；so
  C18 µm 普查算错了行集（整张面而不是那四条布尔行）｜rc=1｜期望句「处 `µm`」命中｜句在源码 539 行／raise 在 539 行（同一条闸门）｜实抛＝AssertionError: 布尔行里出现 26 处 `µm` ⇒ 「不产出形态数字」那句是假的
  C19 --amb-k 引的是另一条腿的数（缺省卡 300K）｜rc=1｜期望句「smoke ambk 腿面内 T_ambient」命中｜句在源码 542 行／raise 在 542 行（同一条闸门）｜实抛＝AssertionError: smoke ambk 腿面内 T_ambient=300.0 ≠ pilot 腿的 293.15 ⇒ 信息里「--amb-k」引的是另一条腿的数
  C20 两条 smoke 腿的软闸标签集其实取自不同面｜rc=1｜期望句「两条 smoke 腿的软闸标签集不同」命中｜句在源码 555 行／raise 在 555 行（同一条闸门）｜实抛＝AssertionError: 两条 smoke 腿的软闸标签集不同 ['G6', 'J6'] vs [] ⇒「各报」那句把两腿混成了一条
  C21 软闸标签集大小 ≠ 面里 [SOFT] 行数（正则只认 G 族）｜rc=1｜期望句「≠ [SOFT] 行」命中｜句在源码 558 行／raise 在 557 行（同一条闸门）｜实抛＝AssertionError: 软闸标签 1 个 ≠ [SOFT] 行 2／2 条 ⇒ 有行同名或有行没标签，「各报 N 条」没有分母
  C22 形态档标签不叫 J6（⇒「按 J6 结构性禁掉形态数字」失去出处）｜rc=1｜期望句「没有 J6」命中｜句在源码 562 行／raise 在 561 行（同一条闸门）｜实抛＝AssertionError: 面里的软闸标签集 ['G6', 'G7'] 没有 J6 ⇒「按 J6 结构性禁掉形态数字」那句没有出处
  C23 散差表行唯一性（宽度式子也匹配面积行 ⇒ 引用哪一条是运气）｜rc=1｜期望句「宽度散差行在暂存日志里不止 1 条」命中｜句在源码 588 行／raise 在 588 行（同一条闸门）｜实抛＝AssertionError: 宽度散差行在暂存日志里不止 1 条 ⇒ 引用哪一条没有依据
  C24 引用落到最后一节而不是表所在节（sec_of 的位置取错）｜rc=1｜期望句「散差表两行现落」命中｜句在源码 606 行／raise 在 605 行（同一条闸门）｜实抛＝AssertionError: 散差表两行现落 §26.30、其前子标记 c ⇒ 信息里那句「§26.11(c)」的出处变了
  C25 GPU 那句取第一次出现而不是最后一次（引成历史约束）｜rc=1｜期望句「而不是本轮 §26.30」命中｜句在源码 0 处／raise 在 613 行（位置判定不适用，只按抛出行判红）｜实抛＝AssertionError: 「继续，还是不动GPU」在暂存日志出现 3 次，最后一次落在 §26.27 而不是本轮 §26.30 ⇒ 信息不能把它当本轮登记的约束来引
  C26 台账「本轮未改」是假的（把它换成一张真的改过并暂存的面）｜rc=1｜期望句「的暂存 blob ≠ HEAD 版本」命中｜句在源码 657 行／raise 在 656 行（同一条闸门）｜实抛＝AssertionError: repo 台账 .workbuddy/memory/2026-10-10.md 的暂存 blob ≠ HEAD 版本 ⇒ 信息那句「本轮未改」是
  C27 日志那句自身算术（三个数各 +1）｜rc=1｜期望句「那句自身不算术闭合」命中｜句在源码 643 行／raise 在 643 行（同一条闸门）｜实抛＝AssertionError: 日志那句自身不算术闭合（58＋7≠64）
  C28 差额取错项（拿修改面数当未跟踪数）｜rc=1｜期望句「而本信息生成器桶只有」命中｜句在源码 649 行／raise 在 648 行（同一条闸门）｜实抛＝AssertionError: 暂存新增 58 与日志登记的未跟踪 57 差 52 件，而本信息生成器桶只有 1 件 ⇒ 中间还动过别的文件，那句『全部交分片 28』不再成立
  C29 本件自身不落进最后一桶 ⇒「差额恰好是本件那几张」是假的｜rc=1｜期望句「不落进最后一桶」命中｜句在源码 646 行／raise 在 645 行（同一条闸门）｜实抛＝AssertionError: 本件自身（am_s28_msg.py）不落进最后一桶「本信息生成器与干跑控件」⇒「差额恰好是本件那几张」这句是假的
  C30 尺子 md5 被改 ⇒ 全树现算出一份都不认（家族普查失效）｜rc=1｜期望句「没被自己的 glob 数到」命中｜句在源码 665 行／raise 在 665 行（同一条闸门）｜实抛＝AssertionError: 本片的尺子副本没被自己的 glob 数到
  C31 尺子 md5 两出处互证失效（回执声称的那串被改写）｜rc=1｜期望句「≠ 上一片回执声称的」命中｜句在源码 667 行／raise 在 666 行（同一条闸门）｜实抛＝AssertionError: 本轮尺子 md5 前 12＝0d20117bb82f ≠ 上一片回执声称的 0d20117bb820 ⇒ 尺子被改过，跨片比对失去意义
  C32 副本数两出处互证失效（回执多声称一份）｜rc=1｜期望句「本轮全树现算」命中｜句在源码 670 行／raise 在 669 行（同一条闸门）｜实抛＝AssertionError: 上一片回执声称 9 份逐字节副本，本轮全树现算 8 份 ⇒ 两者本应相同（本片的下一把要到推送后才抄），不等说明中间有人动过尺子家族
  C33 正对照个数与字母两出处（回执正文少认一条）｜rc=1｜期望句「有一侧的对照没被引到」命中｜句在源码 678 行／raise 在 677 行（同一条闸门）｜实抛＝AssertionError: 回执正文里的正对照 ['A', 'B', 'C'] ≠ 本件取数的 ['A', 'B', 'C', 'D'] ⇒ 有一侧的对照没被引到
  C34 GPU 匹配式的正对照指到不存在的解释器 ⇒ 那个 0 是假零｜rc=1｜期望句「GPU 匹配式的正对照没命中」命中｜句在源码 697 行／raise 在 697 行（同一条闸门）｜实抛＝AssertionError: GPU 匹配式的正对照没命中 ⇒ 下面的『我的 0』不可信
  C35 cmdline 分母起错（只数命中项就会等于 0）｜rc=1｜期望句「只读回」命中｜句在源码 694 行／raise 在 694 行（同一条闸门）｜实抛＝AssertionError: 卡上 3 个 compute 进程只读回 2 条 cmdline ⇒ 那个『我的 0』没数完
  C36 V 的字典字面量出现重复键（Python 静默 last-wins）｜rc=1｜期望句「V 里有重复字面键」命中｜句在源码 829 行／raise 在 829 行（同一条闸门）｜实抛＝AssertionError: V 里有重复字面键（dict 字面量静默 last-wins）：SLICE
  C37 V 的字面里出现非字符串常量键（解包）｜rc=1｜期望句「V 的字面里有非字符串常量键」命中｜句在源码 825 行／raise 在 824 行（同一条闸门）｜实抛＝AssertionError: V 的字面里有非字符串常量键（解包 **）⇒ 键表门只认字面字符串键
  C38 键从字面量之外塞进来（字面键表 ≠ 实得键集合）｜rc=1｜期望句「≠ 实得键」命中｜句在源码 830 行／raise 在 831 行（同一条闸门）｜实抛＝AssertionError: V 的字面键 241 个 ≠ 实得键 242 个 ⇒ 有键在字面量之外被改写／补上
  C39 模板里有没取值的字段（占位符替换没走完）｜rc=1｜期望句「模板有未取值的字段」命中｜句在源码 361 行／raise 在 361 行（同一条闸门）｜实抛＝AssertionError: 模板有未取值的字段：['ZZ_NO_FIELD']
  C40 取值表里有模板没用到的读数（＝下一条等着的谎）｜rc=1｜期望句「取值表里有模板没用到的读数」命中｜句在源码 363 行／raise 在 363 行（同一条闸门）｜实抛＝AssertionError: 取值表里有模板没用到的读数（＝下一条等着的谎）：['ZZ_UNUSED']
  C41 锚点普查（本件自己的闸门）｜rc=3｜期望句「扰动锚点在源码里命中 0 处」命中｜本件自己的异常
本轮造不出红路的闸门＝3 条（逐条附原因，不算被验）：
  · 「未入库…」登记的最新一条落在哪一节：暂存日志里两条同句式登记（51＋6＝57、57＋6＝63）都在 §26.30 内，把最新一条换成最早一条不会跨节 ⇒ 这条闸门的红路要等有同类登记落在别的节才造得出；同一取数机制由 C24／C25 覆盖。
  · 我的解释器在 GPU 上留有进程（nv_mine 必须为空）：红路需要**我自己的进程占着卡**，与本轮「不动 GPU」直接冲突，不能为造红去起进程；它配套的正对照由 C34／C35 覆盖（假零检测）。
  · 日志登记的修改面数＝暂存实得：把日志里的数改到别处会先命中上一条算术闭合闸门（C27），单独的红路需要重写档案面。
CONTROL_VERDICT = ALL CONTROLS CAN GO RED
