① 本地 HEAD = cbd1a9aa4c556287b912a15884a8b3fbed6540da
① ls-remote refs/heads/main = cbd1a9aa4c556287b912a15884a8b3fbed6540da  -> MATCH
② truncated=False，tree 条目 832 = blob 764 + tree 68
② 本地 blob = 764，父提交 = 703
② 本片文件 67 个 = 新增 61 + 修改 6
② 闭合式 远端 764 == 父提交 703 + 新增 61 = 764 -> PASS
③ 路径差集：本地独有 0/764  远端独有 0/764
④ 全库共有 764 条 ⇒ blob SHA 不符 0/764
④ 本片 67 文件（A 61／M 6）单列复核 ⇒ 远端缺失 0/67，SHA 不符 0/67，MATCH 67/67
   MATCH  M  '.workbuddy/memory/2026-10-10.md'
   MATCH  A  'docs/evidence/2026-10-10/_raw_a3_pilot_amb_g9_norm_t123.err'
   MATCH  A  'docs/evidence/2026-10-10/_raw_a3_pilot_amb_g9_norm_t123.out'
   MATCH  A  'docs/evidence/2026-10-10/_raw_a3_pilot_amb_norm_t123.err'
   MATCH  A  'docs/evidence/2026-10-10/_raw_a3_pilot_amb_norm_t123.out'
   MATCH  A  'docs/evidence/2026-10-10/_raw_a3_pilot_amb_raw_N1.err'
   MATCH  A  'docs/evidence/2026-10-10/_raw_a3_pilot_amb_raw_N1.out'
   MATCH  A  'docs/evidence/2026-10-10/_raw_a3_preflight_regress.err'
   MATCH  A  'docs/evidence/2026-10-10/_raw_a3_preflight_regress.out'
   MATCH  A  'docs/evidence/2026-10-10/_raw_a3_preflight_regress_norm.out'
   MATCH  A  'docs/evidence/2026-10-10/_raw_a3_smoke_E_leg.err'
   MATCH  A  'docs/evidence/2026-10-10/_raw_a3_smoke_E_leg.out'
   MATCH  A  'docs/evidence/2026-10-10/_raw_a3_smoke_g8b_airshell_red.err'
   MATCH  A  'docs/evidence/2026-10-10/_raw_a3_smoke_g8b_airshell_red.out'
   MATCH  A  'docs/evidence/2026-10-10/_raw_a3_smoke_g8bfix_card300.err'
   MATCH  A  'docs/evidence/2026-10-10/_raw_a3_smoke_g8bfix_card300.out'
   MATCH  A  'docs/evidence/2026-10-10/_raw_a3_smoke_g8fix_ambk29315.err'
   MATCH  A  'docs/evidence/2026-10-10/_raw_a3_smoke_g8fix_ambk29315.out'
   MATCH  A  'docs/evidence/2026-10-10/_raw_a3_smoke_g8fix_card300.err'
   MATCH  A  'docs/evidence/2026-10-10/_raw_a3_smoke_g8fix_card300.out'
   MATCH  A  'docs/evidence/2026-10-10/_raw_a3_smoke_icprobe.err'
   MATCH  A  'docs/evidence/2026-10-10/_raw_a3_smoke_icprobe.out'
   MATCH  A  'docs/evidence/2026-10-10/_raw_a3_smoke_regress2_card300.err'
   MATCH  A  'docs/evidence/2026-10-10/_raw_a3_smoke_regress2_card300.out'
   MATCH  A  'docs/evidence/2026-10-10/_raw_a3_smoke_t0c_red_ctl.err'
   MATCH  A  'docs/evidence/2026-10-10/_raw_a3_smoke_t0c_red_ctl.out'
   MATCH  A  'docs/evidence/2026-10-10/_raw_a3ic_A.err'
   MATCH  A  'docs/evidence/2026-10-10/_raw_a3ic_A.out'
   MATCH  A  'docs/evidence/2026-10-10/_raw_a3ic_A_cmd.log'
   MATCH  A  'docs/evidence/2026-10-10/_raw_a3ic_B.err'
   MATCH  A  'docs/evidence/2026-10-10/_raw_a3ic_B.out'
   MATCH  A  'docs/evidence/2026-10-10/_raw_a3ic_B_cmd.log'
   MATCH  A  'docs/evidence/2026-10-10/_raw_a3ic_C.err'
   MATCH  A  'docs/evidence/2026-10-10/_raw_a3ic_C.out'
   MATCH  A  'docs/evidence/2026-10-10/_raw_a3ic_C_cmd.log'
   MATCH  A  'docs/evidence/2026-10-10/_raw_a3ic_D.err'
   MATCH  A  'docs/evidence/2026-10-10/_raw_a3ic_D.out'
   MATCH  A  'docs/evidence/2026-10-10/_raw_a3ic_D_cmd.log'
   MATCH  A  'docs/evidence/2026-10-10/_raw_a3ic_E.err'
   MATCH  A  'docs/evidence/2026-10-10/_raw_a3ic_E.out'
   MATCH  A  'docs/evidence/2026-10-10/_raw_a3ic_E_cmd.log'
   MATCH  A  'docs/evidence/2026-10-10/_raw_a3ic_F.err'
   MATCH  A  'docs/evidence/2026-10-10/_raw_a3ic_F.out'
   MATCH  A  'docs/evidence/2026-10-10/_raw_a3ic_F_cmd.log'
   MATCH  A  'docs/evidence/2026-10-10/_raw_s27_archive_check.err'
   MATCH  A  'docs/evidence/2026-10-10/_raw_s27_archive_check.out'
   MATCH  A  'docs/evidence/2026-10-10/_raw_s27_hdr_controls.err'
   MATCH  A  'docs/evidence/2026-10-10/_raw_s27_hdr_controls.out'
   MATCH  A  'docs/evidence/2026-10-10/_raw_s27_hdr_write.err'
   MATCH  A  'docs/evidence/2026-10-10/_raw_s27_hdr_write.out'
   MATCH  A  'docs/evidence/2026-10-10/_raw_s28_msg_controls.err'
   MATCH  A  'docs/evidence/2026-10-10/_raw_s28_msg_controls.out'
   MATCH  A  'docs/evidence/2026-10-10/_raw_verify27.err'
   MATCH  A  'docs/evidence/2026-10-10/_raw_verify27.out'
   MATCH  M  'docs/evidence/2026-10-10/am_a3_driver.py'
   MATCH  A  'docs/evidence/2026-10-10/am_a3_ic_clamp_probe.sh'
   MATCH  M  'docs/evidence/2026-10-10/am_a3_run.sh'
   MATCH  A  'docs/evidence/2026-10-10/am_s27_archive_check.py'
   MATCH  A  'docs/evidence/2026-10-10/am_s27_hdr.py'
   MATCH  A  'docs/evidence/2026-10-10/am_s27_hdr_controls.py'
   MATCH  A  'docs/evidence/2026-10-10/am_s28_msg.py'
   MATCH  A  'docs/evidence/2026-10-10/am_s28_msg_controls.py'
   MATCH  A  'docs/evidence/2026-10-10/am_s7_verify27.log'
   MATCH  A  'docs/evidence/2026-10-10/am_s7_verify27.py'
   MATCH  M  'docs/开发日志.md'
   MATCH  M  'docs/项目开发总览.md'
   MATCH  M  'docs/项目评估与下一步计划_2026-10-06.md'
⑤ 正对照 A（远端 .workbuddy/memory/2026-08-16.md 的 sha 首位改 f）⇒ 不符 1/764（必须 ≥1）
⑤ 正对照 B（远端删一条路径）⇒ 本地独有 1/764，远端独有 0/763
⑤ 正对照 C（闭合式右边 +1）⇒ 764 == 765 判 FAIL（须 FAIL）
⑤ 正对照 D（远端删本片一条路径）⇒ 本片缺失 1/67，SHA 不符 0/67（缺失数必须＝1，否则单列复核是空转）
LANDING_VERDICT = ALL CHECKS PASS
