① 本地 HEAD = 2cfc84ce4fcc25d1cc92126d06cf3762220b4bc6
① ls-remote refs/heads/main = 2cfc84ce4fcc25d1cc92126d06cf3762220b4bc6  -> MATCH
② truncated=False，tree 条目 771 = blob 703 + tree 68
② 本地 blob = 703，父提交 = 668
② 本片文件 40 个 = 新增 35 + 修改 5
② 闭合式 远端 703 == 父提交 668 + 新增 35 = 703 -> PASS
③ 路径差集：本地独有 0/703  远端独有 0/703
④ 全库共有 703 条 ⇒ blob SHA 不符 0/703
④ 本片 40 文件（A 35／M 5）单列复核 ⇒ 远端缺失 0/40，SHA 不符 0/40，MATCH 40/40
   MATCH  M  '.workbuddy/memory/2026-10-10.md'
   MATCH  M  '.workbuddy/memory/MEMORY.md'
   MATCH  A  'docs/evidence/2026-10-10/_raw_a3_hdr_audit.err'
   MATCH  A  'docs/evidence/2026-10-10/_raw_a3_hdr_audit.out'
   MATCH  A  'docs/evidence/2026-10-10/_raw_a3_hdr_audit_controls.err'
   MATCH  A  'docs/evidence/2026-10-10/_raw_a3_hdr_audit_controls.out'
   MATCH  A  'docs/evidence/2026-10-10/_raw_a3_preflight.err'
   MATCH  A  'docs/evidence/2026-10-10/_raw_a3_preflight.out'
   MATCH  A  'docs/evidence/2026-10-10/_raw_a3_preflight_controls.err'
   MATCH  A  'docs/evidence/2026-10-10/_raw_a3_preflight_controls.out'
   MATCH  A  'docs/evidence/2026-10-10/_raw_s26_hdr_controls.err'
   MATCH  A  'docs/evidence/2026-10-10/_raw_s26_hdr_controls.out'
   MATCH  A  'docs/evidence/2026-10-10/_raw_s27_docs.err'
   MATCH  A  'docs/evidence/2026-10-10/_raw_s27_docs.out'
   MATCH  A  'docs/evidence/2026-10-10/_raw_s27_docs_precheck.err'
   MATCH  A  'docs/evidence/2026-10-10/_raw_s27_docs_precheck.out'
   MATCH  A  'docs/evidence/2026-10-10/_raw_s27_msg_controls.err'
   MATCH  A  'docs/evidence/2026-10-10/_raw_s27_msg_controls.out'
   MATCH  A  'docs/evidence/2026-10-10/_raw_verify26.err'
   MATCH  A  'docs/evidence/2026-10-10/_raw_verify26.out'
   MATCH  A  'docs/evidence/2026-10-10/am_a3_driver.py'
   MATCH  A  'docs/evidence/2026-10-10/am_a3_hdr_audit.py'
   MATCH  A  'docs/evidence/2026-10-10/am_a3_hdr_audit_controls.py'
   MATCH  A  'docs/evidence/2026-10-10/am_a3_preflight.log'
   MATCH  A  'docs/evidence/2026-10-10/am_a3_preflight_controls.log'
   MATCH  A  'docs/evidence/2026-10-10/am_a3_preflight_controls.py'
   MATCH  A  'docs/evidence/2026-10-10/am_a3_preflight_controls_hdr.txt'
   MATCH  A  'docs/evidence/2026-10-10/am_a3_preflight_hdr.txt'
   MATCH  A  'docs/evidence/2026-10-10/am_a3_run.sh'
   MATCH  A  'docs/evidence/2026-10-10/am_s26_hdr.py'
   MATCH  A  'docs/evidence/2026-10-10/am_s26_hdr_controls.log'
   MATCH  A  'docs/evidence/2026-10-10/am_s26_hdr_controls.py'
   MATCH  A  'docs/evidence/2026-10-10/am_s27_docs.py'
   MATCH  A  'docs/evidence/2026-10-10/am_s27_msg.py'
   MATCH  A  'docs/evidence/2026-10-10/am_s27_msg_controls.py'
   MATCH  A  'docs/evidence/2026-10-10/am_s7_verify26.log'
   MATCH  A  'docs/evidence/2026-10-10/am_s7_verify26.py'
   MATCH  M  'docs/开发日志.md'
   MATCH  M  'docs/项目开发总览.md'
   MATCH  M  'docs/项目评估与下一步计划_2026-10-06.md'
⑤ 正对照 A（远端 .workbuddy/memory/2026-08-16.md 的 sha 首位改 f）⇒ 不符 1/703（必须 ≥1）
⑤ 正对照 B（远端删一条路径）⇒ 本地独有 1/703，远端独有 0/702
⑤ 正对照 C（闭合式右边 +1）⇒ 703 == 704 判 FAIL（须 FAIL）
⑤ 正对照 D（远端删本片一条路径）⇒ 本片缺失 1/40，SHA 不符 0/40（缺失数必须＝1，否则单列复核是空转）
LANDING_VERDICT = ALL CHECKS PASS
