基线（未扰动副本）rc=0 且走到打印分支＝True（所有红的对照面）
解释器＝/tmp/amvenv/bin/python（GPU 正对照读的是自己的 cmdline）｜被扰动的件＝am_s29_msg.py
扰动条数＝45｜每条判据＝rc≠0 且**抛出的那一行**含指定闸门句 且 raise 行号落在该句源码位置（±3 行）
  C1 未暂存漂移检查把已暂存当成未暂存｜rc=1｜期望句「还有未暂存的已跟踪改动」命中｜句在源码 282 行／raise 在 281 行（同一条闸门）｜实抛＝AssertionError: 还有未暂存的已跟踪改动 ⇒ 我核对的暂存 blob 不是最终要提交的那一份
  C2 无代码腿普查的作用域指到 docs（本轮真正动过的面）｜rc=1｜期望句「『纯归档腿』成了假话」命中｜句在源码 361 行／raise 在 361 行（同一条闸门）｜实抛＝AssertionError: src/tests 现数 24 条改动 ≠ 0 ⇒『纯归档腿』成了假话
  C3 一件落进两个桶（回执链桶吞掉表头控件面）｜rc=1｜期望句「角色口径不唯一，拒绝生成」命中｜句在源码 156 行／raise 在 156 行（同一条闸门）｜实抛＝AssertionError: am_s28_hdr_controls.py 落进 2 个桶 ⇒ 角色口径不唯一，拒绝生成
  C4 桶普查静默截断（每桶最多记三件）｜rc=1｜期望句「≠ 新增总数」命中｜句在源码 158 行／raise 在 159 行（同一条闸门）｜实抛＝AssertionError: 桶和 15 ≠ 新增总数 21
  C5 shortstat 与 numstat 两出处（把插入／删除两列读反）｜rc=1｜期望句「≠ numstat 现算」命中｜句在源码 174 行／raise 在 174 行（同一条闸门）｜实抛＝AssertionError: shortstat (26, 2642, 0) ≠ numstat 现算 (26, 0, 2642)
  C6 shortstat 的删除列整组没吃到（S7 首版栽过的单复数形状）｜rc=1｜期望句「≠ numstat 现算」命中｜句在源码 174 行／raise 在 174 行（同一条闸门）｜实抛＝AssertionError: shortstat (26, 2642) ≠ numstat 现算 (26, 2642, 0)
  C7 现算指纹取错列（md5sum 输出的第二列是文件名）｜rc=1｜期望句「指纹四路不齐」命中｜句在源码 385 行／raise 在 385 行（同一条闸门）｜实抛＝AssertionError: 指纹四路不齐：现树 ／回归 2a49fedf28e08e8d5a68ae23124e391d／回执 2a49fedf28e08e8d5a68ae
  C8 生成器的闭合式模式与上一片回执的实际形状不一致 ⇒ 拒绝引用｜rc=1｜期望句「模式取到 0 处」命中｜句在源码 0 处／raise 在 189 行（位置判定不适用，只按抛出行判红）｜实抛＝AssertionError: 回执里的闭合式：模式取到 0 处（须恰好 1）⇒ 出处不唯一或已腐烂，拒绝生成
  C9 闭合式右边的算术闭合失效（把声称值再 +1 也当成立）｜rc=1｜期望句「闭合式不成立」命中｜句在源码 196 行／raise 在 196 行（同一条闸门）｜实抛＝AssertionError: 闭合式不成立 764/703/61
  C10 落地判读行的期望写错（不再要求 ALL CHECKS PASS）｜rc=1｜期望句「回执判读行不是」命中｜句在源码 200 行／raise 在 200 行（同一条闸门）｜实抛＝AssertionError: 回执判读行不是 ALL CHECKS PASS：LANDING_VERDICT = ALL CHECKS PASS
  C11 回执正文的 truncated 声称读反｜rc=1｜期望句「回执正文被截断」命中｜句在源码 207 行／raise 在 207 行（同一条闸门）｜实抛＝AssertionError: truncated=False ⇒ 回执正文被截断，不许引用
  C12 tree 条目＝blob＋tree 改成差（等式形状失效）｜rc=1｜期望句「tree 条目 ≠ blob＋tree」命中｜句在源码 209 行／raise 在 209 行（同一条闸门）｜实抛＝AssertionError: tree 条目 ≠ blob＋tree
  C13 回执表头的 dirty 等式换成别的值｜rc=1｜期望句「dirty(src+tests)」命中｜句在源码 387 行／raise 在 387 行（同一条闸门）｜实抛＝AssertionError: 回执表头 dirty(src+tests)=0 ≠ 0
  C14 cmp 三件套的期望值写错（第三腿本该非 0）｜rc=1｜期望句「cmp 三件套复跑＝」命中｜句在源码 228 行／raise 在 228 行（同一条闸门）｜实抛＝AssertionError: cmp 三件套复跑＝[0, 1, 1]（须 [0,1,1]）
  C15 正文区逐字节比对少取一字节（偏移腿失效）｜rc=1｜期望句「回执正文区与原始 stdout 不逐字节相同」命中｜句在源码 229 行／raise 在 229 行（同一条闸门）｜实抛＝AssertionError: 回执正文区与原始 stdout 不逐字节相同（cmp 却过了？）
  C16 顶格字段数改从正文区取（切段方向反了＝表头区一件没数）｜rc=1｜期望句「≠ FIELDS 声明」命中｜句在源码 373 行／raise 在 373 行（同一条闸门）｜实抛＝AssertionError: 顶格字段 0 ≠ FIELDS 声明 16
  C17 FIELDS 的分母取不到（在生成器里找不到那条赋值）｜rc=1｜期望句「里取不到 FIELDS 赋值」命中｜句在源码 183 行／raise 在 183 行（同一条闸门）｜实抛＝AssertionError: 在 docs/evidence/2026-10-10/am_s28_hdr.py 里取不到 FIELDS 赋值 ⇒ 顶格字段的分母不是现取的
  C18 尺子 md5 被改 ⇒ 与回执表头两出处互证失效｜rc=1｜期望句「≠ 回执表头声称」命中｜句在源码 375 行／raise 在 375 行（同一条闸门）｜实抛＝AssertionError: 尺子 md5 0d20117bb82f0 ≠ 回执表头声称 0d20117bb82f ⇒ 不是同一把
  C19 尺子普查 glob 指到不存在的目录（本件没被自己数到）｜rc=1｜期望句「计数漏了本体」命中｜句在源码 379 行／raise 在 379 行（同一条闸门）｜实抛＝AssertionError: 尺子不在自己的普查结果里 ⇒ 计数漏了本体
  C20 SRCFINGER 的键名集换了 ⇒ 起／止两路取不到｜rc=1｜期望句「SRCFINGER 起≠止」命中｜句在源码 299 行／raise 在 299 行（同一条闸门）｜实抛＝AssertionError: SRCFINGER 起≠止
  C21 两条登记红的 E 行条数期望改成 1｜rc=1｜期望句「条红的 E 行实取」命中｜句在源码 303 行／raise 在 303 行（同一条闸门）｜实抛＝AssertionError: 两条红的 E 行实取 2 条 ⇒ 判据形状已变
  C22 HEAD 片号取数的形状放宽到「分片 (N)」⇒ 同一行两处命中｜rc=1｜期望句「模式取到 2 处」命中｜句在源码 0 处／raise 在 48 行（位置判定不适用，只按抛出行判红）｜实抛＝AssertionError: HEAD 提交说明里的片号：模式取到 2 处（须恰好 1）⇒ 出处不唯一或已腐烂，拒绝生成
  C23 最新回执号角本取成最小号（片号口径失效）｜rc=1｜期望句「最新回执号角本」命中｜句在源码 75 行／raise 在 75 行（同一条闸门）｜实抛＝AssertionError: 最新回执号角本 28 ≠ HEAD 片号 28 ⇒ 有一片没落或片号口径变了
  C24 本轮回执缺席的检查被反写｜rc=1｜期望句「已经存在」命中｜句在源码 77 行／raise 在 77 行（同一条闸门）｜实抛＝AssertionError: 本轮回执 29 已经存在 ⇒ 提交说明不能声称它将由本片入库
  C25 节号推进的等式被写成「同一节」（形制约束＝另起一节这件事失去检查）｜rc=1｜期望句「形制约束没落实」命中｜句在源码 248 行／raise 在 248 行（同一条闸门）｜实抛＝AssertionError: 暂存 blob 的最后一节 §26.31 ≠ 上一节 §26.30＋1 ⇒ 形制约束没落实
  C26 切段边界一律取到节尾（每条子条吞掉后面的子条＝歧义）｜rc=1｜期望句「表头生成器会当场红」命中｜句在源码 258 行／raise 在 258 行（同一条闸门）｜实抛＝AssertionError: §26.31 里引用上一片回执名的顶级子条有 2 条（须 1）⇒ 表头生成器会当场红
  C27 唯一性 needle 换成节内出现两次的串（计数 2 必须被拦，且键要同批改否则先撞 KeyError）｜rc=1｜期望句「节内唯一性破了」命中｜句在源码 260 行／raise 在 260 行（同一条闸门）｜实抛＝AssertionError: 节内唯一性破了：{'am_s7_verify28.log': 1, '当前「': 1, '分片 28': 2}
  C28 上一节引用数取成「全部顶级子条」（与自查件两出处失效）｜rc=1｜期望句「≠ 归档自查件」命中｜句在源码 267 行／raise 在 267 行（同一条闸门）｜实抛＝AssertionError: 上一节引用数：本件现算 18 ≠ 归档自查件 2 ⇒ 切段口径变了
  C29 自查件的档案读数指到表头控件面（取数面错了）｜rc=1｜期望句「模式取到 0 处」命中｜句在源码 0 处／raise 在 48 行（位置判定不适用，只按抛出行判红）｜实抛＝AssertionError: 自查件登记的上一节引用数：模式取到 0 处（须恰好 1）⇒ 出处不唯一或已腐烂，拒绝生成
  C30 局部仪器的锚点句期望写错（把它的红当成没红）｜rc=1｜期望句「抛出的那一行不是锚点闸门」命中｜句在源码 331 行／raise 在 331 行（同一条闸门）｜实抛＝AssertionError: 抛出的那一行不是锚点闸门：AssertionError: 下一片要用的锚点被本轮碰坏：['⚠ 那句形制登记命中子条 []（须恰好 1 条）']
  C31 局部仪器的 stdout 断言改成读另一条流（红件的 stderr 被当成越界输出）｜rc=1｜期望句「局部仪器复跑竟有 stdout」命中｜句在源码 329 行／raise 在 329 行（同一条闸门）｜实抛＝AssertionError: 局部仪器复跑竟有 stdout（0 B）⇒ 归档件里那份不是同一条运行
  C32 GPU 匹配式的正对照指到不存在的解释器 ⇒ 那个 0 是假零｜rc=1｜期望句「GPU 匹配式的正对照没命中」命中｜句在源码 347 行／raise 在 347 行（同一条闸门）｜实抛＝AssertionError: GPU 匹配式的正对照没命中 ⇒ 那个 0 是空转
  C33 GPU 的「我的进程」读了自己的 cmdline（分母与分子错位）｜rc=1｜期望句「我的解释器在卡上留有进程」命中｜句在源码 348 行／raise 在 348 行（同一条闸门）｜实抛＝AssertionError: 我的解释器在卡上留有进程 ['/tmp/amvenv/bin/python\x00/home/shy/桌面/2026年开发-显式冲击有限元-物质
  C34 V 的字典字面量出现重复键（Python 静默 last-wins）｜rc=1｜期望句「V 里有重复字面键」命中｜句在源码 474 行／raise 在 474 行（同一条闸门）｜实抛＝AssertionError: V 里有重复字面键（后值静默覆盖前值）：['SLICE']
  C35 V 的字面里出现非字符串常量键（** 解包）｜rc=1｜期望句「非字符串常量键」命中｜句在源码 472 行／raise 在 472 行（同一条闸门）｜实抛＝AssertionError: V 的字面里有非字符串常量键／**解包（Python 静默 last-wins）1 处 ⇒ 键表不可审
  C36 键从字面量之外塞进来（字面键表 ≠ 实得键集合）｜rc=1｜期望句「字面键表 ≠ 实得键集合」命中｜句在源码 475 行／raise 在 476 行（同一条闸门）｜实抛＝AssertionError: 字面键表 ≠ 实得键集合（有键从字面量之外塞进来或漏了）：['ZZ_NOT_LITERAL']
  C37 模板里有没取值的字段（占位符替换没走完）｜rc=1｜期望句「模板有未取值的字段」命中｜句在源码 479 行／raise 在 479 行（同一条闸门）｜实抛＝AssertionError: 模板有未取值的字段：['ZZ_NO_FIELD']
  C38 取值表里有模板没用到的读数（＝下一条等着的谎）｜rc=1｜期望句「取值表里有模板没用到的读数」命中｜句在源码 481 行／raise 在 481 行（同一条闸门）｜实抛＝AssertionError: 取值表里有模板没用到的读数（＝下一条等着的谎）：['ZZ_UNUSED']
  C39 现取 HEAD 的形状降级成短 sha（40 位口径失效）｜rc=1｜期望句「现取 HEAD 不是 40 位十六进制」命中｜句在源码 356 行／raise 在 356 行（同一条闸门）｜实抛＝AssertionError: 现取 HEAD 不是 40 位十六进制：'cbd1a9a' ⇒ 后面的等式没有可比的东西
  C40 本地 HEAD 与回执所验的树等式被反写｜rc=1｜期望句「本地 HEAD ≠ 回执所验的树」命中｜句在源码 365 行／raise 在 364 行（同一条闸门）｜实抛＝AssertionError: 本地 HEAD ≠ 回执所验的树 cbd1a9a ⇒ 提交说明引用的落地证明不属于当前 HEAD
  C41 五张归档面的清单少一张（修改面数与清单不再互证）｜rc=1｜期望句「修改面 ≠ 五张归档面」命中｜句在源码 280 行／raise 在 280 行（同一条闸门）｜实抛＝AssertionError: 修改面 ≠ 五张归档面：['.workbuddy/memory/2026-10-10.md', '.workbuddy/memory/MEMOR
  C42 numstat 增行与行数差的等式 +1（两出处互证失效）｜rc=1｜期望句「≠ 行数差」命中｜句在源码 290 行／raise 在 290 行（同一条闸门）｜实抛＝AssertionError: docs/开发日志.md：numstat 增 27 ≠ 行数差 27
  C43 「只允许净增」那条改成必须恰好删 1 行｜rc=1｜期望句「相对 HEAD 有」命中｜句在源码 291 行／raise 在 291 行（同一条闸门）｜实抛＝AssertionError: docs/开发日志.md：相对 HEAD 有 0 行删除 ⇒ 本轮只登记新段，不改写既有内容
  C44 桶形的片号插值被写死成上一轮的号（机械克隆把上一片的故事安在本片头上）｜rc=1｜期望句「角色口径不唯一，拒绝生成」命中｜句在源码 156 行／raise 在 156 行（同一条闸门）｜实抛＝AssertionError: _raw_verify28.err 落进 0 个桶 ⇒ 角色口径不唯一，拒绝生成
  C45 锚点普查（本件自己的闸门）｜rc=3｜期望句「扰动锚点在源码里命中 0 处」命中｜本件自己的异常
本轮造不出红路的闸门＝5 条（逐条附原因，不算被验）：
  · 角色桶非空（`角色桶 %s 里一件都没有`）：把任一桶形改窄会先命中「落进 0 个桶」，改成万能形会先命中「落进 2 个桶」⇒ 这条只能被上游两条拦住；它的价值是给下一轮「某角色整族改名」兜底（本轮 C44 造的就是那一条的红路）。
  · numstat 里有 `-` 行（二进制／rename）：红路需要往暂存集里放一张二进制面，与本轮「只归档文本面」直接冲突，不能为造红去改暂存集；两列求和的机制已由 C5／C42 覆盖。
  · 我的解释器在卡上留有进程（真实读数）：C33 是把**别的 cmdline** 冒充成我的来验闸门本身能红，不等于本轮真没占卡；真实读数是打印行「GPU 卡上进程数／我的进程数」两个数（跑时现取，口径与全量回归件相同）。
  · 回执表头 SRC 指纹与现算闭合到「打印精度」：把指纹改成 31 位会先命中 `SRCFINGER` 的形状断言（C20），单独造「只差一位」的红路需要改档案面，不在本轮动。
  · 顶格字段计数＝**只**依赖表头区这一段：本轮先试过把 `head_lines` 换成整份回执（表头＋正文），副本 rc=0 而不是红 ⇒ 那条扰动已从 CASES 删掉，只在这里留名：正文区里没有顶格的 `FIELDS` 标签行，两种切段同数，所以「切段口径」这一维只有**反过来切**（只取正文区，C16）才造得出红。教训＝一条扰动改了源码却没改行为＝空转，判据必须允许「红不了」这一结果被登记。
CONTROL_VERDICT = ALL CONTROLS CAN GO RED
