基线（未扰动副本）rc=0 且进预检分支＝True（所有红的对照面）
解释器＝/tmp/amvenv/bin/python｜期望句里的节号 §26.30 现取自暂存日志最后一个标题（句子里不含节号，见坑②）
扰动条数＝26｜每条判据＝rc≠0 且**抛出的那一行**含指定闸门句 且 raise 行号落在该句源码位置（±3 行）
  C1 回执链口径里删掉表头生成器（五件变四件）｜rc=1｜期望句「回执链在 HEAD 里只」命中｜句在源码 311 行／raise 在 311 行（同一条闸门）｜实抛＝AssertionError: 上一片回执链在 HEAD 里只 4/5 件 ⇒ 本片没按惯例替上一片入库
  C2 链计数归一化失效（int 与 regex 分组的字符串混比）｜rc=1｜期望句「回执链在 HEAD 里只」命中｜句在源码 311 行／raise 在 311 行（同一条闸门）｜实抛＝AssertionError: 上一片回执链在 HEAD 里只 0/5 件 ⇒ 本片没按惯例替上一片入库
  C3 尺子 glob 指到不存在的目录（本件没被自己数到）｜rc=1｜期望句「本件的尺子副本没被自己的」命中｜句在源码 169 行／raise 在 169 行（同一条闸门）｜实抛＝AssertionError: 本件的尺子副本没被自己的 glob 数到 ⇒ 计数口径失真
  C4 取子条的正则退回上一轮的字母形制（落在 §26.30 上数出 0 条＝整条取空）｜rc=1｜期望句「正文里取不到行首」命中｜句在源码 239 行／raise 在 239 行（同一条闸门）｜实抛＝AssertionError: §26.30 正文里取不到行首 `- **标签**` 子条 ⇒ 本轮日志形制又变了（口径要先于读数复查）
  C5 切段边界一律取到节尾（每条子条的段都吞掉后面的子条＝歧义）｜rc=1｜期望句「里匹配到」命中｜句在源码 252 行／raise 在 252 行（同一条闸门）｜实抛＝AssertionError: 上一片回执名 在 §26.30 里匹配到 16 条子条 ⇒ 引用出处不唯一，拒绝写死
  C6 上一片回执的引用查无（正则口径又变了）｜rc=1｜期望句「里匹配到」命中｜句在源码 252 行／raise 在 252 行（同一条闸门）｜实抛＝AssertionError: 上一片回执名 在 §26.30 里匹配到 0 条子条 ⇒ 引用出处不唯一，拒绝写死
  C7 上一片回执的引用歧义（空模式：每条子条必命中）｜rc=1｜期望句「里匹配到」命中｜句在源码 252 行／raise 在 252 行（同一条闸门）｜实抛＝AssertionError: 上一片回执名 在 §26.30 里匹配到 16 条子条 ⇒ 引用出处不唯一，拒绝写死
  C8 本轮新锚句在日志里查无（取空）｜rc=1｜期望句「里匹配到」命中｜句在源码 252 行／raise 在 252 行（同一条闸门）｜实抛＝AssertionError: 判据的可通过性这条本轮口径 在 §26.30 里匹配到 0 条子条 ⇒ 引用出处不唯一，拒绝写死
  C9 本轮新锚句歧义（空模式：每条子条必命中）｜rc=1｜期望句「里匹配到」命中｜句在源码 252 行／raise 在 252 行（同一条闸门）｜实抛＝AssertionError: 判据的可通过性这条本轮口径 在 §26.30 里匹配到 16 条子条 ⇒ 引用出处不唯一，拒绝写死
  C10 钉住口径的取句指到不存在的原文（空串 CVD 那句没了出处）｜rc=1｜期望句「这种钉住口径原文」命中｜句在源码 259 行／raise 在 259 行（同一条闸门）｜实抛＝AssertionError: §26.30 里取不到「当前「…」」这种钉住口径原文
  C11 档案里出现同名子条标签（新加的「标签互异」闸门）｜rc=1｜期望句「有同名子条标签」命中｜句在源码 240 行／raise 在 240 行（同一条闸门）｜实抛＝AssertionError: §26.30 里有同名子条标签 ⇒ 由标签切段会串行
  C12 复跑核验件的 rc 被读成 1（复跑与正文不同一次运行）｜rc=1｜期望句「复跑核验件 rc」命中｜句在源码 392 行／raise 在 392 行（同一条闸门）｜实抛＝AssertionError: 复跑核验件 rc/stderr 不齐 ⇒ 与正文不同一次运行，拒绝归档
  C13 复跑 stdout 与归档正文差一个字节（仪器不可复现）｜rc=1｜期望句「与归档正文不同」命中｜句在源码 65 行／raise 在 65 行（同一条闸门）｜实抛＝AssertionError: 复跑 stdout 与归档正文不同 ⇒ 仪器不可复现，本件的判读行不能代表那次运行
  C14 正文判读行被改坏（回执不该被当作全过归档）｜rc=1｜期望句「不该被当作回执归档」命中｜句在源码 391 行／raise 在 391 行（同一条闸门）｜实抛＝AssertionError: 正文里没有全过的判读行 ⇒ 本件不该被当作回执归档
  C15 入库清单两个出处互证失效（body 侧 +1）｜rc=1｜期望句「核验件印出的入库数」命中｜句在源码 206 行／raise 在 205 行（同一条闸门）｜实抛＝AssertionError: 核验件印出的入库数 61/6 ≠ 本地 git show 实得 61/6 ⇒ 有一侧的清单口径变了，拒绝归档
  C16 片号写死成上一片（与脚本文件名的互证失效＝机械克隆张冠李戴）｜rc=1｜期望句「本件所验尺子」命中｜句在源码 213 行／raise 在 212 行（同一条闸门）｜实抛＝AssertionError: HEAD 提交说明的片号 27 ≠ 本件所验尺子 docs/evidence/2026-10-10/am_s7_verify28.py ⇒ 上一
  C17 上一片回执取成隔片（连号闸门：有一片没落就该拒绝）｜rc=1｜期望句「不连号」命中｜句在源码 226 行／raise 在 225 行（同一条闸门）｜实抛＝AssertionError: 本片 28 与上一片回执 26 不连号 ⇒ 有一片没落，或片号口径变了
  C18 本片的链其实已在 HEAD（CMD 行那句「留给分片 29」成了假话）｜rc=1｜期望句「已在 HEAD」命中｜句在源码 315 行／raise 在 315 行（同一条闸门）｜实抛＝AssertionError: 本片回执链里有 1 件已在 HEAD ⇒ CMD 行那句「留给分片 29」成了假话
  C19 GPU 检测器把别的 PID 算成我的（只验这条闸门本身能红，不代表现读）｜rc=1｜期望句「冲突，拒绝归档」命中｜句在源码 393 行／raise 在 393 行（同一条闸门）｜实抛＝AssertionError: 我的解释器在 GPU 上留有进程 ['2812382', '2812383', '3010205'] ⇒ 与「不动 GPU」冲突，拒绝归档
  C20 解释器口径（CMD 行描述失真的守卫；正对照读的是自己的 cmdline）｜rc=1｜期望句「解释器不是」命中｜句在源码 436 行／raise 在 436 行（同一条闸门）｜实抛＝AssertionError: 解释器不是 /tmp/amvenv 而是 /tmp/amvenv/bin/python ⇒ CMD 行描述失真
  C21 跑生成器时没带空串 CVD（环境侧坏输入，与 ENV 行的声称不符）｜rc=1｜期望句「生成器自身未带空串」命中｜句在源码 437 行／raise 在 437 行（同一条闸门）｜实抛＝AssertionError: 生成器自身未带空串 CVD ⇒ 与 ENV 行的描述不符
  C22 模板里有没取值的字段（占位符替换没走完）｜rc=1｜期望句「模板有未取值的字段」命中｜句在源码 395 行／raise 在 395 行（同一条闸门）｜实抛＝AssertionError: 模板有未取值的字段：['ZZ_NO_FIELD']
  C23 有一个占位符的替换被跳过（表头残留 PLACEHOLDER）｜rc=1｜期望句「表头残留 PLACEHOLDER」命中｜句在源码 2 处／raise 在 414 行（位置判定不适用，只按抛出行判红）｜实抛＝AssertionError: 表头残留 PLACEHOLDER
  C24 BODY_OFFSET 取不到不动点（迭代轮数砍到 1 轮，走那条 SystemExit）｜rc=1｜期望句「未收敛 ⇒ 拒绝归档」命中｜句在源码 1 处／raise 在 None 行（位置判定不适用，只按抛出行判红）｜按 stderr 末行判（SystemExit 不带异常名前缀）｜实抛＝BODY_OFFSET 未收敛 ⇒ 拒绝归档
  C25 字段行粘连：TREE 字段被缩进两格（它就不再是字段行）｜rc=1｜期望句「缩进处出现」命中｜句在源码 429 行／raise 在 429 行（同一条闸门）｜实抛＝AssertionError: 缩进处出现「标签＋冒号」（漏了续行缩进？）：['  TREE    : head=cbd1a9aa4c556287b912a15884a8b3f
  C26 锚点普查（本件自己的闸门）｜rc=3｜期望句「扰动锚点在源码里命中 0 处」命中｜本件自己的异常
本轮造不出红路的闸门＝3 条（逐条附原因，不算被验）：
  · 全树 glob 口径（尺子份数 9 份 vs 本目录 3 份）：把 glob 的根从 REPO 换成 D（本目录口径）**不会**让任何断言红：SCRIPT_REL 就在本目录，自数闸门照样过，只是把「一把尺子量多片」印成 3 份＝**读数错而不是判读红**。所以这条口径靠的是表头**同印两个读数**（@@NRULE@@／@@NDIR@@）让人能查，它配套的断言红路由 C3 覆盖（glob 指错目录时本件被自己数不到）。
  · 写盘段的三件套（正文区逐字节复核／全角 at 号／cmp 两侧 +1 须红）＋预检模式下的 BODY_OFFSET 数值：本件的副本一律跑**预检分支**（不写盘 ⇒ 不会污染档案），所以那三条够不到；其中「两侧偏移各 +1 必须变红」已由真件写盘那一次实跑证过（_raw_s28_hdr_write.out 印 cmp rc＝0/1/1），另两条只有绿路。**顺带登记一个盲区**（坑⑥）：预检分支里 BODY_OFFSET 的数值没人查，所以偏移量错了在本件跑不到的那条路上是**静默**的——它只在写盘分支被两条断言查住。
  · 「我的解释器在 GPU 上留有进程」这条的真实现读数：C19 是把**别的 PID 冒充成我的**来验闸门本身能红，不等于本轮真的没占卡；真实读数是表头 GPU 行的 0/3（生成回执时现取，且 /proc/PID/cmdline 口径与全量回归件相同）。
CONTROL_VERDICT = ALL CONTROLS CAN GO RED
