材料卡覆写：注册名 IN625_amb293.15K＝基卡 IN625 只换 T_ambient 300.0000K→293.1500K（42 字段逐字段现比，改动集＝['T_ambient'] ⇒ 其余 41 个含 T_sol/T_liq/ρ/cp/k/L 全同）
夹具现取：domain=[3000.0, 2500.0, 1000.0]µm P=285.0W v=960.0mm/s hatch=110.0µm r_b=42.500µm（D4σ=85.0µm）α 两档=0.54/0.39 T0=20.0°C
材料卡现取：T_solidus=1563.0K T_liquidus=1623.0K T_ambient=293.15K absorptivity=0.39 rho/cp/k=8440.0/567.0/19.4
本轮选用（跑前定死）：stage=pilot strategy=C tracks=[1, 2, 3] α=0.54（J2）dx=21.25µm arms=['norm']（J11）主阈值=T_solidus（J3）主时刻=末道窗内帧最大值（J4）主判据臂=norm
N3⑤ 预算闸：放行 — stage=pilot 不需全量预算闸
轨迹表 scanStrategyConverging.csv：列=['x (µm)', 'y (µm)', 'laser power (W)', 'time (seconds)'] 行数=2980 开光段=18（夹具 tracks=18）
读数核合成控件（证明读数本身能失败，preflight 也跑）：
  [PASS] C1 cut 读数命中绝对期望（宽=2H、积=2H×带长） — 读得宽=180.000000µm vs 期望 180.000µm；积=72675.000 vs 期望 72675.000 µm²（带内 19 行，斜率 5.0K/µm）
  [PASS] C2 布尔版与 cut 版之差 ≤ dx（N3③ 口径移动的上界） — cut−布尔=10.000µm，dx=21.250µm
  [PASS] C3 窗过窄必须报红（控件的控件） — ±0.5r_b 窗：ok=False touched=None why=±0.5r_b 窗内只有 2 列（窗比光斑还窄）
  [PASS] C4 exclude 必须真的减少有熔行数（R2 语义可失败） — R2 有熔行=10 vs R1=19（掩膜覆盖 9 行）
[pilot/norm] C N=1 dx=21.250µm α=0.54 nvox=833833 n_steps=193 voxel_steps=1.609e+08 path=1.201mm 折点=126 帧=9
  [PASS] G1 截断后开光段数 == N — 实得 1（全表 18 段），截断行=126
  [PASS] G2 折点功率列只取 0 或名义功率 — 唯一值=[285.0]；弧长 256 步门控均值=1.0000（关束占空比=0.0000）
  [PASS] G3 每道开光段弧长/CSV 时间在名义速度 ±3% 内 — 1 段速度 min=960.7 max=960.7 mm/s，最大偏离 0.07%（名义 960；坐标是整数 µm ⇒ 偏离含量化噪声）
  [PASS] G4a 截获份额命中独立解析期望（两个点阵相位各一次） — 顶面 实测=0.615861 vs 解析=0.615861（差 1.40e-14）；下移 3r_b 实测=0.999936 vs 解析=0.999936（差 1.99e-14）；束面 z=-1.250µm 顶面节点 z=-1.250µm（设计面 z=0 ⇒ 束面比设计面低 1.250µm＝半个体素以内的相位差）
  [PASS] G4b 亏损**只**来自跨顶面的轴向半损失（深度对照 ≥0.99） — 下移 3r_b Σfrac=[0.999936,0.999936]，顶面=[0.615861,0.615861] ⇒ 顶面亏损 38.41% 且与面内贴边无关；norm 臂 heat_scale=1.623743 据此把 Σ注入补成 α·P（J11）
  [PASS] G4c 面内平移 +2mm 控件必须≈0（这条闸门本身可失败） — 控件 Σfrac=[0.000000,0.000000]（若探针漏掉实体掩膜，顶面会读成网格截断值≈0.80 而非 0.616 ⇒ G4a 报红）
  [PASS] G5 顶面可读：空节点只在设计域外的 ceil 圈上，且读数足迹满布 — shape=(143, 119, 49) 顶面 z=-1.250µm 顶面实体 16756/17017=0.9847（全体素体积占比另报 0.9646）；顶面空节点=261，其中落在 ceil 圈上=261（>0 才说明这条判据不是空集上的真），圈外游荡空节点=0；读数足迹 ±148.75µm×y∈[675.0,1872.0]µm 共 826 格，实体 826 格
  [PASS] G6 每步激光移动 ≤ 0.5·r_b（时间采样充分） — 每步 6.22µm=0.146r_b；n_steps=193 曝光=1.251ms dt=6.4977µs（稳定限 18.5648µs，α₀=4.0539e-06m²/s）
  [PASS] G7 帧节律 ≤ 正文的 0.149ms 且未被缓存收紧（J4） — 请求帧数=9 stride=21 ⇒ 节律=136.1µs（上限 149µs）；缓存上限 12GB 折合 1798 帧
  [PASS] J6 形态档 dx ≤ r_b/2 — dx=21.250µm vs r_b/2=21.250µm（不满足⇒只作接线烟测，不产出形态数字）
  [PASS] J11 本臂 heat_scale 有限且与 G4 份额同向 — heat_scale=1.623743（arm=norm；norm 臂＝1/G4 份额，raw 臂＝1.0 ⇒ 只投 61.6% 的 αP）
  [INFO] G3b 道间间隙（J10，只报不判）— N=1 无道间间隙 ⇒ 比值无定义
  解出：wall=34.56s 帧形=(10, 143, 119, 49) min(peak)=293.150K（夹具 IC=293.15K，材料卡 T_ambient=293.15K）
  [PASS] G8a 夹具 IC 在焓模型里可表示（ic ≥ 材料卡 T_ambient） — ic=293.1500K vs T_amb=293.1500K ⇒ 缺口 +0.0000K；占「升到 T_sol 所需显焓」的 0.0000%（T_sol=1563.0K）⇒ 初温可表示，跑的正是夹具声明的 T0
  [PASS] G8b 冷体素峰值＝可表示初温（IC 真进了场，未被顶替） — min(peak 实体)=293.1500K vs max(ic,T_amb)=293.1500K（全场 min(peak)=293.1500K，含气相壳⇒只报不判；tol=0.1K；帧形=(10, 143, 119, 49)）
  窗口：t0=0 stride=21 窗内帧=10 （R2 前一帧 k=0）顶层 iz=47 道心 x=2435.0µm y∈[675,1872]µm
    solidus: 宽=124.10µm (布尔 127.50，差 -3.40) 积=141808µm² (布尔 150370) 行数=57 有熔=57 触边=0 | 靶 width_um: 中位 144.0（n=6，极差 39.8%，135–192）⇒ 偏差 13.8%（≤14% 达标／>20% 未达），去离群版中位 144.0 ⇒ 偏差 13.8% | 靶 area_um2: 中位 95985.3（n=6，极差 69.9%，59797–126897）⇒ 偏差 47.7%（≤11% 达标／>20% 未达），去离群版中位 95985.3 ⇒ 偏差 47.7%
    solidus_R2: 宽=124.10µm (布尔 127.50，差 -3.40) 积=141808µm² (布尔 150370) 行数=57 有熔=57 触边=0
    liquidus: 宽=118.45µm (布尔 127.50，差 -9.05) 积=135122µm² (布尔 141791) 行数=57 有熔=57 触边=0
    liquidus_R2: 宽=118.45µm (布尔 127.50，差 -9.05) 积=135122µm² (布尔 141791) 行数=57 有熔=57 触边=0
  [PASS] G9 读数窗未被试片边界切割（触边行数==0） — max touched=0／窗口行数=57（四组读数 solidus／solidus_R2／liquidus／liquidus_R2 里取最大）⇒ 读数完整，可进趋势评分
  SOLVE_VERDICT = OK wall=34.56s arm=norm
[pilot/norm] C N=2 dx=21.250µm α=0.54 nvox=833833 n_steps=446 voxel_steps=3.719e+08 path=2.781mm 折点=301 帧=20
  [PASS] G1 截断后开光段数 == N — 实得 2（全表 18 段），截断行=301
  [PASS] G2 折点功率列只取 0 或名义功率 — 唯一值=[0.0, 285.0]；弧长 256 步门控均值=0.8622（关束占空比=0.1378）
  [PASS] G3 每道开光段弧长/CSV 时间在名义速度 ±3% 内 — 2 段速度 min=957.5 max=960.7 mm/s，最大偏离 0.26%（名义 960；坐标是整数 µm ⇒ 偏离含量化噪声）
  [PASS] G4a 截获份额命中独立解析期望（两个点阵相位各一次） — 顶面 实测=0.615861 vs 解析=0.615861（差 2.44e-14）；下移 3r_b 实测=0.999936 vs 解析=0.999936（差 3.69e-14）；束面 z=-1.250µm 顶面节点 z=-1.250µm（设计面 z=0 ⇒ 束面比设计面低 1.250µm＝半个体素以内的相位差）
  [PASS] G4b 亏损**只**来自跨顶面的轴向半损失（深度对照 ≥0.99） — 下移 3r_b Σfrac=[0.999936,0.999936]，顶面=[0.615861,0.615861] ⇒ 顶面亏损 38.41% 且与面内贴边无关；norm 臂 heat_scale=1.623743 据此把 Σ注入补成 α·P（J11）
  [PASS] G4c 面内平移 +2mm 控件必须≈0（这条闸门本身可失败） — 控件 Σfrac=[0.000000,0.000000]（若探针漏掉实体掩膜，顶面会读成网格截断值≈0.80 而非 0.616 ⇒ G4a 报红）
  [PASS] G5 顶面可读：空节点只在设计域外的 ceil 圈上，且读数足迹满布 — shape=(143, 119, 49) 顶面 z=-1.250µm 顶面实体 16756/17017=0.9847（全体素体积占比另报 0.9646）；顶面空节点=261，其中落在 ceil 圈上=261（>0 才说明这条判据不是空集上的真），圈外游荡空节点=0；读数足迹 ±148.75µm×y∈[658.0,1841.0]µm 共 812 格，实体 812 格
  [PASS] G6 每步激光移动 ≤ 0.5·r_b（时间采样充分） — 每步 6.24µm=0.147r_b；n_steps=446 曝光=2.897ms dt=6.4977µs（稳定限 18.5648µs，α₀=4.0539e-06m²/s）
  [PASS] G7 帧节律 ≤ 正文的 0.149ms 且未被缓存收紧（J4） — 请求帧数=20 stride=22 ⇒ 节律=142.9µs（上限 149µs）；缓存上限 12GB 折合 1798 帧
  [PASS] J6 形态档 dx ≤ r_b/2 — dx=21.250µm vs r_b/2=21.250µm（不满足⇒只作接线烟测，不产出形态数字）
  [PASS] J11 本臂 heat_scale 有限且与 G4 份额同向 — heat_scale=1.623743（arm=norm；norm 臂＝1/G4 份额，raw 臂＝1.0 ⇒ 只投 61.6% 的 αP）
  [INFO] G3b 道间间隙（J10，只报不判）— 跳段弧长=393.2µm ⇒ 模型间隙=0.410ms，CSV 间隙=0.510ms（1 个）⇒ 比值=0.803；<1＝冷却窗口偏短⇒后段道预热偏高
  解出：wall=72.87s 帧形=(21, 143, 119, 49) min(peak)=293.150K（夹具 IC=293.15K，材料卡 T_ambient=293.15K）
  [PASS] G8a 夹具 IC 在焓模型里可表示（ic ≥ 材料卡 T_ambient） — ic=293.1500K vs T_amb=293.1500K ⇒ 缺口 +0.0000K；占「升到 T_sol 所需显焓」的 0.0000%（T_sol=1563.0K）⇒ 初温可表示，跑的正是夹具声明的 T0
  [PASS] G8b 冷体素峰值＝可表示初温（IC 真进了场，未被顶替） — min(peak 实体)=293.1500K vs max(ic,T_amb)=293.1500K（全场 min(peak)=293.1500K，含气相壳⇒只报不判；tol=0.1K；帧形=(21, 143, 119, 49)）
  窗口：t0=254 stride=22 窗内帧=9 （R2 前一帧 k=11）顶层 iz=47 道心 x=2326.0µm y∈[658,1841]µm
    solidus: 宽=160.63µm (布尔 212.50，差 -51.87) 积=116532µm² (布尔 200494) 行数=56 有熔=56 触边=17 | 靶 width_um: 中位 178.7（n=6，极差 18.2%，163–195）⇒ 偏差 10.1%（≤14% 达标／>20% 未达），去离群版中位 178.7 ⇒ 偏差 10.1% | 靶 area_um2: 中位 125732.8（n=6，极差 61.6%，88350–165826）⇒ 偏差 7.3%（≤11% 达标／>20% 未达），去离群版中位 130995.0 ⇒ 偏差 11.0%
    solidus_R2: 宽=161.28µm (布尔 170.00，差 -8.72) 积=169643µm² (布尔 174303) 行数=56 有熔=56 触边=0
    liquidus: 宽=180.89µm (布尔 170.00，差 +10.89) 积=170198µm² (布尔 153080) 行数=56 有熔=55 触边=0
    liquidus_R2: 宽=166.90µm (布尔 148.75，差 +18.15) 积=167508µm² (布尔 148564) 行数=56 有熔=55 触边=0
  [FAIL] G9 读数窗未被试片边界切割（触边行数==0） — max touched=17／窗口行数=56（四组读数 solidus／solidus_R2／liquidus／liquidus_R2 里取最大）⇒ 熔池被试片边界截断 ⇒ 宽／积只是**下界**，本条不得进 18 道趋势评分；这是 #30「加大试片」裁决的直接证据
  SOLVE_VERDICT = READOUT_TOUCHED_EDGE wall=72.87s arm=norm
[pilot/norm] C N=3 dx=21.250µm α=0.54 nvox=833833 n_steps=699 voxel_steps=5.828e+08 path=4.359mm 折点=475 帧=31
  [PASS] G1 截断后开光段数 == N — 实得 3（全表 18 段），截断行=475
  [PASS] G2 折点功率列只取 0 或名义功率 — 唯一值=[0.0, 285.0]；弧长 256 步门控均值=0.8239（关束占空比=0.1761）
  [PASS] G3 每道开光段弧长/CSV 时间在名义速度 ±3% 内 — 3 段速度 min=957.2 max=960.7 mm/s，最大偏离 0.30%（名义 960；坐标是整数 µm ⇒ 偏离含量化噪声）
  [PASS] G4a 截获份额命中独立解析期望（两个点阵相位各一次） — 顶面 实测=0.615861 vs 解析=0.615861（差 1.37e-14）；下移 3r_b 实测=0.999936 vs 解析=0.999936（差 1.97e-14）；束面 z=-1.250µm 顶面节点 z=-1.250µm（设计面 z=0 ⇒ 束面比设计面低 1.250µm＝半个体素以内的相位差）
  [PASS] G4b 亏损**只**来自跨顶面的轴向半损失（深度对照 ≥0.99） — 下移 3r_b Σfrac=[0.999936,0.999936]，顶面=[0.615861,0.615861] ⇒ 顶面亏损 38.41% 且与面内贴边无关；norm 臂 heat_scale=1.623743 据此把 Σ注入补成 α·P（J11）
  [PASS] G4c 面内平移 +2mm 控件必须≈0（这条闸门本身可失败） — 控件 Σfrac=[0.000000,0.000000]（若探针漏掉实体掩膜，顶面会读成网格截断值≈0.80 而非 0.616 ⇒ G4a 报红）
  [PASS] G5 顶面可读：空节点只在设计域外的 ceil 圈上，且读数足迹满布 — shape=(143, 119, 49) 顶面 z=-1.250µm 顶面实体 16756/17017=0.9847（全体素体积占比另报 0.9646）；顶面空节点=261，其中落在 ceil 圈上=261（>0 才说明这条判据不是空集上的真），圈外游荡空节点=0；读数足迹 ±148.75µm×y∈[690.0,1863.0]µm 共 798 格，实体 798 格
  [PASS] G6 每步激光移动 ≤ 0.5·r_b（时间采样充分） — 每步 6.24µm=0.147r_b；n_steps=699 曝光=4.540ms dt=6.4977µs（稳定限 18.5648µs，α₀=4.0539e-06m²/s）
  [PASS] G7 帧节律 ≤ 正文的 0.149ms 且未被缓存收紧（J4） — 请求帧数=31 stride=22 ⇒ 节律=142.9µs（上限 149µs）；缓存上限 12GB 折合 1798 帧
  [PASS] J6 形态档 dx ≤ r_b/2 — dx=21.250µm vs r_b/2=21.250µm（不满足⇒只作接线烟测，不产出形态数字）
  [PASS] J11 本臂 heat_scale 有限且与 G4 份额同向 — heat_scale=1.623743（arm=norm；norm 臂＝1/G4 份额，raw 臂＝1.0 ⇒ 只投 61.6% 的 αP）
  [INFO] G3b 道间间隙（J10，只报不判）— 跳段弧长=793.3µm ⇒ 模型间隙=0.826ms，CSV 间隙=2.260ms（2 个）⇒ 比值=0.366；<1＝冷却窗口偏短⇒后段道预热偏高
  解出：wall=110.98s 帧形=(32, 143, 119, 49) min(peak)=293.150K（夹具 IC=293.15K，材料卡 T_ambient=293.15K）
  [PASS] G8a 夹具 IC 在焓模型里可表示（ic ≥ 材料卡 T_ambient） — ic=293.1500K vs T_amb=293.1500K ⇒ 缺口 +0.0000K；占「升到 T_sol 所需显焓」的 0.0000%（T_sol=1563.0K）⇒ 初温可表示，跑的正是夹具声明的 T0
  [PASS] G8b 冷体素峰值＝可表示初温（IC 真进了场，未被顶替） — min(peak 实体)=293.1500K vs max(ic,T_amb)=293.1500K（全场 min(peak)=293.1500K，含气相壳⇒只报不判；tol=0.1K；帧形=(32, 143, 119, 49)）
  窗口：t0=509 stride=22 窗内帧=8 （R2 前一帧 k=23）顶层 iz=47 道心 x=2216.0µm y∈[690,1863]µm
    solidus: 宽=156.89µm (布尔 212.50，差 -55.61) 积=55844µm² (布尔 205912) 行数=55 有熔=52 触边=33 | 靶 width_um: 中位 223.0（n=6，极差 12.6%，209–237）⇒ 偏差 29.6%（≤14% 达标／>20% 未达），去离群版中位 223.0 ⇒ 偏差 29.6% | 靶 area_um2: 中位 171683.2（n=6，极差 24.3%，150771–192505）⇒ 偏差 67.5%（≤11% 达标／>20% 未达），去离群版中位 171683.2 ⇒ 偏差 67.5%
    solidus_R2: 宽=178.30µm (布尔 170.00，差 +8.30) 积=164196µm² (布尔 161208) 行数=55 有熔=52 触边=0
    liquidus: 宽=190.19µm (布尔 191.25，差 -1.06) 积=146364µm² (布尔 154434) 行数=55 有熔=52 触边=6
    liquidus_R2: 宽=177.21µm (布尔 148.75，差 +28.46) 积=165847µm² (布尔 144048) 行数=55 有熔=52 触边=0
  [FAIL] G9 读数窗未被试片边界切割（触边行数==0） — max touched=33／窗口行数=55（四组读数 solidus／solidus_R2／liquidus／liquidus_R2 里取最大）⇒ 熔池被试片边界截断 ⇒ 宽／积只是**下界**，本条不得进 18 道趋势评分；这是 #30「加大试片」裁决的直接证据
  SOLVE_VERDICT = READOUT_TOUCHED_EDGE wall=110.98s arm=norm
代价实测（可行性代价，非产品性能声明）：最大 N=3 墙钟 111.0s ⇒ 每道均摊 37.0s；18 道逐 N 之和 ≈ 6326s（预算 14400s）⇒ 在预算内
趋势（norm 臂，宽度 µm）：[(1, 124.1), (2, 160.6), (3, 156.9)] 非降=False 末/首=1.26（J7：趋势才是主判据）
STAGE_DONE = pilot 道次=[1, 2, 3] 臂=['norm'] 硬闸全过=False
