CMD: CUDA_VISIBLE_DEVICES="" JAX_PLATFORMS=cpu PYTHONPATH=src:docs/evidence/2026-10-10 \
       timeout 590 /tmp/amvenv/bin/python docs/evidence/2026-10-10/am_a3_preflight_controls.py
     （stdout→/tmp/a3_ctrl_raw.out，stderr→/tmp/a3_ctrl_raw.err；正文区＝**cp -p 逐字节副本**
       docs/evidence/2026-10-10/_raw_a3_preflight_controls.out，md5 前 12＝67f4734baf15／
       2873 字节；stderr 留档 0 字节＝md5 d41d8cd98f00。mtime 11:15:31 由 cp -p 保留。）
TREE: head=0dfebc2 dirty=15 dirty(src+tests)=0
被测: docs/evidence/2026-10-10/am_a3_preflight_controls.py md5 前 12＝f570e43061ff
      ＋它 import 的 am_a3_driver.py md5 前 12＝76cbd6508eaf（与主面回执同一版器件）。
      本面**只 import、不复制判据**：G4a 用 expected_capture()、G5 用 toplane_readability()、
      探针用 deposited_fraction()——扰动靠这三个函数的**控件旋钮**（ring_shrink／x_center／
      masked／z_shift），不留第二份式子；不留副本这件事由「控件面里没有任何本地判据函数」
      这一构造事实保证，不靠措辞。
任务: #47 预检面的控件面。规则：这里每条 K 的 PASS ＝ **扰动被判据抓住**（判据报红）。
      所以本面绿才意味着主面（am_a3_preflight.log）的那 37 条绿不是装饰。
记分: 行首标签 PASS=10／FAIL=2（式子 grep -c '^  \[PASS\] ' 与 '^  \[FAIL\] ' 现取）。
      那 2 行 FAIL 是**标本区 X1/X2**（按定义必须红：旧 G4／旧 G5 原样送进同一套标签器），
      不计进 K；器件自己数出的 CONTROLS＝共 10 条，绿=10 红=0。
      计数陷阱登记：grep -c '\[FAIL\]'（不锚标签位）在本正文里数出 **4**，多出的 2 是
      含「[FAIL]」字样的说明行（标本区抬头＋SPECIMEN_RED 行）⇒ 本轮一律用行首锚定式，
      两式读数都印在此以免后人对不上。
本轮抓到的一次**控件自身**写错（已登记进 docstring 的 K5 条）：
      K5 第一版把扰动方向写成「把标称域**缩** 10%」——缩小域只会让合法圈更宽松，判据照样绿，
      于是 K5 空跑、并由 K7（控件的控件：扰动必须真的改变掩膜计数）如实报红
      （n_stray 0→0）。改成「把域**放大**到点阵不再过延伸（3300>3017.5µm）」后
      n_stray 0→261 且圈上 261→0 ⇒ K5/K7 同时转绿。⇒「一个 0 必须配一个能红的活体」这条
      本轮不是口号：它先抓到了我自己写的控件。
各控件读数（正文现取）：
      K0a/K0b 旧线判定值 False／False（份额 0.615861 vs 0.99；顶面实体 16756 vs 17017）。
      K1 期望式 σ_z 少 1.2 倍 ⇒ 差 2.230e-02；K2 束面 z 由 −1.250µm 改 0 ⇒ 差 1.331e-02；
      K2b 正确口径两处相位差 1.188e-14／2.065e-14（≤TOL=1e-04）；
      K3 网格和 0.811620＝实体内 0.615861＋空层 0.195760，闭合残差 1.11e-16；
      K4 探针上移 3r_b ⇒ 0.000596（下移同距是 0.999936）⇒ 深度对照确实量「埋没埋在材料里」；
      K5 域放大 ⇒ 游荡 261／圈上 0；K6 足迹中心推到 x=3000µm ⇒ 472 格里实体 413。
ENV:  同主面：CUDA_VISIBLE_DEVICES="" ＋ JAX_PLATFORMS=cpu ＋ x64 在 import amforge 前打开。
      本面同样**不解**（零次 JAX 求解、零条形态数字），只做判据敏感性。
控件面对象：dx=21.250µm n_steps=193 顶面节点 z=-1.250µm 束面 z=-1.250µm dp=51.000µm σ_in=30.052µm
实测探针：顶面=0.615861 下移3r_b=0.999936 面外=0.000000；解析：顶面=0.615861 深度=0.999936
G5 现量：顶面空节点=261（圈上 261／圈外 0）足迹 826 格全实体=True
  [PASS] K0a 旧 G4 线（份额≥0.99）现在报红 ⇒ 判据不是摆设，旧线确实过不了 — 旧线判 0.615861 ≥ 0.99 → False；它和同批登记的 J11（『norm 臂＝1/G4 份额，份额≈0.6』）逻辑上不可能同绿
  [PASS] K0b 旧 G5 线（顶面全实体）现在报红 ⇒ 红因＝ceil 过延伸圈而非缺陷 — 旧线判 16756 == 17017 → False；缺口 261 格，其中 261 格按定义在设计域之外（x>3000.0µm 或 y>2500.0µm）
  [PASS] K1 期望式里 dp→r_b（少 1.2 倍）必须把差推到容差 10 倍以上 — 错口径期望=0.638163，与实测差=2.230e-02（TOL=1e-04，要求 ≥1e-03）
  [PASS] K2 束面 z 由 top_z 改成设计面 0 必须把差推到容差 10 倍以上 — 该相位期望=0.602555，与实测量（束面=-1.250µm）差=1.331e-02；⇒ 顶面节点／设计面这 1.25µm 的相位差是**可分辨**的
  [PASS] K2b 反向确认：正确口径的两处相位确实命中（差 ≤TOL） — 顶面差=1.188e-14，深度差=2.065e-14
  [PASS] K3 三段可分配：网格和／空层／实体内 各自命中解析且求和闭合 — 网格和=0.811620（解析=0.811620，格顶面 z=20.000µm 的上表面）＝实体内 0.615861 ＋ 空层 0.195760；闭合残差=1.11e-16
  [PASS] K4 探针上移 3r_b（束斑离开实体）必须让 ≥0.99 报红 — 上移实测=[0.000596,0.000596] ⇒ 与下移 3r_b 的 0.999936 相差 0.999：对照确实量的是『是否埋在材料里』
  [PASS] K5 标称域放大到点阵不再过延伸 ⇒ 空节点失去归属，判据必须报红 — 游荡=261（原口径 0），圈上=0（原 261）；⇒ 『空节点必须在圈上』这半条确实在数东西
  [PASS] K6 足迹中心推到 x=域宽 ⇒ 足迹必须不满布（判据报红） — 足迹 472 格里实体 413（原口径 826/826）
  [PASS] K7 控件的控件：K5/K6 的扰动确实改变了掩膜计数（非空跑） — n_stray 0→261；足迹实体格 826→413
标本区（这两行**必须**印成 [FAIL]，用来证明标签器的红路是活的）：
  [FAIL] X1 旧 G4 线原样判定（份额≥0.99） — 实测份额=0.615861 ⇒ 旧线判 False 是**正确输出**
  [FAIL] X2 旧 G5 线原样判定（顶面全实体） — 顶面实体 16756/17017 ⇒ 旧线判 False 是**正确输出**
CONTROLS = 共 10 条，绿=10 红=0
SPECIMEN_RED = 标本区 2/2 行印成 [FAIL]（主面归档正文的 [FAIL] 计数见本轮两张回执表头，两处一并对）
LEGACY_RED = 旧 G4／旧 G5 两线均如实报红=True（红路活体证据 2/2）
