CMD: CUDA_VISIBLE_DEVICES="" JAX_PLATFORMS=cpu PYTHONPATH=src timeout 590 \
       /tmp/amvenv/bin/python docs/evidence/2026-10-10/am_a3_driver.py \
       --stage preflight --tracks 1,2,3 --arms norm
     （stdout→/tmp/a3_preflight_raw.out，stderr→/tmp/a3_preflight_raw.err；下面正文区＝该 stdout 的
       **cp -p 逐字节副本** docs/evidence/2026-10-10/_raw_a3_preflight.out，
       md5 前 12＝8b272dceabd4／9400 字节；stderr 留档 0 字节＝md5 d41d8cd98f00 ⇒ 没有一条
       警告被吞（JAX_PLATFORMS=cpu 的用意；若开 f32 会在这里出现 read_track_table 的截断警告）。
       mtime 11:12:21 由 cp -p 保留 ⇒ 那是运行时刻，不是复制时刻。）
TREE: head=0dfebc2 dirty=15 dirty(src+tests)=0
      被测器件 docs/evidence/2026-10-10/am_a3_driver.py md5 前 12＝76cbd6508eaf（mtime 11:08:07，
      早于上面 11:12:21 的运行 ⇒ 归档正文确实出自这一版器件）。
      dirty=15 全部是 docs/evidence/2026-10-10/ 下的未入库证据件；生产树（src/ 与 tests/）实测
      0 件改动 ⇒ 本轮**没有**碰求解器，只写驱动器与回执。
DATE: 2026-10-10 11:17:12 +0800（归档组装时刻；正文运行时刻以 mtime 11:12:21 为准）
ENV:  CUDA_VISIBLE_DEVICES=""（空串＝CPU 钉住）＋ JAX_PLATFORMS=cpu；口径出处＝用户本轮指令
      「继续，还是不动GPU」。驱动器内 jax.config.update("jax_enable_x64", True) 在 import
      amforge **之前**执行（否则 read_track_table 静默降 f32；那条实测警告登记在本轮日志
      §26.29，属 #41 家族的精度陷阱）。
任务: #47＝#10/A3 腿①「只预检不解」。本面**没有解一次**：正文里 SOLVE_VERDICT=0 行、
      READOUT=0 行、width_um=0 行、含「靶」的比对行=0 行（四条都由 grep -c 现取，见下面记分）。
      代价数字 voxel_steps 是**可行性登记**，不是性能声明（性能一律 RTX A6000，本轮 GPU parked）。
记分: 正文行首标签 PASS=37／FAIL=0（式子 grep -c '^  \[PASS\] '，**按标签位置锚定**）。
      37 ＝ 4（读数核合成控件 C1–C4，preflight 也跑）＋ 3 个道次 × 11 条闸门
      （G1 G2 G3 G4a G4b G4c G5 G6 G7 J6 J11）＝ 4 + 33。
      那个 FAIL=0 的红路活体在**控件面**：同一条标签式子在那里印出 2 行真 [FAIL]
      （标本区 X1/X2），回执＝docs/evidence/2026-10-10/am_a3_preflight_controls.log。
本轮两条证伪（登记为器件 docstring 的 J12，改动都**加强**了判据）：
  ① 旧 G4「沉能份额 ≥0.99」与同批登记的 J11 互相矛盾（J11 事先就说这一档只有约 0.6 且正因
     如此才立 norm 臂）⇒ 拆成 G4a/G4b/G4c。实测顶面份额＝0.615861，与本件新写的闭式解
     expected_capture() 之差：顶面 1.19e-14、下移 3r_b 2.07e-14（由控件面 K2b 印出，
     主面正文里也各印一次）。⇒ 「38.41% 的亏损」不是离散误差而是**跨顶面的轴向半损失**，
     且**逐笔可分配**（控件面 K3：网格和 0.811620 ＝ 实体内 0.615861 ＋ 空层 0.195760，
     闭合残差 1.11e-16）。norm 臂 heat_scale=1.623743 据此把 Σ注入补成 α·P。
  ② 旧 G5「顶层满布」（顶面 nx·ny 全实体）**任何正确实现都过不了**：_grid_axes 按
     ceil((hi−lo)/dx) 铺点，域 3000×2500µm 不是 dx=21.25µm 的整数倍 ⇒ +x/+y 侧各多一圈
     设计域外的节点，实测顶面空节点＝261 格，全部落在这一圈上。判据改为它本来该问的：
     空节点**只在**圈上（并断言圈上确实有空节点，防空集真）＋ **读数足迹**满布
     （N=1/2/3 分别 826/812/798 格，实体格数＝全部）。
关键现量（都由正文现取，非手抄）：dx=21.250µm 网格 (143,119,49) nvox=833833；
      n_steps=193/446/699；voxel_steps=1.609e8/3.719e8/5.828e8；帧节律 136.1/142.9/142.9µs
      ≤ 正文的 149µs（未被缓存收紧，缓存上限折 1798 帧）；每步移动 0.146–0.147 r_b ≤ 0.5；
      束面 z=−1.250µm（＝顶面节点中心，比设计面 z=0 低 1.250µm ⇒ J11 的相位差，控件面 K2
      证明这 1.25µm **可分辨**：写错就差 1.331e-02）。
J10 实测（只报不判）：道间冷却窗口被弧长↔速度口径压缩 ⇒ 比值 N=2 处 0.803、N=3 处 0.366，
      方向＝后段道预热偏高。预注册的修法（把跳段弧线拉长到真实间隙时长）**未**启用，需另轮。
放行: 本面全闸过=True ⇒ 允许进 --stage smoke（dx=r_b，只验接线，按 J6 **不产出**形态数字），
      再以 pilot（N=1,2,3，--arms both）取实测墙钟；--stage full 必须带 --measured-per-track
      且 ΣN=1..18 与 BUDGET_S=14400s 相比（N3⑤，budget_gate 已实测拒绝无登记外推）。
夹具现取：domain=[3000.0, 2500.0, 1000.0]µm P=285.0W v=960.0mm/s hatch=110.0µm r_b=42.500µm（D4σ=85.0µm）α 两档=0.54/0.39 T0=20.0°C
材料卡现取：T_solidus=1563.0K T_liquidus=1623.0K T_ambient=300.0K absorptivity=0.39 rho/cp/k=8440.0/567.0/19.4
本轮选用（跑前定死）：stage=preflight strategy=C tracks=[1, 2, 3] α=0.54（J2）dx=21.25µm arms=['norm']（J11）主阈值=T_solidus（J3）主时刻=末道窗内帧最大值（J4）主判据臂=norm
N3⑤ 预算闸：放行 — stage=preflight 不需全量预算闸
轨迹表 scanStrategyConverging.csv：列=['x (µm)', 'y (µm)', 'laser power (W)', 'time (seconds)'] 行数=2980 开光段=18（夹具 tracks=18）
读数核合成控件（证明读数本身能失败，preflight 也跑）：
  [PASS] C1 cut 读数命中绝对期望（宽=2H、积=2H×带长） — 读得宽=180.000000µm vs 期望 180.000µm；积=72675.000 vs 期望 72675.000 µm²（带内 19 行，斜率 5.0K/µm）
  [PASS] C2 布尔版与 cut 版之差 ≤ dx（N3③ 口径移动的上界） — cut−布尔=10.000µm，dx=21.250µm
  [PASS] C3 窗过窄必须报红（控件的控件） — ±0.5r_b 窗：ok=False touched=None why=±0.5r_b 窗内只有 2 列（窗比光斑还窄）
  [PASS] C4 exclude 必须真的减少有熔行数（R2 语义可失败） — R2 有熔行=10 vs R1=19（掩膜覆盖 9 行）
[preflight/norm] C N=1 dx=21.250µm α=0.54 nvox=833833 n_steps=193 voxel_steps=1.609e+08 path=1.201mm 折点=126 帧=9
  [PASS] G1 截断后开光段数 == N — 实得 1（全表 18 段），截断行=126
  [PASS] G2 折点功率列只取 0 或名义功率 — 唯一值=[285.0]；弧长 256 步门控均值=1.0000（关束占空比=0.0000）
  [PASS] G3 每道开光段弧长/CSV 时间在名义速度 ±3% 内 — 1 段速度 min=960.7 max=960.7 mm/s，最大偏离 0.07%（名义 960；坐标是整数 µm ⇒ 偏离含量化噪声）
  [PASS] G4a 截获份额命中独立解析期望（两个点阵相位各一次） — 顶面 实测=0.615861 vs 解析=0.615861（差 1.40e-14）；下移 3r_b 实测=0.999936 vs 解析=0.999936（差 1.99e-14）；束面 z=-1.250µm 顶面节点 z=-1.250µm（设计面 z=0 ⇒ 束面比设计面低 1.250µm＝半个体素以内的相位差）
  [PASS] G4b 亏损**只**来自跨顶面的轴向半损失（深度对照 ≥0.99） — 下移 3r_b Σfrac=[0.999936,0.999936]，顶面=[0.615861,0.615861] ⇒ 顶面亏损 38.41% 且与面内贴边无关；norm 臂 heat_scale=1.623743 据此把 Σ注入补成 α·P（J11）
  [PASS] G4c 面内平移 +2mm 控件必须≈0（这条闸门本身可失败） — 控件 Σfrac=[0.000000,0.000000]（若探针漏掉实体掩膜，顶面会读成网格截断值≈0.80 而非 0.616 ⇒ G4a 报红）
  [PASS] G5 顶面可读：空节点只在设计域外的 ceil 圈上，且读数足迹满布 — shape=(143, 119, 49) 顶面 z=-1.250µm 顶面实体 16756/17017=0.9847（全体素体积占比另报 0.9646）；顶面空节点=261，其中落在 ceil 圈上=261（>0 才说明这条判据不是空集上的真），圈外游荡空节点=0；读数足迹 ±148.75µm×y∈[675.0,1872.0]µm 共 826 格，实体 826 格
  [PASS] G6 每步激光移动 ≤ 0.5·r_b（时间采样充分） — 每步 6.22µm=0.146r_b；n_steps=193 曝光=1.251ms dt=6.4977µs（稳定限 18.5648µs，α₀=4.0539e-06m²/s）
  [PASS] G7 帧节律 ≤ 正文的 0.149ms 且未被缓存收紧（J4） — 请求帧数=9 stride=21 ⇒ 节律=136.1µs（上限 149µs）；缓存上限 12GB 折合 1798 帧
  [PASS] J6 形态档 dx ≤ r_b/2 — dx=21.250µm vs r_b/2=21.250µm（不满足⇒只作接线烟测，不产出形态数字）
  [PASS] J11 本臂 heat_scale 有限且与 G4 份额同向 — heat_scale=1.623743（arm=norm；norm 臂＝1/G4 份额，raw 臂＝1.0 ⇒ 只投 61.6% 的 αP）
  [INFO] G3b 道间间隙（J10，只报不判）— N=1 无道间间隙 ⇒ 比值无定义
[preflight/norm] C N=2 dx=21.250µm α=0.54 nvox=833833 n_steps=446 voxel_steps=3.719e+08 path=2.781mm 折点=301 帧=20
  [PASS] G1 截断后开光段数 == N — 实得 2（全表 18 段），截断行=301
  [PASS] G2 折点功率列只取 0 或名义功率 — 唯一值=[0.0, 285.0]；弧长 256 步门控均值=0.8622（关束占空比=0.1378）
  [PASS] G3 每道开光段弧长/CSV 时间在名义速度 ±3% 内 — 2 段速度 min=957.5 max=960.7 mm/s，最大偏离 0.26%（名义 960；坐标是整数 µm ⇒ 偏离含量化噪声）
  [PASS] G4a 截获份额命中独立解析期望（两个点阵相位各一次） — 顶面 实测=0.615861 vs 解析=0.615861（差 2.44e-14）；下移 3r_b 实测=0.999936 vs 解析=0.999936（差 3.69e-14）；束面 z=-1.250µm 顶面节点 z=-1.250µm（设计面 z=0 ⇒ 束面比设计面低 1.250µm＝半个体素以内的相位差）
  [PASS] G4b 亏损**只**来自跨顶面的轴向半损失（深度对照 ≥0.99） — 下移 3r_b Σfrac=[0.999936,0.999936]，顶面=[0.615861,0.615861] ⇒ 顶面亏损 38.41% 且与面内贴边无关；norm 臂 heat_scale=1.623743 据此把 Σ注入补成 α·P（J11）
  [PASS] G4c 面内平移 +2mm 控件必须≈0（这条闸门本身可失败） — 控件 Σfrac=[0.000000,0.000000]（若探针漏掉实体掩膜，顶面会读成网格截断值≈0.80 而非 0.616 ⇒ G4a 报红）
  [PASS] G5 顶面可读：空节点只在设计域外的 ceil 圈上，且读数足迹满布 — shape=(143, 119, 49) 顶面 z=-1.250µm 顶面实体 16756/17017=0.9847（全体素体积占比另报 0.9646）；顶面空节点=261，其中落在 ceil 圈上=261（>0 才说明这条判据不是空集上的真），圈外游荡空节点=0；读数足迹 ±148.75µm×y∈[658.0,1841.0]µm 共 812 格，实体 812 格
  [PASS] G6 每步激光移动 ≤ 0.5·r_b（时间采样充分） — 每步 6.24µm=0.147r_b；n_steps=446 曝光=2.897ms dt=6.4977µs（稳定限 18.5648µs，α₀=4.0539e-06m²/s）
  [PASS] G7 帧节律 ≤ 正文的 0.149ms 且未被缓存收紧（J4） — 请求帧数=20 stride=22 ⇒ 节律=142.9µs（上限 149µs）；缓存上限 12GB 折合 1798 帧
  [PASS] J6 形态档 dx ≤ r_b/2 — dx=21.250µm vs r_b/2=21.250µm（不满足⇒只作接线烟测，不产出形态数字）
  [PASS] J11 本臂 heat_scale 有限且与 G4 份额同向 — heat_scale=1.623743（arm=norm；norm 臂＝1/G4 份额，raw 臂＝1.0 ⇒ 只投 61.6% 的 αP）
  [INFO] G3b 道间间隙（J10，只报不判）— 跳段弧长=393.2µm ⇒ 模型间隙=0.410ms，CSV 间隙=0.510ms（1 个）⇒ 比值=0.803；<1＝冷却窗口偏短⇒后段道预热偏高
[preflight/norm] C N=3 dx=21.250µm α=0.54 nvox=833833 n_steps=699 voxel_steps=5.828e+08 path=4.359mm 折点=475 帧=31
  [PASS] G1 截断后开光段数 == N — 实得 3（全表 18 段），截断行=475
  [PASS] G2 折点功率列只取 0 或名义功率 — 唯一值=[0.0, 285.0]；弧长 256 步门控均值=0.8239（关束占空比=0.1761）
  [PASS] G3 每道开光段弧长/CSV 时间在名义速度 ±3% 内 — 3 段速度 min=957.2 max=960.7 mm/s，最大偏离 0.30%（名义 960；坐标是整数 µm ⇒ 偏离含量化噪声）
  [PASS] G4a 截获份额命中独立解析期望（两个点阵相位各一次） — 顶面 实测=0.615861 vs 解析=0.615861（差 1.37e-14）；下移 3r_b 实测=0.999936 vs 解析=0.999936（差 1.97e-14）；束面 z=-1.250µm 顶面节点 z=-1.250µm（设计面 z=0 ⇒ 束面比设计面低 1.250µm＝半个体素以内的相位差）
  [PASS] G4b 亏损**只**来自跨顶面的轴向半损失（深度对照 ≥0.99） — 下移 3r_b Σfrac=[0.999936,0.999936]，顶面=[0.615861,0.615861] ⇒ 顶面亏损 38.41% 且与面内贴边无关；norm 臂 heat_scale=1.623743 据此把 Σ注入补成 α·P（J11）
  [PASS] G4c 面内平移 +2mm 控件必须≈0（这条闸门本身可失败） — 控件 Σfrac=[0.000000,0.000000]（若探针漏掉实体掩膜，顶面会读成网格截断值≈0.80 而非 0.616 ⇒ G4a 报红）
  [PASS] G5 顶面可读：空节点只在设计域外的 ceil 圈上，且读数足迹满布 — shape=(143, 119, 49) 顶面 z=-1.250µm 顶面实体 16756/17017=0.9847（全体素体积占比另报 0.9646）；顶面空节点=261，其中落在 ceil 圈上=261（>0 才说明这条判据不是空集上的真），圈外游荡空节点=0；读数足迹 ±148.75µm×y∈[690.0,1863.0]µm 共 798 格，实体 798 格
  [PASS] G6 每步激光移动 ≤ 0.5·r_b（时间采样充分） — 每步 6.24µm=0.147r_b；n_steps=699 曝光=4.540ms dt=6.4977µs（稳定限 18.5648µs，α₀=4.0539e-06m²/s）
  [PASS] G7 帧节律 ≤ 正文的 0.149ms 且未被缓存收紧（J4） — 请求帧数=31 stride=22 ⇒ 节律=142.9µs（上限 149µs）；缓存上限 12GB 折合 1798 帧
  [PASS] J6 形态档 dx ≤ r_b/2 — dx=21.250µm vs r_b/2=21.250µm（不满足⇒只作接线烟测，不产出形态数字）
  [PASS] J11 本臂 heat_scale 有限且与 G4 份额同向 — heat_scale=1.623743（arm=norm；norm 臂＝1/G4 份额，raw 臂＝1.0 ⇒ 只投 61.6% 的 αP）
  [INFO] G3b 道间间隙（J10，只报不判）— 跳段弧长=793.3µm ⇒ 模型间隙=0.826ms，CSV 间隙=2.260ms（2 个）⇒ 比值=0.366；<1＝冷却窗口偏短⇒后段道预热偏高
STAGE_DONE = preflight 道次=[1, 2, 3] 臂=['norm'] 全闸过=True
PREFLIGHT_VERDICT = 见上；本件未解，零条形态数字
