===== #25 第 6 轮：把第 5 轮混在一起的**两类口径**拆开（液相面 L ／ 自由面 S）；③ 代、src 零改动 =====
TREE: head=d3fd6c0  dirty_src=0  （`git status --porcelain -- src tests` 输出 0 行 ⇒ 与第 5 轮同一副生产码，
      代码代际＝③（#23 之后）；本轮只新增本探针＋本 log）
PROBE: docs/evidence/2026-10-08/am_t25r6_facesplit_probe.py
NOTE: 判据 K0–K5 **写在探针 docstring 里、跑生产之前落盘**；本 log 不新增判据。
NOTE: K0 的**跑前修正**（5 处，全部只动合成自检与分类线，未动生产段、未动 5%/O1/A0 断言量）记在 docstring
NOTE:   「K0c 的跑前修正」段，依据＝下面**落盘 0**（纯 numpy、`CUDA_VISIBLE_DEVICES=""`、未做任何生产求解）；
NOTE:   与第 5 轮 S1a 同处置（改判据发生在花钱之前）。
NOTE: 起飞前 GPU 占用（nvidia-smi --query-compute-apps）：3 个他人 compute 进程 588/296/296 MiB，
NOTE:   全卡 2601/49140 MiB、util 0% ⇒ 卡空闲、未抢占任何他人进程；本轮 55s 后用毕即归还。
NOTE: 本轮口径梯子（同一次求解、四个观测量）：
NOTE:   Vn＝中心液相∩中心实体（A0 assert2 现断言量）／Vs＝亚格液相∩中心实体（第 5 轮）／
NOTE:   Vsp＝亚格液相×fv 线性份额／**VsS＝亚格液相∩亚格实体（SDF 也做三重线性重建，不加中心掩膜）**。

===== 落盘 0：K0 估计器自检（合成场，纯 numpy ⇒ 设备无关；未做任何生产求解）=====
CMD: PYTHONPATH=src JAX_ENABLE_X64=1 CUDA_VISIBLE_DEVICES="" /tmp/amvenv/bin/python /tmp/am_t25r6_k0.py
     （/tmp/am_t25r6_k0.py ＝ 探针第 1–291 行的**逐字前缀**，即只跑到 K0 出口，生产段一行未执行）
DATE: 2026-10-08 08:00:12 +0800
Jax plugin configuration error: Exception when calling jax_plugins.xla_cuda13.initialize()
Traceback (most recent call last):
  File "/home/shy/.local/lib/python3.12/site-packages/jax/_src/xla_bridge.py", line 495, in discover_pjrt_plugins
    plugin_module.initialize()
  File "/home/shy/.local/lib/python3.12/site-packages/jax_plugins/xla_cuda13/__init__.py", line 370, in initialize
    _check_cuda_versions(raise_on_first_error = True)
  File "/home/shy/.local/lib/python3.12/site-packages/jax_plugins/xla_cuda13/__init__.py", line 274, in _check_cuda_versions
    for d in range(cuda_versions.cuda_device_count())
                   ^^^^^^^^^^^^^^^^^^^^^^^^^^^^^^^^^
RuntimeError: jaxlib/cuda/versions_helpers.cc:135: operation cuInit(0) failed: CUDA_ERROR_NO_DEVICE
An NVIDIA GPU may be present on this machine, but a CUDA-enabled jaxlib is not installed. Falling back to cpu.
=== K0a 双线性场：F=x−a（液相 x>a）、S=x−b（实体 x<b）⇒ 交集＝解析平板 [a,b] ===
  重建误差：F̃=5.031e-17  S̃=1.110e-16 ⇒ PASS
  切割自由面的格 i=21: φ_L=0.7500 φ_SS=0.7500 分数交集格数=15129
  体积：VsS=0.298771484 Vs=0.518746094 Vn(双侧硬计数)=0.315187500 解析=0.299848375（厚=0.2854×面积=1.050625）| |VsS−解析|/解析=3.591e-03（严格包络 2·(dx/m)/(b−a)=2.190e-02）

=== K0b S 侧索引等价：S≡负 ⇒ φ_SS 逐位＝φ_L；S≡正 ⇒ φ_SS 精确＝0 ===
  全域实体：与 φ_L 逐位相同=True   全域空气：φ_SS 精确为 0=True   ⇒ PASS
  回归哨（**由构造恒真、不作证据**）：φ_SS>φ_L 违反格数=0

=== K0c 正对照：球∩半空间（解析＝球−球冠）；四档口径梯子逐档对解析 ===
  k= 21 r0/dx= 3.83 格数=   1331 | Vn=0.024125( -2.50%) Vs=0.021753(-12.08%) Vsp=0.023236( -6.09%) VsS=0.023410( -5.39%) 解析=0.024743
      L 侧单独体检：Σφ_L·dx³=0.027777 对 V球=0.029325（-5.28%） | 严格不等格=   91 界面格=  266 自由面可见度：掩膜口径=7.618e-02 无掩膜=1.572e-01
  k= 41 r0/dx= 7.65 格数=   6859 | Vn=0.023859( -3.57%) Vs=0.023715( -4.15%) Vsp=0.024486( -1.04%) VsS=0.024531( -0.85%) 解析=0.024743
      L 侧单独体检：Σφ_L·dx³=0.028905 对 V球=0.029325（-1.43%） | 严格不等格=  453 界面格=  938 自由面可见度：掩膜口径=3.442e-02 无掩膜=1.513e-01
  k= 81 r0/dx=15.30 格数=  35937 | Vn=0.024779( +0.15%) Vs=0.024511( -0.94%) Vsp=0.024641( -0.41%) VsS=0.024647( -0.39%) 解析=0.024743
      L 侧单独体检：Σφ_L·dx³=0.029235 对 V球=0.029325（-0.30%） | 严格不等格= 2932 界面格= 3818 自由面可见度：掩膜口径=5.521e-03 无掩膜=1.570e-01
  只打印不判：VsS 误差 -5.39/-0.85/-0.39% 表观阶 2.66/1.14；硬计数 Vn 误差符号=[-1. -1.  1.]（摆动＝对齐运气）
  只打印不判 k= 21：S 侧切掉的体积=0.004367 解析球冠=0.004582（4.69%）——**不设门槛**：该差同时含 L 侧误差，两侧误差不可组合出严格界（本轮实测它们大幅相消）
  只打印不判 k= 41：S 侧切掉的体积=0.004373 解析球冠=0.004582（4.55%）——**不设门槛**：该差同时含 L 侧误差，两侧误差不可组合出严格界（本轮实测它们大幅相消）
  只打印不判 k= 81：S 侧切掉的体积=0.004589 解析球冠=0.004582（0.15%）——**不设门槛**：该差同时含 L 侧误差，两侧误差不可组合出严格界（本轮实测它们大幅相消）
  ⇒ K0 全过（估计器可用；生产侧才开始花钱）

===== 落盘 1：生产（GPU，同一副夹具＝第 5 轮 A0 四档 × δ∈{0,0.25,0.5}）=====
CMD: PYTHONPATH=src JAX_ENABLE_X64=1 /tmp/amvenv/bin/python docs/evidence/2026-10-08/am_t25r6_facesplit_probe.py
DATE: 2026-10-08 08:00:24 +0800（起飞；elapsed=55s）
=== K0a 双线性场：F=x−a（液相 x>a）、S=x−b（实体 x<b）⇒ 交集＝解析平板 [a,b] ===
  重建误差：F̃=5.031e-17  S̃=1.110e-16 ⇒ PASS
  切割自由面的格 i=21: φ_L=0.7500 φ_SS=0.7500 分数交集格数=15129
  体积：VsS=0.298771484 Vs=0.518746094 Vn(双侧硬计数)=0.315187500 解析=0.299848375（厚=0.2854×面积=1.050625）| |VsS−解析|/解析=3.591e-03（严格包络 2·(dx/m)/(b−a)=2.190e-02）

=== K0b S 侧索引等价：S≡负 ⇒ φ_SS 逐位＝φ_L；S≡正 ⇒ φ_SS 精确＝0 ===
  全域实体：与 φ_L 逐位相同=True   全域空气：φ_SS 精确为 0=True   ⇒ PASS
  回归哨（**由构造恒真、不作证据**）：φ_SS>φ_L 违反格数=0

=== K0c 正对照：球∩半空间（解析＝球−球冠）；四档口径梯子逐档对解析 ===
  k= 21 r0/dx= 3.83 格数=   1331 | Vn=0.024125( -2.50%) Vs=0.021753(-12.08%) Vsp=0.023236( -6.09%) VsS=0.023410( -5.39%) 解析=0.024743
      L 侧单独体检：Σφ_L·dx³=0.027777 对 V球=0.029325（-5.28%） | 严格不等格=   91 界面格=  266 自由面可见度：掩膜口径=7.618e-02 无掩膜=1.572e-01
  k= 41 r0/dx= 7.65 格数=   6859 | Vn=0.023859( -3.57%) Vs=0.023715( -4.15%) Vsp=0.024486( -1.04%) VsS=0.024531( -0.85%) 解析=0.024743
      L 侧单独体检：Σφ_L·dx³=0.028905 对 V球=0.029325（-1.43%） | 严格不等格=  453 界面格=  938 自由面可见度：掩膜口径=3.442e-02 无掩膜=1.513e-01
  k= 81 r0/dx=15.30 格数=  35937 | Vn=0.024779( +0.15%) Vs=0.024511( -0.94%) Vsp=0.024641( -0.41%) VsS=0.024647( -0.39%) 解析=0.024743
      L 侧单独体检：Σφ_L·dx³=0.029235 对 V球=0.029325（-0.30%） | 严格不等格= 2932 界面格= 3818 自由面可见度：掩膜口径=5.521e-03 无掩膜=1.570e-01
  只打印不判：VsS 误差 -5.39/-0.85/-0.39% 表观阶 2.66/1.14；硬计数 Vn 误差符号=[-1. -1.  1.]（摆动＝对齐运气）
  只打印不判 k= 21：S 侧切掉的体积=0.004367 解析球冠=0.004582（4.69%）——**不设门槛**：该差同时含 L 侧误差，两侧误差不可组合出严格界（本轮实测它们大幅相消）
  只打印不判 k= 41：S 侧切掉的体积=0.004373 解析球冠=0.004582（4.55%）——**不设门槛**：该差同时含 L 侧误差，两侧误差不可组合出严格界（本轮实测它们大幅相消）
  只打印不判 k= 81：S 侧切掉的体积=0.004589 解析球冠=0.004582（0.15%）——**不设门槛**：该差同时含 L 侧误差，两侧误差不可组合出严格界（本轮实测它们大幅相消）
  ⇒ K0 全过（估计器可用；生产侧才开始花钱）

=== 设备清单（长期规则：自称 GPU 实测必须含本行，写在 log 本体）===
  jax.devices() = [CudaDevice(id=0)]
  platform/backend = gpu / x64=True

=== 生产求解＋口径梯子 Vn→Vs→Vsp→VsS＋域质量＋到六面间隙（无 patch、src 未动）===
  T_liquidus=1723.0 K  几何体积=0.288000 mm³
  δ=0.00·dx dx= 50.0 nvox=   2925 peak=2461.27 熔体素=   482 界面格=   844 触壳=36 邻非实体=0 严格不等格=58 min(fv)=0.500 |
      Vn=0.06025 Vs=0.08030 Vsp=0.07679 VsS=0.07784 mm³（VsS(m4)=0.07848 ⇒ m 敏感性=0.827%）| Mdom=0.29350 Mcen=0.36562 mm³ | 到面间隙=0格 余量=+0.0µm (三面=+0.0/+0.0/+150.0)
  δ=0.25·dx dx= 50.0 nvox=   2304 peak=2447.27 熔体素=   502 界面格=   876 触壳=0 邻非实体=738 严格不等格=0 min(fv)=0.750 |
      Vn=0.06275 Vs=0.08063 Vsp=0.07974 VsS=0.08063 mm³（VsS(m4)=0.08162 ⇒ m 敏感性=1.232%）| Mdom=0.29075 Mcen=0.28800 mm³ | 到面间隙=0格 余量=+12.5µm (三面=+37.5/+12.5/+137.5)
  δ=0.50·dx dx= 50.0 nvox=   2304 peak=2433.15 熔体素=   512 界面格=   734 触壳=0 邻非实体=486 严格不等格=0 min(fv)=1.000 |
      Vn=0.06400 Vs=0.07678 Vsp=0.07678 VsS=0.07678 mm³（VsS(m4)=0.07717 ⇒ m 敏感性=0.503%）| Mdom=0.28800 Mcen=0.28800 mm³ | 到面间隙=0格 余量=+25.0µm (三面=+25.0/+25.0/+125.0)
  δ=0.00·dx dx= 25.0 nvox=  20825 peak=2563.01 熔体素=  4446 界面格=  3604 触壳=241 邻非实体=0 严格不等格=338 min(fv)=0.500 |
      Vn=0.06947 Vs=0.08006 Vsp=0.07789 VsS=0.07799 mm³（VsS(m4)=0.07827 ⇒ m 敏感性=0.358%）| Mdom=0.28937 Mcen=0.32539 mm³ | 到面间隙=0格 余量=+0.0µm (三面=+0.0/+0.0/+100.0)
  δ=0.25·dx dx= 25.0 nvox=  18432 peak=2554.96 熔体素=  4520 界面格=  3988 触壳=0 邻非实体=3006 严格不等格=0 min(fv)=0.750 |
      Vn=0.07062 Vs=0.07930 Vsp=0.07881 VsS=0.07930 mm³（VsS(m4)=0.07931 ⇒ m 敏感性=0.018%）| Mdom=0.28869 Mcen=0.28800 mm³ | 到面间隙=0格 余量=+6.2µm (三面=+6.2/+6.3/+93.8)
  δ=0.50·dx dx= 25.0 nvox=  18432 peak=2565.18 熔体素=  4143 界面格=  3936 触壳=0 邻非实体=2970 严格不等格=0 min(fv)=1.000 |
      Vn=0.06473 Vs=0.07303 Vsp=0.07303 VsS=0.07303 mm³（VsS(m4)=0.07326 ⇒ m 敏感性=0.311%）| Mdom=0.28800 Mcen=0.28800 mm³ | 到面间隙=0格 余量=+12.5µm (三面=+12.5/+12.5/+87.5)
  δ=0.00·dx dx= 12.5 nvox= 156849 peak=2565.08 熔体素= 37982 界面格= 14484 触壳=1143 邻非实体=0 严格不等格=1363 min(fv)=0.500 |
      Vn=0.07418 Vs=0.07995 Vsp=0.07877 VsS=0.07878 mm³（VsS(m4)=0.07886 ⇒ m 敏感性=0.100%）| Mdom=0.28834 Mcen=0.30635 mm³ | 到面间隙=0格 余量=+0.0µm (三面=+0.0/+0.0/+100.0)
  δ=0.25·dx dx= 12.5 nvox= 147456 peak=2555.81 熔体素= 38157 界面格= 15668 触壳=0 邻非实体=10449 严格不等格=0 min(fv)=0.750 |
      Vn=0.07453 Vs=0.07948 Vsp=0.07919 VsS=0.07948 mm³（VsS(m4)=0.07960 ⇒ m 敏感性=0.150%）| Mdom=0.28817 Mcen=0.28800 mm³ | 到面间隙=0格 余量=+3.1µm (三面=+3.1/+3.1/+96.9)

=== 自由面口径在生产夹具上的可见度（K0c 同款量，非判决）===
  δ=0.00 dx= 12.5: 严格不等格=  1363 |Vs−VsS|/Vs=1.4659e-02 |Vsp−VsS|/VsS=1.1316e-04 构造哨 φ_SS>φ_L=0
  δ=0.25 dx= 12.5: 严格不等格=     0 |Vs−VsS|/Vs=0.0000e+00 |Vsp−VsS|/VsS=3.6213e-03 构造哨 φ_SS>φ_L=0
  δ=0.00 dx= 25.0: 严格不等格=   338 |Vs−VsS|/Vs=2.5827e-02 |Vsp−VsS|/VsS=1.2898e-03 构造哨 φ_SS>φ_L=0
  δ=0.25 dx= 25.0: 严格不等格=     0 |Vs−VsS|/Vs=0.0000e+00 |Vsp−VsS|/VsS=6.1460e-03 构造哨 φ_SS>φ_L=0
  δ=0.50 dx= 25.0: 严格不等格=     0 |Vs−VsS|/Vs=0.0000e+00 |Vsp−VsS|/VsS=0.0000e+00 构造哨 φ_SS>φ_L=0
  δ=0.00 dx= 50.0: 严格不等格=    58 |Vs−VsS|/Vs=3.0576e-02 |Vsp−VsS|/VsS=1.3549e-02 构造哨 φ_SS>φ_L=0
  δ=0.25 dx= 50.0: 严格不等格=     0 |Vs−VsS|/Vs=0.0000e+00 |Vsp−VsS|/VsS=1.0950e-02 构造哨 φ_SS>φ_L=0
  δ=0.50 dx= 50.0: 严格不等格=     0 |Vs−VsS|/Vs=0.0000e+00 |Vsp−VsS|/VsS=0.0000e+00 构造哨 φ_SS>φ_L=0

=== K1 逐位复现第 5 轮（其 log L79-86 印值）===
  δ=0.00 dx= 50.0: peak(Δ0.001) Vn(Δ0.000000) Vs(Δ0.000005) 整数(熔体素/界面格/触壳/邻非实体/nvox)=全对 ⇒ 一致
  δ=0.25 dx= 50.0: peak(Δ0.002) Vn(Δ0.000000) Vs(Δ0.000004) 整数(熔体素/界面格/触壳/邻非实体/nvox)=全对 ⇒ 一致
  δ=0.50 dx= 50.0: peak(Δ0.001) Vn(Δ0.000000) Vs(Δ0.000002) 整数(熔体素/界面格/触壳/邻非实体/nvox)=全对 ⇒ 一致
  δ=0.00 dx= 25.0: peak(Δ0.004) Vn(Δ0.000001) Vs(Δ0.000004) 整数(熔体素/界面格/触壳/邻非实体/nvox)=全对 ⇒ 一致
  δ=0.25 dx= 25.0: peak(Δ0.001) Vn(Δ0.000005) Vs(Δ0.000001) 整数(熔体素/界面格/触壳/邻非实体/nvox)=全对 ⇒ 一致
  δ=0.50 dx= 25.0: peak(Δ0.002) Vn(Δ0.000004) Vs(Δ0.000003) 整数(熔体素/界面格/触壳/邻非实体/nvox)=全对 ⇒ 一致
  δ=0.00 dx= 12.5: peak(Δ0.003) Vn(Δ0.000004) Vs(Δ0.000001) 整数(熔体素/界面格/触壳/邻非实体/nvox)=全对 ⇒ 一致
  δ=0.25 dx= 12.5: peak(Δ0.004) Vn(Δ0.000005) Vs(Δ0.000003) 整数(熔体素/界面格/触壳/邻非实体/nvox)=全对 ⇒ 一致
  ⇒ 8/8 格复现

=== K2＋K3 恒等式与归因记分：ΔVn ≡ ΔVsS + Δ(Vs−VsS) + Δ(Vn−Vs) ===
  δ=0.00·dx  50.0↔ 25.0: |ΔVn|=0.00922mm³(13.270%) 残差=0.00e+00 ‖ 符号项：L=-0.00946 S=+0.00039 F=-0.00015 ‖ share_L=1.026 share_S=0.042 share_F=0.016
      口径水平值 Vn−Vs：-0.02005/-0.01059　Vs−VsS：+0.00246/+0.00207　Vsp−VsS：-0.00105/-0.00010
  δ=0.00·dx  25.0↔ 12.5: |ΔVn|=0.00471mm³( 6.356%) 残差=0.00e+00 ‖ 符号项：L=-0.00482 S=+0.00090 F=-0.00079 ‖ share_L=1.022 share_S=0.190 share_F=0.168
      口径水平值 Vn−Vs：-0.01059/-0.00577　Vs−VsS：+0.00207/+0.00117　Vsp−VsS：-0.00010/-0.00001
  δ=0.25·dx  50.0↔ 25.0: |ΔVn|=0.00787mm³(11.150%) 残差=0.00e+00 ‖ 符号项：L=-0.00920 S=+0.00000 F=+0.00133 ‖ share_L=1.168 share_S=0.000 share_F=0.168
      口径水平值 Vn−Vs：-0.01788/-0.00867　Vs−VsS：+0.00000/+0.00000　Vsp−VsS：-0.00088/-0.00049
  δ=0.25·dx  25.0↔ 12.5: |ΔVn|=0.00390mm³( 5.234%) 残差=0.00e+00 ‖ 符号项：L=-0.00372 S=+0.00000 F=-0.00018 ‖ share_L=0.954 share_S=0.000 share_F=0.046
      口径水平值 Vn−Vs：-0.00867/-0.00495　Vs−VsS：+0.00000/+0.00000　Vsp−VsS：-0.00049/-0.00029
  δ=0.50·dx  50.0↔ 25.0: |ΔVn|=0.00073mm³( 1.134%) 残差=0.00e+00 ‖ 符号项：L=-0.00448 S=+0.00000 F=+0.00375 ‖ share_L=6.105 share_S=0.000 share_F=5.105
      口径水平值 Vn−Vs：-0.01278/-0.00830　Vs−VsS：+0.00000/+0.00000　Vsp−VsS：+0.00000/+0.00000

=== K3 裁决（跑前写死的 A/C/B/D，按此顺序判）===
  信息档对：share_S max=0.190 min=0.000；share_L min=0.954 max=1.168；share_F max=0.168
  ⇒ A：四个信息档对上自由面口径份额都 ≤0.2 ⇒ 第 5 轮『主体＝液相面计数口径』不受影响（VsS 只是把 (S) 量出来、确认它小）

=== K4 域刀锋定量 ===
  几何体积＝0.288000 mm³（Mdom 应 ≤ 它，Mcen 是中心计数版）
  dx= 50.0:  δ=0.00 Mdom=0.29350 Mcen=0.36562 nvox=  2925 gap= 0格 余量=  +0.0µm  δ=0.25 Mdom=0.29075 Mcen=0.28800 nvox=  2304 gap= 0格 余量= +12.5µm  δ=0.50 Mdom=0.28800 Mcen=0.28800 nvox=  2304 gap= 0格 余量= +25.0µm
  dx= 25.0:  δ=0.00 Mdom=0.28937 Mcen=0.32539 nvox= 20825 gap= 0格 余量=  +0.0µm  δ=0.25 Mdom=0.28869 Mcen=0.28800 nvox= 18432 gap= 0格 余量=  +6.2µm  δ=0.50 Mdom=0.28800 Mcen=0.28800 nvox= 18432 gap= 0格 余量= +12.5µm
  dx= 12.5:  δ=0.00 Mdom=0.28834 Mcen=0.30635 nvox=156849 gap= 0格 余量=  +0.0µm  δ=0.25 Mdom=0.28817 Mcen=0.28800 nvox=147456 gap= 0格 余量=  +3.1µm
  K4b（gap_idx==0 ⟺ 触壳>0 或 邻非实体>0）：全部一致
  跨 δ（dx= 50.0）：域质量相对差= 0.94%（Δnvox=  +621） ‖ VsS 相对差= 3.45% ‖ Vn 相对差= 3.98% ⇒ 形态差**大于**域差 ⇒ 域刀锋解释不了全部，须另查（只报数，不改判据）
  跨 δ（dx= 25.0）：域质量相对差= 0.24%（Δnvox= +2393） ‖ VsS 相对差= 1.65% ‖ Vn 相对差= 1.64% ⇒ 形态差**大于**域差 ⇒ 域刀锋解释不了全部，须另查（只报数，不改判据）
  跨 δ（dx= 12.5）：域质量相对差= 0.06%（Δnvox= +9393） ‖ VsS 相对差= 0.88% ‖ Vn 相对差= 0.46% ⇒ 形态差**大于**域差 ⇒ 域刀锋解释不了全部，须另查（只报数，不改判据）

=== K5 0.0799 mm³ 是口径无关量还是相消的巧合 ===
  Vs（第 5 轮：亚格液相∩中心实体）          6 格=0.08030 0.08006 0.07995 0.08063 0.07930 0.07948
                                 spread6= 1.66% spread(δ=0 三档)= 0.43% mean6=0.07995 偏差6= 0.06% ⇒ 稳（<2%）／与 0.0799 同值
  Vsp（亚格液相×fv 份额）              6 格=0.07679 0.07789 0.07877 0.07974 0.07881 0.07919
                                 spread6= 3.77% spread(δ=0 三档)= 2.55% mean6=0.07853 偏差6= 1.71% ⇒ 不稳（≥2%）／与 0.0799 同值
  VsS（亚格液相∩亚格实体）               6 格=0.07784 0.07799 0.07878 0.08063 0.07930 0.07948
                                 spread6= 3.53% spread(δ=0 三档)= 1.20% mean6=0.07900 偏差6= 1.12% ⇒ 不稳（≥2%）／与 0.0799 同值
  ⇒ K5：VsS 的 6 格极差 3.53% ≥2% ⇒ 口径无关的收敛值**不存在**；第 5 轮『三档一致到 0.4%』（δ=0 三格、Vs 口径）是两类口径相消的巧合 ⇒ 回改 §26.21/§N/总览第 14 条
  对照：同 6 格上 Vs 极差=1.66%（第 5 轮那句 0.4% 的分母是 δ=0 三格）

=== 记分 ===
FAILS: 无
注：本轮不改 src/、不改 A0 断言量、不放宽 5%、不删 δ=0.5 列、不调任何系数（N4 未触碰）；Vsp/VsS 是归因诊断量，禁止替换 assert2 的观测量。
elapsed=55s

=== 附表 A：O1 原样记分（5% 未放宽、δ=0.5 列未删、档对未挑；由印值直接相减）===
  Vn   δ=0.00: 13.272 /  6.349  max=13.272% ⇒ **不达标**
  Vn   δ=0.25: 11.144 /  5.246  max=11.144% ⇒ **不达标**
  Vn   δ=0.50:  1.128  max= 1.128% ⇒ 达标
  Vs   δ=0.00:  0.299 /  0.137  max= 0.299% ⇒ 达标
  Vs   δ=0.25:  1.650 /  0.226  max= 1.650% ⇒ 达标
  Vs   δ=0.50:  4.884  max= 4.884% ⇒ 达标
  Vsp  δ=0.00:  1.412 /  1.117  max= 1.412% ⇒ 达标
  Vsp  δ=0.25:  1.166 /  0.480  max= 1.166% ⇒ 达标
  Vsp  δ=0.50:  4.884  max= 4.884% ⇒ 达标
  VsS  δ=0.00:  0.192 /  1.003  max= 1.003% ⇒ 达标
  VsS  δ=0.25:  1.650 /  0.226  max= 1.650% ⇒ 达标
  VsS  δ=0.50:  4.884  max= 4.884% ⇒ 达标
  信息档对最大相邻差：Vn 13.272%／Vs 1.650%／Vsp 1.412%／VsS 1.650%；δ=0.5 列：Vn 1.128%／Vs＝Vsp＝VsS 4.884%（该列 fv≡1 ⇒ 三副亚格口径**逐位相同**）

=== 附表 B：口径间差异（同一格换口径的相对差，信息集 6 格 ⇒ 这才是'换口径'的实际幅度）===
  Vn↔Vs: max= 24.97%（δ=0.00/dx=50.0） min=  6.23%
  Vn↔Vsp: max= 21.54%（δ=0.00/dx=50.0） min=  5.83%
  Vn↔VsS: max= 22.60%（δ=0.00/dx=50.0） min=  5.84%
  Vs↔VsS: max=  3.06%（δ=0.00/dx=50.0） min=  0.00%
  Vsp↔VsS: max=  1.35%（δ=0.00/dx=50.0） min=  0.01%
  Vs↔Vsp: max=  4.37%（δ=0.00/dx=50.0） min=  0.36%
  ⇒ **新事实**：三副亚格口径彼此 ≤4.37%，而 O1 门槛是 5% ⇒ 门槛区分不开口径选择本身；
     但 Vn 与任何亚格口径差 5.8–25.0% ⇒ '换口径'的信息全在中心硬计数这一刀上，与实体侧判据无关。

=== 附表 C：K5 用到的极差（6 格信息集 δ∈{0,0.25}×三档）===
  Vn   极差=20.81%  mean=0.06863  对 0.0799 偏差=14.10%
  Vs   极差= 1.66%  mean=0.07995  对 0.0799 偏差= 0.07%
  Vsp  极差= 3.76%  mean=0.07853  对 0.0799 偏差= 1.71%
  注：附表 A/B/C 全部由**上面落盘 1 的 5 位印值**直接相减（非新求解）；与探针内部全精度的差别 ≤0.01pt
      （例：探针自己印 Vsp spread6=3.77%，本表由印值重算得 3.76%＝十进制截断）。
  VsS  极差= 3.53%  mean=0.07900  对 0.0799 偏差= 1.12%

===== ADJUDICATION（发起人跑后逐条记分；K0–K5 判据全部跑前写死，此处不新增判据、不放宽 5%）=====
设备：落盘 1 的 log 本体内含 `jax.devices() = [CudaDevice(id=0)]`＋`platform/backend = gpu / x64=True`，
      起飞前 nvidia-smi 占用行记在 log 头 NOTE ⇒ 本轮是 **GPU 实测**（55s，未抢占他人进程）。
      落盘 0 的命令带 `CUDA_VISIBLE_DEVICES=""` ⇒ 只声称"设备无关的纯 numpy 自检"。

K0 **全过（不作废）**，且**跑前修了 5 处**（都在花钱之前、只动合成自检与分类线，K1–K5 与 5%/O1 一字未动）：
  ①K0a 实体符号：初稿 `S=b−x` 把"sdf<0＝实体"写反 ⇒ "交集"成了半空间而非平板；
  ②K0a 解析截面：初稿取 1×1，实际晶格是**节点中心**的 ⇒ 面积 `(k·dx)²`＝1.0506，5% 的"体积差"是格口径；
    修正后实测 |VsS−解析|/解析＝**3.591e-03**，严格包络 2·(dx/m)/(b−a)＝2.190e-02 ⇒ **余量 6.1×**；
  ③K0b 初稿 `φ_SS≤φ_L` 由 `liq & solid` **构造恒真** ⇒ 换成可失败的等价检验：S≡全域实体时 φ_SS 与 φ_L
    **逐位相同**、S≡全域空气时 φ_SS **精确为 0**（抓 S 侧位移/符号）；恒真那条降为"回归哨"并如实标注；
  ④K0c 可见度分母：初稿拿"无掩膜 Σφ_L"（按定义**不含** S 侧切割）去对"球−球冠"⇒ 正确实现报 16.8%/18.2%
    触发 VOID；查因＝**把口径差当 bug**＝缺陷 #15 的形状 ⇒ 梯子补全成四档、各对各自的解析真值；
  ⑤K4b 由 `gap≤1` 改 `gap==0`：熔格内缩一格时两个触边量都可为 0，`≤1` 会在正确实现上报警。
  K0c 四档对解析（k=21/41/81，r0/dx=3.83/7.65/15.30）：
    Vn −2.50/−3.57/+0.15%（**符号来回摆**＝对齐运气）；Vs −12.08/−4.15/−0.94%；Vsp −6.09/−1.04/−0.41%；
    VsS −5.39/−0.85/−0.39%（表观阶 2.66/1.14）；L 侧单独体检 −5.28/−1.43/−0.30%（对 V球）。
  **K0c 里最有用的一行**：最粗档上生产同款口径 Vs 是四档里**最差**的（−12.08%），比 Vsp/VsS 差一个量级
    ⇒ "中心判据"这一刀在合成场里就已被量化，与下面生产侧 share_L≈1 互相印证。
  自由面可见度（掩膜口径）7.618e-02/3.442e-02/**5.521e-03** ⇒ 门槛 1e-3 在最细档仍有 5.5× 余量，
    且**随加密衰减≈一阶**（1.05×/2.21×）＝本轮要量的机制本身。
  刻意不设门槛的两项：VsS 表观阶、"S 侧切掉体积 vs 解析球冠"（实测 4.69/4.55/0.15%）——该差同时含 L 侧
    误差、组合不出严格界（本轮恰好大幅相消，不能当证据）。

K1 **逐位复现第 5 轮 8/8**：peak Δ≤0.004 K、Vn/Vs Δ≤5e-6（＝印值小数位截断），且**五个整数全部命中**
  （熔体素 482/502/512/4446/4520/4143/37982/38157、界面格、触壳、邻非实体、nvox）。
  ⇒ 本轮与第 5 轮是**同一副生产码、同一批解**，差异只能来自口径 ⇒ 归因记分合法。

K2 恒等式残差 **0.00e+00**（5 个档对全含 δ=0.5）。⇒ 但这是**代数恒真**，只校浮点结合序与誊写，不作证据。

K3 裁决＝**分支 A**（按跑前写死的 A/C/B/D 顺序执行，D 未触发）：
  信息档对 share_S = 0.042 / **0.190** / 0.000 / 0.000，share_L = 1.026/1.022/1.168/0.954，
  share_F = 0.016/0.168/0.168/0.046 ⇒ max(share_S)＝0.190 ≤0.2、min(share_L)＝0.954 ≥0.5 ⇒ A 成立。
  **但必须带三条限定（照实写，不写成"自由面口径无关"）**：
  ① 余量只有 **0.010**（0.190 落在 δ=0 的 25↔12.5 档对）⇒ "A"不是压倒性结论，第 5 轮的 C0 疑点被消解到
    "不到两成"，但没有被消成零；
  ② **share_S 在 δ=0.25/0.5 上是精确 0**（严格不等格=0、Vs＝VsS 逐位）⇒ 自由面口径**只在 δ=0 那一种对齐里
    存在**。机制：δ=0 时网格节点层正好落在试片表面上（`min(fv)=0.500`＝#23 的 CUT_CAPACITY_FLOOR），
    亚格中心跨在界面上 ⇒ 交集与"中心实体"判据可分；δ>0 时无节点落在界面上、且液相不触及表面格最外
    0.1875·dx ⇒ 两副实体判据给出同一个集合。**这不是"自由面不重要"，是"它和网格刀锋是同一个东西"**；
  ③ share_L>1（1.026/1.168）⇒ L 项**超过** |ΔVn|，S/F 与之反号相消 ⇒ 三条份额不是概率。
  ⇒ 第 5 轮"13.27% 的主体是液相面（中心硬计数 vs 亚格份额）计数口径"**维持**，且现在知道它不依赖实体侧判据。

K4 域刀锋定量（**本轮首次把两类"域"数分开**）：
  几何体积 0.288000 mm³。δ=0 的**中心计数质量** Mcen＝0.36562/0.32539/0.30635（+26.9%/+13.0%/+6.4%，
  一阶不收敛），而同格的 **fv 加权质量** Mdom＝0.29350/0.28937/0.28834（+1.91%/+0.47%/+0.12%，收敛到几何值）
  ⇒ "域多大"取决于用哪把尺子量；δ=0 的网格比 δ=0.25 **多一整层**表面体素（Δnvox +621/+2393/+9393）。
  跨 δ 报数（判据只报数不改判）：dx=50 域质量差 0.94% 而 VsS 形态差 **3.45%**、Vn 3.98%；
  dx=25 0.24% vs 1.65%；dx=12.5 0.06% vs 0.88% ⇒ **形态差 > 域质量差 ⇒ 域刀锋解释不了全部**，
  按跑前写的措辞登记为"须另查"，不静默改判据。候选机制（下一轮打分）：δ=0 那层 fv=0.5 表面格**同时**是
  #23 的 cap_w 下限作用处 ⇒ 它是**热容**差异不只是**体积**差异。
  K4b（`gap_idx==0 ⟺ 触壳>0 或 邻非实体>0`）**8/8 全部一致** ⇒ 两个"触边"量度定义自洽；
  同时**8/8 每格的 gap 都是 0** ⇒ 熔区在全部档位、全部对齐下都贴着试片表面（#30 的实锤，非个别档）。
  余量打印：δ=0 三档余量 +0.0/+0.0 µm（中心恰在面上），δ=0.25 给 +37.5/+12.5 µm 等 ⇒ 熔道横向铺满 1.2 mm。

K5 裁决＝**第三分支**（推翻第 5 轮措辞，不动 A0）：
  6 格信息集极差 Vs **1.66%**／Vsp 3.77%（探针印值；附表 C 由 5 位印值重算＝3.76%）／VsS **3.53%**；门槛 2% ⇒ spread(VsS)≥2% ⇒
  **口径无关的收敛值不存在**：第 5 轮那句"熔体积在亚格口径下≈0.0799 mm³（三档一致到 0.4%）"
  是 **Vs 口径 × δ=0 三格**的产物；换成 VsS 同集是 0.07784–0.08063（均值 0.07900，对 0.0799 偏 1.12%），
  换成 Vsp 是 0.07679–0.07974（偏 1.71%）。⇒ **回改档案三处**（开发日志 §26.21／计划文档 §N／总览第 14 条），
  把"≈0.0799 收敛值"降级为"Vs 口径、δ=0 三档内的近似一致"。
  **新事实（会影响 #29 的呈报）**：三副亚格口径彼此只差 **≤4.37%**（Vs↔Vsp 最大、δ=0/dx=50），
  而 O1 门槛是 **5%** ⇒ **门槛粗细不足以区分口径选择**；反过来 Vn 与任何亚格口径差 **5.83–24.97%**
  ⇒ "换口径"的全部信息量在"中心硬计数 vs 亚格份额"这一刀上，实体侧选哪副是次要项（≤3.06%）。
  附表 A（O1 原样）：Vn 13.272/6.349/11.144/5.246 ⇒ **不入选**（与第 3/5 轮逐位同）；
  Vs 0.299/0.137/1.650/0.226/4.884、Vsp 1.412/1.117/1.166/0.480/4.884、
  VsS 0.192/1.003/1.650/0.226/4.884 ⇒ **三副都"入选"**，但四者的最大值都是 δ=0.5 那一列的 4.884%，
  而该列 fv≡1 ⇒ 三副亚格口径在那一列**逐位相同**＝第 4b 轮"δ=0.5 只近似不携带信息"的又一次现身：
  **那 0.117pt 的余量不是三副口径各自挣来的，是同一格物理给的** ⇒ #29 呈报时不得写成"三个候选独立达标"。

FAILS（最终）：**无**。作废触发器（K0 四组、K1、K2、K4b）全部未触发；分支结果＝K3 维持 A（余量 0.010）
  ＋ K5 推翻第 5 轮的"口径无关"措辞。

纪律核对：`src/` 与 `tests/` 零改动（dirty_src=0）；A0 仍断 peak 与 **Vn** ⇒ **A0 保持红灯**（5% 未放宽、
  未换指标、δ=0.5 列未删）；Vsp/VsS 只作归因诊断量，**禁止**替换 assert2 的观测量；N4 未触碰
  （无补丁叠加、无系数调整）。

#25 的状态：三类归因量已全部量化 ⇒ **计数口径侧的归因闭合**（L 侧≈全部、S 侧只在 δ=0 存在且 ≤19%、
  口径间 ≤4.37%）。**剩余不闭合项已不在口径**：跨 δ 的形态差 > 域质量差（K4）。
  ⇒ #25 关单条件＝本 log＋三处档案回改；战场移交 #24（整数吸附/域一致性）与 #30（加大试片避开触边）。

下一步（第 7 轮 / #24 前置，判据将另写、跑前登记）：
  ① 同 dx、δ=0 vs δ=0.25 的**温度场逐格对比**（表面层的 T 分布、峰值位置、fv=0.5 层的热容读数）；
  ② monkeypatch 消融 `cap_w`（把 #23 的下限临时改回 1.0，**只诊断、不改码、不进默认链**）＋逐位恒等正对照，
     判"δ=0 的 3.45% 形态差"里有多少来自 **cap_w 刀锋层**、多少来自**域体积**；
  ③ 若 ② 把差异基本吃掉 ⇒ #24 需加一条"刀锋层热容与对齐 δ 的耦合"；若吃不掉 ⇒ 归 #30（夹具触边）处置。
