# ===========================================================================
# #22/T4 可观测移动量探针 —— **改后（post）**记录
# ===========================================================================
# CMD:
#   cd /home/shy/桌面/…/AM-Qoder && CUDA_VISIBLE_DEVICES="" PYTHONPATH=src JAX_ENABLE_X64=1 \
#       /tmp/amvenv/bin/python docs/evidence/2026-10-08/am_t4_observable_move.py post \
#       > /tmp/am_t4_move_post.log 2>&1         # 退出码 0
#   打在**交付树**（主工作树，未提交）上。
# TREE:
#   REPO = /home/shy/桌面/…/AM-Qoder    HEAD = c9e0e8b    dirty_src = 5
#     ['M src/amforge/meltpool.py', ' M src/amforge/thermal_enthalpy.py',
#      ' M tests/test_enthalpy_thermal.py', '?? src/amforge/beam.py',
#      '?? tests/test_beam_convention.py']
#   本脚本 md5 = 5d12a4264209b6aeaca0fc6678dfb165 ＝ pre/compare 三份同 md5（M0 判）
#   设备 = [CpuDevice(id=0)]（CUDA_VISIBLE_DEVICES="" 钉住 ⇒ 本 log 不含任何吞吐/加速数字）
#   夹具整数与 pre **逐字相同**（R=5.000e-05／P=250.0／v=0.80／dx=5.0e-05／
#   sdf.shape=(25,25,25)／实体体素=3071／t_shape=(24,24,24)）⇒ 下面所有 Δ 都不是"换了夹具"。
# ---------------------------------------------------------------------------
# 读数（post＝改后，与 pre 并排）：
#   ① meltpool.fdm   peak 3446.053395 → **4604.23736**（+33.61 %）
#                    depth 0.0001876464322 → **0.0002341598886**（+24.79 %）
#                    n_melt 276 → **360**（+30.43 %）
#                    sum_T 7309853.914 → 7437533.995（+1.75 %）
#   ② integrated     peak 3323.125031 → 3323.125031   final 2902.742923 → 2902.742923
#                    ⇒ **哨兵没响**：缺省热解档一个 bit 都没动（M1 用 JSON 全精度判逐位）
#   ③ point 档       peak 3222.253978 → **3491.181412**（+8.35 %）
#                    final 2910.51167 → 2906.606777（−0.13 %）
#   lof_indicator 仍 = 0.0（无判别力，照实记）
# ---------------------------------------------------------------------------
# NOTE N1（**跑前的方向预测被实测推翻**，这是本 log 最重要的一条）：
#   预测＝"面内束变窄 √2 ⇒ 横向供热减少 ⇒ 熔深**变浅**"。
#   实测＝熔深 **+24.79 %（变深）**，与预测**反号**。
#   机制（事后清楚、事前没算到）：本轮**故意不动** σ_z=1.2·rb（出域，移交 #33），
#     而把面内面积 ÷2、归一因子随之 ÷2 ⇒ **单位体积**沉积功率上升，轴向延展却没缩 ⇒
#     热往深处走得比旧口径更远。"变窄 ⇒ 变浅"只在**三维一起**缩放时成立；只改面内
#     就是造了一束"半新半旧"的光，它比旧光**更**穿透。
#   ⇒ 这条实测数直接构成 **#33 的定量前提**：面内口径与 σ_z／`heat_scale=1.4` 一类
#     经验系数**耦合**，必须同批重标定；分两步做会在中间留下一个物理更错的档位。
#   ⇒ 因此 compare 的 M2 只判"峰值上升"这个**方向可预判**的量（面积 ÷2 ⇒ 面内功率
#     密度 ×2 ⇒ 峰值必升），熔深方向明确**不预判**（判了就会被自己的直觉打脸第二次）。
# NOTE N2（③ 的 final 几乎不动不是"改动没生效"）：point 档峰值 +8.35 % 而终值 −0.13 % ⇒
#   短夹具内散热把峰值差抹平到小数点后三位；**判移动量要看峰值与熔点数，不能只看终值**。
#   若只列 final 会得出"point 档没变"的假结论 ⇒ 这正是"0 需要一个能失败的正对照"的
#   另一面：非零也要挑对可观测的量。
# ===========================================================================
Jax plugin configuration error: Exception when calling jax_plugins.xla_cuda13.initialize()
Traceback (most recent call last):
  File "/home/shy/.local/lib/python3.12/site-packages/jax/_src/xla_bridge.py", line 495, in discover_pjrt_plugins
    plugin_module.initialize()
  File "/home/shy/.local/lib/python3.12/site-packages/jax_plugins/xla_cuda13/__init__.py", line 370, in initialize
    _check_cuda_versions(raise_on_first_error = True)
  File "/home/shy/.local/lib/python3.12/site-packages/jax_plugins/xla_cuda13/__init__.py", line 274, in _check_cuda_versions
    for d in range(cuda_versions.cuda_device_count())
                   ^^^^^^^^^^^^^^^^^^^^^^^^^^^^^^^^^
RuntimeError: jaxlib/cuda/versions_helpers.cc:135: operation cuInit(0) failed: CUDA_ERROR_NO_DEVICE
An NVIDIA GPU may be present on this machine, but a CUDA-enabled jaxlib is not installed. Falling back to cpu.
== T4/#22 可观测移动量探针 ==
phase   = post
REPO    = /home/shy/桌面/2026年开发-显式冲击有限元-物质点法-sph-fvm+am/AM-Qoder
devices = [CpuDevice(id=0)]
本脚本 md5 = 5d12a4264209b6aeaca0fc6678dfb165
夹具  R=5.000e-05 m  P=250.0 W  v=0.80 m/s  dx=5.0e-05 m  sdf.shape=(25, 25, 25)  实体体素=3071

-- ① meltpool.fdm（本轮改的就是它）--
   peak        = 4604.23736
   depth       = 0.0002341598886
   lof         = 0
   t_shape     = (24, 24, 24)
   n_melt      = 360
   sum_T       = 7437533.995

-- ② thermal.enthalpy 缺省 integrated 档（对照：不许动）--
   peak        = 3323.125031
   final       = 2902.742923

-- ③ thermal.enthalpy point 档（本轮改的）--
   peak        = 3491.181412
   final       = 2906.606777

M3 全部 8 个读数有限                                       OK
（M1/M2 是**跨树**比对：把 pre 与 post 两份输出的同一行并排看，②必须逐位相同、①③必须移动 ⇒ 汇总见开发日志 §26.25）
JSON {"enthalpy_integrated": {"final": 2902.74292269927, "peak": 3323.125031277431}, "enthalpy_point": {"final": 2906.606776930168, "peak": 3491.181411779287}, "fdm": {"depth": 0.00023415988855539756, "lof": 0.0, "n_melt": 360, "peak": 4604.237360450093, "sum_T": 7437533.995445459, "t_shape": "(24, 24, 24)"}}
