===== #34/#36 改后复核（实现轮验收读数；rc=0，九道判据全绿）=====
CMD: CUDA_VISIBLE_DEVICES="" JAX_ENABLE_X64=1 PYTHONPATH=src /tmp/amvenv/bin/python docs/evidence/2026-10-08/am_t34_t36_post_fix_check.py
DATE: 2026-10-08 20:56:04 +0800
TREE: head=146c27c（分片 16）＋本轮未提交改动 3 项（particle_am.py / server.py / tests/test_lsf_deposition.py）
CHECK-MD5: 7dda679a0496（am_t34_t36_post_fix_check.py）
REF-PROVENANCE: 参照数不在本件内手抄；由 parse_probe() 从 docs/evidence/2026-10-08/am_t34_t36_lsf_probe.log（md5 795487bf839f）的 K0/K3/处置三处表格解析，配 3 道解析器守护（6 副点云齐全＋K0/K3 非零三列互证＋截断日志必须炸）
DEVICE: CPU 钉死（用户 2026-10-08 指示「继续，先不要占用GPU」）
NOTE: 与探针成对：探针的 K2a/K2b/K2c 变体钉在改前公式上，实现轮把截断挪到归一之前
NOTE:   ⇒ 那些变体按设计不再逐位相同；本件因此用"改前实测数＝上界/参照"而非"复现改前位型"作尺子。
NOTE: 判据（跑前写死）：C0 全树 src. 普查=0 且 HEAD 命中>0｜C1 闭合<1e-12 且 ≤10×改前参考序最差闭合
NOTE:   ｜C1b 与日志参照列 <1e-6｜C1r 真生产夹具同判｜C2 非零计数逐一相同｜C3 Δmass==ṁ·dt <1e-12
NOTE:   ｜C4 ∂Σs/∂feed==η <1e-9｜C5 新测试 6 passed｜C5b SLM 恒零
== #34/#36 改后复核（实现轮验收）==
   REPO＝/home/shy/桌面/2026年开发-显式冲击有限元-物质点法-sph-fvm+am/AM-Qoder
   device 钉 CPU（CUDA_VISIBLE_DEVICES=''，用户 2026-10-08「先不要占用GPU」）
  参照来源＝/home/shy/桌面/2026年开发-显式冲击有限元-物质点法-sph-fvm+am/AM-Qoder/docs/evidence/2026-10-08/am_t34_t36_lsf_probe.log
  解析到参照：ṁ_log=3.500000e-04，改前参考序最差闭合=1.548860e-16，6 副点云非零计数={'A2x2': 2, 'grid17': 261, 'line25': 25, 'g3d11': 363, 'tight': 81, 'wide': 41}
  解析器正对照 ⇒ PASS(截断日志⇒K3 解析不全：[])

  head=146c27c；本轮被改文件（src/tests 脏项）＝3 行
      M src/diffmech/methods/am/particle_am.py
       M src/diffmech/server.py
      ?? tests/test_lsf_deposition.py

[C0] 全树 `src.` 前缀导入普查：现树＝0 行；HEAD 同正则命中＝3 行 [2, 1]（>0 ⇒ 正则与范围都有效）⇒ PASS

  守卫实际认的类＝diffmech.methods.am.process；ṁ_total=3.500000e-04 kg/s（与日志夹具差 0.00e+00）；feed=5.000000e-04 × η=0.7

[C1/C2] 生产口径 Σ s 与闭合（参照列由命令从日志解析）
  cloud       N       Σs(改后)      闭合相对差    非零      参照Σs(日志)    参照非零       列间差      判定
  A2x2        2 3.500000e-04   1.55e-16     2  3.500000e-04       2  1.55e-16      OK
  grid17    289 3.500000e-04   1.55e-16   261  3.500000e-04     261  1.55e-16      OK
  line25     25 3.500000e-04   0.00e+00    25  3.500000e-04      25  0.00e+00      OK
  g3d11     363 3.500000e-04   0.00e+00   363  3.500000e-04     363  0.00e+00      OK
  tight      81 3.500000e-04   3.10e-16    81  3.500000e-04      81  3.10e-16      OK
  wide      441 3.500000e-04   1.55e-16    41  3.500000e-04      41  1.55e-16      OK
  C1 六副点云闭合全部 <1e-12 且 ≤10×改前参考序最差闭合 ⇒ PASS
  C1b 与日志『参考序Σs』列一致（<1e-6，即同题同数）⇒ PASS
  C2 非零计数与改前参照（两列互证）逐一相同 ⇒ PASS（⇒ 闭合不是因为截断失效）
  C1r 真生产夹具（from_waypoints/multi_layer_paths）闭合＋非零 ⇒ PASS；与桩夹具逐位相同的点云数＝6/6
  C5b SLM 配置仍恒零（True，N=25）⇒ PASS(守卫没放宽成恒真)

[C3] 一步 LSF：Σ Δmass=3.500000000e-08 kg，预期 ṁ·dt=3.500000000e-08 kg，相对差 1.31e-13；ΔT 和=1.654696e+01 K ⇒ PASS（改前实测恒 0）
     活化前移读数（不判定）：max ḟrac=7.003399e-04 vs 阈值 1e-03 ⇒ 前移发生＝False（此阈值可达性＝另立登记项）
[C4] ∂Σ s/∂feed=7.000000000000e-01 vs 解析预期 deposition_efficiency=7.000000000000e-01 ⇒ PASS（改前实测 0.0）

[C5] 收集网里的新测试
  6 passed in 5.27s
  ⇒ 改后记分（改前同一份文件＝4 failed / 2 passed）：6 passed in 5.27s ⇒ PASS

[处置] C0∧C1∧C1b∧C1r∧C2∧C3∧C4∧C5∧C5b ⇒ #34/#36 实现轮验收成立
  全量记分见 am_t34_t36_full_regression.log（A0 两条登记红灯应逐字符未变）
