===== #25 第 7 轮：把第 6 轮剩下的那句「域刀锋解释不了全部」拆开——**cap_w 刀锋层**还是**域体积**？
      monkeypatch 消融三臂（P／A1／A2）＋逐位恒等正对照；③ 代、`src/` 零改动 =====
TREE: head=092508e  dirty_src=0  （`git status --porcelain -- src tests` 输出 0 行 ⇒ `src/` 自 d7404f4
      （#23 落地）一字未动，代码代际＝③；本轮只新增本探针＋本 log）
PROBE: docs/evidence/2026-10-08/am_t25r7_capw_ablation_probe.py
NOTE: 判据 R0a/R0b/R0c/R0s/R1–R4 **写在探针 docstring 里、跑生产之前落盘**；本 log 不新增判据，
      只登记跑前/跑后对判据的**修正**与**缺陷**（跑前 5 条：R0b-1/R0b-2/R0b-3/R0c-1/R3-1；跑后 3 条：D1/D2/D3），每条都写明依据。
NOTE: **行号约定**：文中「落盘 0/1/2 L##」＝**该段原始 stdout 的行号**（不是本 log 文件的行号；
      每段都是把原始 stdout 全文照贴、一字未改，故可直接对表）。
NOTE: 本轮问题（第 6 轮 K3＝分支 A、K4 留下的唯一不闭合项）：同 dx 跨 δ 的**形态差**（VsS
      3.455/1.653/0.878% @ dx=50/25/12.5µm）**大于**同处的**域质量差**（Mdom 0.937/0.238/0.060%）
      ⇒ 域刀锋（δ=0 比 δ=0.25/0.5 多一整层表面体素）解释不了全部。候选机制＝δ=0 那层 `fv=0.5`
      表面体素**同时**是 #23 的 `cap_w = max(fv, CUT_CAPACITY_FLOOR=0.5)` 的下限作用处（`thermal_enthalpy.py:616`
      ⇒ 那里每单位能量的温升是内层的 2 倍＝**热容**差，不只是**体积**差。本轮用消融判它。
NOTE: 三臂（monkeypatch `TE.CUT_CAPACITY_FLOOR`，`contextlib` 包住、`try/finally` 复原；
      只诊断、不改码、不进默认链、不进断言＝R4）：
        P  ＝ floor 0.5（生产，#23 现行）
        A1 ＝ floor 1.0 ⇒ `cap_w ≡ max(fv,1)=1` ⇒ rhs 不再被除 ＝ **#23 之前的口径**（主归因臂）
        A2 ＝ floor 0.75 ⇒ 只重判 `fv<0.75` 的格（低份额壳／空气格）
      归因：`G_P/G_A1/G_A2`＝同 dx 的 rel(X(δ=0), X(δ=0.25))，X∈{VsS 主、Vn 次}；`D`＝同处域质量差（与臂无关）；
      `share_capw=(G_P−G_A1)/G_P`、`share_floor=(G_P−G_A2)/G_P`。
NOTE: 结果预告（详见末尾「裁决」）：**R0s/R0a/R0b/R0c/R1–R4 全过、FAILS 无**，但 R3 落在**分支 β**
      且 `share_capw` 为**负**（−495.8/−611.1/−683.3%）⇒ cap_w 不是跨 δ 形态差的成因，而是把该差
      **压制了**的东西（关掉后 VsS 差放大 5.96～7.83 倍、Vn 放大 3.40～14.82 倍）；#25 余下的跨 δ 差的
      主候选改判为**边界通道**（附表 B 第 1 条：δ=0 档根本没有空气格 ⇒ 没有绝热自由面，这条通道 A1/A2 都碰不到）。

—— 跑前修正（依据＝下面**落盘 0**，全部发生在花钱的 GPU 生产段之前；只动判据的分派与容差，
   未动生产段、未动 5%/O1/A0 断言量、未调任何系数）——
R0b-1 判据量 `|Δpeak| ≥ 0.1 K` → **全场** `max|ΔT| ≥ 0.1 K`。依据＝落盘 0：δ=0.5 档实测 `Δpeak=0.000 K`
      而两个数组**逐位不等**。这不是 patch 死，而是 #23 在该档**可证为恒等操作**（δ=0.5 时实体内 `fv≡1`，
      prefix 实测 `min(fv|实体)=1.000000` ⇒ 实体内右端项逐位不变 ⇒ 峰值格不动）。同时把
      「δ=0.5 档 Δpeak **恰为 0**」登记成一条**新的、能失败的**预测（落盘 0／落盘 2 均三档命中）。
R0b-2 全场 `max|ΔT|` 在 δ=0.5 档仍 FAIL，实测 `9.095e-13 K`（＝2300 K 的 4e-16 ⇒ 纯舍入）：该档改动集 279 格
      ＝218 格 `fv=0`（空气）＋61 格 `fv=1−1ulp` ⇒ **有材料且真被切开**（`EPS<fv<1−EPS`）的格数＝0 ⇒ A1 在该档
      是**算术恒等**。⇒ R0b 改成**两支、两侧都能失败**，用 `n_far`（改动集里 `EPS<fv<1−EPS` 的格数）分派：
        · `n_far>0` ⇒ 必须 live（两数组逐位不等）**且** `max|ΔT| ≥ 0.1 K`，否则 VOID；
        · `n_far=0` ⇒ 必须 live-but-noise：`max|ΔT| < 1e-9 K`（这一侧同样能失败：若恒等档测出 ≥1e-9 K，
          说明 floor 还经**除 cap_w 之外**的路径进入求解＝真发现，照实登记）；
      空气格不计（其分子按 `thermal_enthalpy.py:840` 恒为 0，改 cap_w 不该有效应；若有效应由恒等档那侧抓出）。
      附带收益：恒等档的 `max|ΔT|` ＝**本求解器同夹具下的舍入噪声地板**（本轮实测，见附表 B 第 6 条）。
R0b-3（同一轮内的第三次分派修正）`n_far` 曾把空气格算进「有活要干」⇒ prefix 第三跑 FAIL；
      改为 `ch1 & (fv>EPS) & (fv<1−EPS)`。依据＝落盘 0 的 δ=0.25/0.5 档空气格数 715/1336 等。
R0c-1 「无材料」分界由 `MAT_EPS=1e-6` 改为**代码自己的** `fv==0`（用 EPS=1e-9）。prefix 实测 9 格生产夹具＋
      3 档小夹具的 `EPS<fv≤1e-6` 改动格数**全为 0** ⇒ 两种分界给出**同一预测**（故该条不是靠放宽过关）；
      但正确分界必须是 `fv==0`，因为 `0<fv≤1e-6` 的格分子正比于 fv、换 cap_w 必给非零差。
      `EPS<fv≤1e-6` 的格数照样打印供诊断。⚠ 改动集一律用与代码同款的精确 `!=`，分带只作读数——
      prefix 实测 δ=0.25·dx=50 确有 **192** 格落在 `0.75−1ulp`（精确比较里属改动集、EPS 分带里属 `[.75,1)`）。
R3-1 「**消融覆盖面**」声明（跑前写死，防止把「测不到」读成「不存在」）：prefix 实测 δ=0 档**全网格
      `fv≤EPS` 的格数＝0**（`nvox`＝格总数 2925/20825/156849 ⇒ 实体掩膜处处 1 ⇒ `_div_alpha_grad` 在该档
      **一个面都不闭合**＝该档**没有绝热自由面**），而 δ=0.25 有 715/2575/9751 个空气格 ⇒ δ=0↔δ=0.25 之间
      除 cap_w 外还差一整条**边界通道**；它由二值 `mask` 决定、**不由 floor 决定** ⇒ **A1/A2 都碰不到**。
      本轮不为它加臂（加臂要动 mask＝改默认链），只登记给 #24/#30。

—— 跑后修正／缺陷（都在**读数之后**发现，逐条写明是否影响过任何被引用的数）——
D1（探针缺陷，非求解器；由 R1 抓到）：R1 的对表把第 6 轮的**界面格**（严格部分亚格 `0<φ_L<1`、未加中心掩膜，
    定义＝`am_t25r6_facesplit_probe.py:180`）抄成了**候选格**（`stencil_max(F)≥level` 的格数）⇒ R1 报 **0/8**
    （落盘 1）。已改 `quantities()`：界面格由 `pL8` 重新计数、候选格**另列**且第 6 轮未印 ⇒ 不参与对表。
    后果：落盘 1 整体作废重跑（落盘 2）；两跑对照下 **6 个实数读数（peak/Vn/Vs/VsS/Mdom/Mcen）与其余四个
    整数（熔体素/触壳/邻非实体/nvox）一直相同**，错的只有「界面格」这一列的**定义**（⇒ 见「跨跑一致性」）。
D2（探针缺陷）：新加的全局 list `NOISE` 遮蔽了跑前登记的标量容差 `NOISE=0.015` ⇒ R3 段
    `bar = max(2·D, NOISE)` 抛 `TypeError`（落盘 1 末尾 traceback，EXIT=1）。崩溃点在**全部求解之后、
    任何 R3 读数打印之前** ⇒ 没有产生任何被误读的数；已改名 `NOISE_FLOOR`，`NOISE=0.015` 与跑前判据文字
    一字未改（不是把门槛改了让它过）。
D3（**预注册缺陷**，本轮照实登记、不补判据）：R3 的 α/β/γ 三分类**没有为 `G_A1 > G_P`（share 为负）留分支**。
    实测 `G_A1/G_P`＝**VsS 5.96/7.11/7.83 倍、Vn 3.40/7.79/14.82 倍**（dx=50/25/12.5）⇒ β 的**文字**
    「A1 几乎不动跨 δ 差」在数量上是错的（A1 把它**放大**了，方向与 β 的假设相反）。
    β 的**不等式**（三档全部 `G_A1 ≥ 0.8·G_P`）与 β 的**处置**（超出体积的那部分与 cap_w 无关 ⇒ 归 #30/#24）
    照实成立 ⇒ **不改判**，只登记分类线的缺口（下轮若再用消融归因，判据需含「负 share＝该通道是抑制项」）。

NOTE: 保留说明：R0b-1／R0b-2／R0b-3 三条修正**所依据的**前三次 prefix stdout 是控制台输出、未单独存档
      （过程故障：修正跑未落盘）；其关键读数已逐条抄进上面的修正记录。本 log 的**落盘 0＝最终码的 prefix**，
      于 09:17:50 复跑，EXIT=0，且与 08:58 那次（修正前的同一 prefix 段）**逐字节相同**（`diff` 去 EXIT 行后无差异）
      ⇒ 判据修正未改动 prefix 段任何计算。
NOTE: 本轮 GPU 占用：三次 prefix 全部 `CUDA_VISIBLE_DEVICES=""`（CPU）；两次生产段用 A6000。
      复核（2026-10-08 09:20:55，`nvidia-smi`）＝他人 3 个 compute 进程 588/296/296 MiB、全卡 2620/49140 MiB、
      util 13% ⇒ 卡基本空闲，本轮**未抢占**任何他人进程；落盘 2（119s）用毕即归还。

----- 落盘 0：跑前缀（纯 CPU，`CUDA_VISIBLE_DEVICES=""`；R0s 先验＋小夹具 R0a/R0b/R0c；生产段一行未执行）-----
CMD: CUDA_VISIBLE_DEVICES="" PYTHONPATH=<repo>/src JAX_ENABLE_X64=1 /tmp/amvenv/bin/python \
       docs/evidence/2026-10-08/am_t25r7_capw_ablation_probe.py --prefix0
DATE: 2026-10-08 09:17:50 +0800（最终码复跑；08:58:43 那版 prefix 段与其逐字节相同）
EXIT=0  ＝原始 stdout 全文（含 JAX 的 CUDA 探测报错，那是 CPU 跑的证明、不是故障）
Jax plugin configuration error: Exception when calling jax_plugins.xla_cuda13.initialize()
Traceback (most recent call last):
  File "/home/shy/.local/lib/python3.12/site-packages/jax/_src/xla_bridge.py", line 495, in discover_pjrt_plugins
    plugin_module.initialize()
  File "/home/shy/.local/lib/python3.12/site-packages/jax_plugins/xla_cuda13/__init__.py", line 370, in initialize
    _check_cuda_versions(raise_on_first_error = True)
  File "/home/shy/.local/lib/python3.12/site-packages/jax_plugins/xla_cuda13/__init__.py", line 274, in _check_cuda_versions
    for d in range(cuda_versions.cuda_device_count())
                   ^^^^^^^^^^^^^^^^^^^^^^^^^^^^^^^^^
RuntimeError: jaxlib/cuda/versions_helpers.cc:135: operation cuInit(0) failed: CUDA_ERROR_NO_DEVICE
An NVIDIA GPU may be present on this machine, but a CUDA-enabled jaxlib is not installed. Falling back to cpu.

=== 探针自检：CUT_CAPACITY_FLOOR 生产值＝0.5；三臂＝{'P': None, 'A1': 1.0, 'A2': 0.75} ===
  cap_w 出处＝`thermal_enthalpy.py:616` 的 `cap_w = jnp.maximum(fv, CUT_CAPACITY_FLOOR)` ⇒ 模块全局、在**函数体内**读取 ⇒ monkeypatch 应当生效（R0b 去实测它，不靠推断）
  n_steps 出处＝`suggest_n_steps`／`solve_enthalpy_thermal` 内的 CFL 校核 ⇒ 只含 dx 与 cfl，**不含** floor（floor 只在 :678 的 cfl_eff 守卫里，越界才 raise、不改步数）⇒ 三臂同离散

=== R0s＋R0c 先验：生产夹具每格 fv 分带与 cap_w 改动集（未做任何求解）===
  δ=0.00 dx= 50.0 shape=(25, 13, 9) 格总数=2925 nvox=   2925 min(fv|实体)=0.500000 Mdom=0.29350 |
      fv 分带（全网格）：=1=1771 [.75,1)=0 ==.5=1154 (0,.75)=0 ==0=0
      fv 分带（实体内）：=1=1771 [.75,1)=0 ==.5=1154 (0,.75)=0 ==0=0
      A1 判据分派：改动集=1154 格，其中**有材料且被真切**（`EPS<fv<1−EPS`）=1154 格、`fv=1−1ulp`=0 格、`fv≤EPS`（空气）=0 格 ⇒ R0b 走**有效档（须 max|ΔT|≥0.1 K）**
      cap_w 改动集：A1=1154 格 ／ A2=1154 格（A2 内含材料 fv>EPS 的=1154，其中 EPS<fv≤1e-6 的=0，无材料 fv≤EPS 的=0）⇒ A2 预测＝**逐位不等**
  δ=0.25 dx= 50.0 shape=(26, 14, 10) 格总数=3640 nvox=   2304 min(fv|实体)=0.750000 Mdom=0.29075 |
      fv 分带（全网格）：=1=1771 [.75,1)=533 ==.5=0 (0,.75)=621 ==0=715
      fv 分带（实体内）：=1=1771 [.75,1)=533 ==.5=0 (0,.75)=0 ==0=0
      A1 判据分派：改动集=1869 格，其中**有材料且被真切**（`EPS<fv<1−EPS`）=1154 格、`fv=1−1ulp`=0 格、`fv≤EPS`（空气）=715 格 ⇒ R0b 走**有效档（须 max|ΔT|≥0.1 K）**
      cap_w 改动集：A1=1869 格 ／ A2=1528 格（A2 内含材料 fv>EPS 的=813，其中 EPS<fv≤1e-6 的=0，无材料 fv≤EPS 的=715）⇒ A2 预测＝**逐位不等**
  δ=0.50 dx= 50.0 shape=(26, 14, 10) 格总数=3640 nvox=   2304 min(fv|实体)=1.000000 Mdom=0.28800 |
      fv 分带（全网格）：=1=2304 [.75,1)=0 ==.5=0 (0,.75)=0 ==0=1336
      fv 分带（实体内）：=1=2304 [.75,1)=0 ==.5=0 (0,.75)=0 ==0=0
      A1 判据分派：改动集=1432 格，其中**有材料且被真切**（`EPS<fv<1−EPS`）=0 格、`fv=1−1ulp`=96 格、`fv≤EPS`（空气）=1336 格 ⇒ R0b 走**恒等档（须 max|ΔT|<1e-9 K，同时给出噪声地板）**
      cap_w 改动集：A1=1432 格 ／ A2=1336 格（A2 内含材料 fv>EPS 的=0，其中 EPS<fv≤1e-6 的=0，无材料 fv≤EPS 的=1336）⇒ A2 预测＝**逐位不变**
  δ=0.00 dx= 25.0 shape=(49, 25, 17) 格总数=20825 nvox=  20825 min(fv|实体)=0.500000 Mdom=0.28937 |
      fv 分带（全网格）：=1=16215 [.75,1)=0 ==.5=4610 (0,.75)=0 ==0=0
      fv 分带（实体内）：=1=16215 [.75,1)=0 ==.5=4610 (0,.75)=0 ==0=0
      A1 判据分派：改动集=4610 格，其中**有材料且被真切**（`EPS<fv<1−EPS`）=4610 格、`fv=1−1ulp`=0 格、`fv≤EPS`（空气）=0 格 ⇒ R0b 走**有效档（须 max|ΔT|≥0.1 K）**
      cap_w 改动集：A1=4610 格 ／ A2=4610 格（A2 内含材料 fv>EPS 的=4610，其中 EPS<fv≤1e-6 的=0，无材料 fv≤EPS 的=0）⇒ A2 预测＝**逐位不等**
  δ=0.25 dx= 25.0 shape=(50, 26, 18) 格总数=23400 nvox=  18432 min(fv|实体)=0.750000 Mdom=0.28869 |
      fv 分带（全网格）：=1=16215 [.75,1)=2217 ==.5=0 (0,.75)=2393 ==0=2575
      fv 分带（实体内）：=1=16215 [.75,1)=2217 ==.5=0 (0,.75)=0 ==0=0
      A1 判据分派：改动集=7185 格，其中**有材料且被真切**（`EPS<fv<1−EPS`）=4610 格、`fv=1−1ulp`=0 格、`fv≤EPS`（空气）=2575 格 ⇒ R0b 走**有效档（须 max|ΔT|≥0.1 K）**
      cap_w 改动集：A1=7185 格 ／ A2=5352 格（A2 内含材料 fv>EPS 的=2777，其中 EPS<fv≤1e-6 的=0，无材料 fv≤EPS 的=2575）⇒ A2 预测＝**逐位不等**
  δ=0.50 dx= 25.0 shape=(50, 26, 18) 格总数=23400 nvox=  18432 min(fv|实体)=1.000000 Mdom=0.28800 |
      fv 分带（全网格）：=1=18432 [.75,1)=0 ==.5=0 (0,.75)=0 ==0=4968
      fv 分带（实体内）：=1=18432 [.75,1)=0 ==.5=0 (0,.75)=0 ==0=0
      A1 判据分派：改动集=6104 格，其中**有材料且被真切**（`EPS<fv<1−EPS`）=0 格、`fv=1−1ulp`=1136 格、`fv≤EPS`（空气）=4968 格 ⇒ R0b 走**恒等档（须 max|ΔT|<1e-9 K，同时给出噪声地板）**
      cap_w 改动集：A1=6104 格 ／ A2=4968 格（A2 内含材料 fv>EPS 的=0，其中 EPS<fv≤1e-6 的=0，无材料 fv≤EPS 的=4968）⇒ A2 预测＝**逐位不变**
  δ=0.00 dx= 12.5 shape=(97, 49, 33) 格总数=156849 nvox= 156849 min(fv|实体)=0.500000 Mdom=0.28834 |
      fv 分带（全网格）：=1=138415 [.75,1)=0 ==.5=18434 (0,.75)=0 ==0=0
      fv 分带（实体内）：=1=138415 [.75,1)=0 ==.5=18434 (0,.75)=0 ==0=0
      A1 判据分派：改动集=18434 格，其中**有材料且被真切**（`EPS<fv<1−EPS`）=18434 格、`fv=1−1ulp`=0 格、`fv≤EPS`（空气）=0 格 ⇒ R0b 走**有效档（须 max|ΔT|≥0.1 K）**
      cap_w 改动集：A1=18434 格 ／ A2=18434 格（A2 内含材料 fv>EPS 的=18434，其中 EPS<fv≤1e-6 的=0，无材料 fv≤EPS 的=0）⇒ A2 预测＝**逐位不等**
  δ=0.25 dx= 12.5 shape=(98, 50, 34) 格总数=166600 nvox= 147456 min(fv|实体)=0.750000 Mdom=0.28817 |
      fv 分带（全网格）：=1=138415 [.75,1)=9041 ==.5=0 (0,.75)=9393 ==0=9751
      fv 分带（实体内）：=1=138415 [.75,1)=9041 ==.5=0 (0,.75)=0 ==0=0
      A1 判据分派：改动集=28185 格，其中**有材料且被真切**（`EPS<fv<1−EPS`）=18434 格、`fv=1−1ulp`=0 格、`fv≤EPS`（空气）=9751 格 ⇒ R0b 走**有效档（须 max|ΔT|≥0.1 K）**
      cap_w 改动集：A1=28185 格 ／ A2=23720 格（A2 内含材料 fv>EPS 的=13969，其中 EPS<fv≤1e-6 的=0，无材料 fv≤EPS 的=9751）⇒ A2 预测＝**逐位不等**
  δ=0.50 dx= 12.5 shape=(98, 50, 34) 格总数=166600 nvox= 147456 min(fv|实体)=1.000000 Mdom=0.28800 |
      fv 分带（全网格）：=1=147456 [.75,1)=0 ==.5=0 (0,.75)=0 ==0=19144
      fv 分带（实体内）：=1=147456 [.75,1)=0 ==.5=0 (0,.75)=0 ==0=0
      A1 判据分派：改动集=23720 格，其中**有材料且被真切**（`EPS<fv<1−EPS`）=0 格、`fv=1−1ulp`=4576 格、`fv≤EPS`（空气）=19144 格 ⇒ R0b 走**恒等档（须 max|ΔT|<1e-9 K，同时给出噪声地板）**
      cap_w 改动集：A1=23720 格 ／ A2=19144 格（A2 内含材料 fv>EPS 的=0，其中 EPS<fv≤1e-6 的=0，无材料 fv≤EPS 的=19144）⇒ A2 预测＝**逐位不变**
  R0s ⇒ PASS（δ=0 有 fv≈0.5 刀锋层；δ=0.25/0.5 实体内无 fv<0.75）

=== 设备清单（长期规则：自称 GPU 实测必须含本行，写在 log 本体）===
  jax.devices() = [CpuDevice(id=0)]
  platform/backend = cpu / x64=True

=== R0a＋R0b＋R0c：消融机器在 0.4mm 立方 dx=80µm 上的验证（只验机器）===
  δ=0.00：R0a 确定性（连跑两次逐字节）＝相同 PASS｜n_steps=29 peak=2305.91 K｜格数=216（fv≤EPS=0、EPS<fv<0.75=152、0.75≤fv<1=0）
      R0b 生效性（有效档：EPS<fv<1−EPS 的格数=152 ⇒ 两个数组都须逐位不等且 max|ΔT| ≥ 0.1 K）：cap_w 改动格数（fv<1）=152／216（fv>EPS=152）｜peak 数组逐位不等、final 场逐位不等，全场 max|ΔT|=5.537e+02 K｜Δpeak(max)=146.792 K ⇒ PASS
      R0b 附带预测（跑前登记，能失败）：δ=0.5 ⇒ Δpeak **恰为 0**（实体内 fv≡1 ⇒ cap_w 恒等），δ=0/0.25 ⇒ Δpeak ≥ 0.1 K。实测 Δpeak=146.792 K ⇒ 命中
      R0c 作用域：A2 改动格数=152（fv>EPS 的=152，其中 EPS<fv≤1e-6=0）⇒ 预测逐位不等；实测至少一个不等（全场 max|ΔT|=3.578e+02 K）⇒ 一致 PASS
  δ=0.25：R0a 确定性（连跑两次逐字节）＝相同 PASS｜n_steps=29 peak=2334.72 K｜格数=343（fv≤EPS=127、EPS<fv<0.75=91、0.75≤fv<1=61）
      R0b 生效性（有效档：EPS<fv<1−EPS 的格数=152 ⇒ 两个数组都须逐位不等且 max|ΔT| ≥ 0.1 K）：cap_w 改动格数（fv<1）=279／343（fv>EPS=152）｜peak 数组逐位不等、final 场逐位不等，全场 max|ΔT|=3.652e+02 K｜Δpeak(max)=83.877 K ⇒ PASS
      R0b 附带预测（跑前登记，能失败）：δ=0.5 ⇒ Δpeak **恰为 0**（实体内 fv≡1 ⇒ cap_w 恒等），δ=0/0.25 ⇒ Δpeak ≥ 0.1 K。实测 Δpeak=83.877 K ⇒ 命中
      R0c 作用域：A2 改动格数=218（fv>EPS 的=91，其中 EPS<fv≤1e-6=0）⇒ 预测逐位不等；实测至少一个不等（全场 max|ΔT|=2.434e+02 K）⇒ 一致 PASS
  δ=0.50：R0a 确定性（连跑两次逐字节）＝相同 PASS｜n_steps=29 peak=2315.13 K｜格数=343（fv≤EPS=218、EPS<fv<0.75=0、0.75≤fv<1=61）
      R0b 生效性（恒等档：改动集内有材料且被真切（EPS<fv<1−EPS）的格数=0 ⇒ 两侧都要过：逐位可不等但 max|ΔT| 必须 <1e-9 K）：cap_w 改动格数（fv<1）=279／343（fv>EPS=61）｜peak 数组逐位不等、final 场逐位不等，全场 max|ΔT|=9.095e-13 K｜Δpeak(max)=0.000 K ⇒ PASS（恒等档＝#23 可证为算术恒等；顺带取噪声地板）
      R0b 附带预测（跑前登记，能失败）：δ=0.5 ⇒ Δpeak **恰为 0**（实体内 fv≡1 ⇒ cap_w 恒等），δ=0/0.25 ⇒ Δpeak ≥ 0.1 K。实测 Δpeak=0.000 K ⇒ 命中
      R0c 作用域：A2 改动格数=218（fv>EPS 的=0，其中 EPS<fv≤1e-6=0）⇒ 预测逐位不变；实测两数组都逐位相同（全场 max|ΔT|=0.000e+00 K）⇒ 一致 PASS

[prefix0] 舍入噪声地板（恒等档 max|ΔT|，K）＝['9.095e-13'] ⇒ 低于此值的标量差**不得**解释为物理
[prefix0] R0s/R0a/R0b/R0c：VOID 触发=0／真发现=0，全部通过 ⇒ 前缀到此为止，生产段一行未执行。
EXIT=0

----- 落盘 1：消融机器全过、生产梯 24 次解全部解完，但 R1 被探针缺陷 D1 拖成 0/8，随后 D2 崩溃 ⇒ 本轮作废重跑 -----
CMD: PYTHONPATH=<repo>/src JAX_ENABLE_X64=1 /tmp/amvenv/bin/python \
       docs/evidence/2026-10-08/am_t25r7_capw_ablation_probe.py
DATE: 2026-10-08 09:04:02 +0800（输出文件 mtime＝末行写入时刻）
EXIT=1  ＝原始 stdout 全文。⚠ 本段的 R1 表（0/8）**只反映 D1**；其余每一行的读数与落盘 2 **相同**（D1 涉及的两列整数除外）；比较方法与差异清单见下面「跨跑一致性」段


=== 探针自检：CUT_CAPACITY_FLOOR 生产值＝0.5；三臂＝{'P': None, 'A1': 1.0, 'A2': 0.75} ===
  cap_w 出处＝`thermal_enthalpy.py:616` 的 `cap_w = jnp.maximum(fv, CUT_CAPACITY_FLOOR)` ⇒ 模块全局、在**函数体内**读取 ⇒ monkeypatch 应当生效（R0b 去实测它，不靠推断）
  n_steps 出处＝`suggest_n_steps`／`solve_enthalpy_thermal` 内的 CFL 校核 ⇒ 只含 dx 与 cfl，**不含** floor（floor 只在 :678 的 cfl_eff 守卫里，越界才 raise、不改步数）⇒ 三臂同离散

=== R0s＋R0c 先验：生产夹具每格 fv 分带与 cap_w 改动集（未做任何求解）===
  δ=0.00 dx= 50.0 shape=(25, 13, 9) 格总数=2925 nvox=   2925 min(fv|实体)=0.500000 Mdom=0.29350 |
      fv 分带（全网格）：=1=1771 [.75,1)=0 ==.5=1154 (0,.75)=0 ==0=0
      fv 分带（实体内）：=1=1771 [.75,1)=0 ==.5=1154 (0,.75)=0 ==0=0
      A1 判据分派：改动集=1154 格，其中**有材料且被真切**（`EPS<fv<1−EPS`）=1154 格、`fv=1−1ulp`=0 格、`fv≤EPS`（空气）=0 格 ⇒ R0b 走**有效档（须 max|ΔT|≥0.1 K）**
      cap_w 改动集：A1=1154 格 ／ A2=1154 格（A2 内含材料 fv>EPS 的=1154，其中 EPS<fv≤1e-6 的=0，无材料 fv≤EPS 的=0）⇒ A2 预测＝**逐位不等**
  δ=0.25 dx= 50.0 shape=(26, 14, 10) 格总数=3640 nvox=   2304 min(fv|实体)=0.750000 Mdom=0.29075 |
      fv 分带（全网格）：=1=1771 [.75,1)=533 ==.5=0 (0,.75)=621 ==0=715
      fv 分带（实体内）：=1=1771 [.75,1)=533 ==.5=0 (0,.75)=0 ==0=0
      A1 判据分派：改动集=1869 格，其中**有材料且被真切**（`EPS<fv<1−EPS`）=1154 格、`fv=1−1ulp`=0 格、`fv≤EPS`（空气）=715 格 ⇒ R0b 走**有效档（须 max|ΔT|≥0.1 K）**
      cap_w 改动集：A1=1869 格 ／ A2=1528 格（A2 内含材料 fv>EPS 的=813，其中 EPS<fv≤1e-6 的=0，无材料 fv≤EPS 的=715）⇒ A2 预测＝**逐位不等**
  δ=0.50 dx= 50.0 shape=(26, 14, 10) 格总数=3640 nvox=   2304 min(fv|实体)=1.000000 Mdom=0.28800 |
      fv 分带（全网格）：=1=2304 [.75,1)=0 ==.5=0 (0,.75)=0 ==0=1336
      fv 分带（实体内）：=1=2304 [.75,1)=0 ==.5=0 (0,.75)=0 ==0=0
      A1 判据分派：改动集=1432 格，其中**有材料且被真切**（`EPS<fv<1−EPS`）=0 格、`fv=1−1ulp`=96 格、`fv≤EPS`（空气）=1336 格 ⇒ R0b 走**恒等档（须 max|ΔT|<1e-9 K，同时给出噪声地板）**
      cap_w 改动集：A1=1432 格 ／ A2=1336 格（A2 内含材料 fv>EPS 的=0，其中 EPS<fv≤1e-6 的=0，无材料 fv≤EPS 的=1336）⇒ A2 预测＝**逐位不变**
  δ=0.00 dx= 25.0 shape=(49, 25, 17) 格总数=20825 nvox=  20825 min(fv|实体)=0.500000 Mdom=0.28937 |
      fv 分带（全网格）：=1=16215 [.75,1)=0 ==.5=4610 (0,.75)=0 ==0=0
      fv 分带（实体内）：=1=16215 [.75,1)=0 ==.5=4610 (0,.75)=0 ==0=0
      A1 判据分派：改动集=4610 格，其中**有材料且被真切**（`EPS<fv<1−EPS`）=4610 格、`fv=1−1ulp`=0 格、`fv≤EPS`（空气）=0 格 ⇒ R0b 走**有效档（须 max|ΔT|≥0.1 K）**
      cap_w 改动集：A1=4610 格 ／ A2=4610 格（A2 内含材料 fv>EPS 的=4610，其中 EPS<fv≤1e-6 的=0，无材料 fv≤EPS 的=0）⇒ A2 预测＝**逐位不等**
  δ=0.25 dx= 25.0 shape=(50, 26, 18) 格总数=23400 nvox=  18432 min(fv|实体)=0.750000 Mdom=0.28869 |
      fv 分带（全网格）：=1=16215 [.75,1)=2217 ==.5=0 (0,.75)=2393 ==0=2575
      fv 分带（实体内）：=1=16215 [.75,1)=2217 ==.5=0 (0,.75)=0 ==0=0
      A1 判据分派：改动集=7185 格，其中**有材料且被真切**（`EPS<fv<1−EPS`）=4610 格、`fv=1−1ulp`=0 格、`fv≤EPS`（空气）=2575 格 ⇒ R0b 走**有效档（须 max|ΔT|≥0.1 K）**
      cap_w 改动集：A1=7185 格 ／ A2=5352 格（A2 内含材料 fv>EPS 的=2777，其中 EPS<fv≤1e-6 的=0，无材料 fv≤EPS 的=2575）⇒ A2 预测＝**逐位不等**
  δ=0.50 dx= 25.0 shape=(50, 26, 18) 格总数=23400 nvox=  18432 min(fv|实体)=1.000000 Mdom=0.28800 |
      fv 分带（全网格）：=1=18432 [.75,1)=0 ==.5=0 (0,.75)=0 ==0=4968
      fv 分带（实体内）：=1=18432 [.75,1)=0 ==.5=0 (0,.75)=0 ==0=0
      A1 判据分派：改动集=6104 格，其中**有材料且被真切**（`EPS<fv<1−EPS`）=0 格、`fv=1−1ulp`=1136 格、`fv≤EPS`（空气）=4968 格 ⇒ R0b 走**恒等档（须 max|ΔT|<1e-9 K，同时给出噪声地板）**
      cap_w 改动集：A1=6104 格 ／ A2=4968 格（A2 内含材料 fv>EPS 的=0，其中 EPS<fv≤1e-6 的=0，无材料 fv≤EPS 的=4968）⇒ A2 预测＝**逐位不变**
  δ=0.00 dx= 12.5 shape=(97, 49, 33) 格总数=156849 nvox= 156849 min(fv|实体)=0.500000 Mdom=0.28834 |
      fv 分带（全网格）：=1=138415 [.75,1)=0 ==.5=18434 (0,.75)=0 ==0=0
      fv 分带（实体内）：=1=138415 [.75,1)=0 ==.5=18434 (0,.75)=0 ==0=0
      A1 判据分派：改动集=18434 格，其中**有材料且被真切**（`EPS<fv<1−EPS`）=18434 格、`fv=1−1ulp`=0 格、`fv≤EPS`（空气）=0 格 ⇒ R0b 走**有效档（须 max|ΔT|≥0.1 K）**
      cap_w 改动集：A1=18434 格 ／ A2=18434 格（A2 内含材料 fv>EPS 的=18434，其中 EPS<fv≤1e-6 的=0，无材料 fv≤EPS 的=0）⇒ A2 预测＝**逐位不等**
  δ=0.25 dx= 12.5 shape=(98, 50, 34) 格总数=166600 nvox= 147456 min(fv|实体)=0.750000 Mdom=0.28817 |
      fv 分带（全网格）：=1=138415 [.75,1)=9041 ==.5=0 (0,.75)=9393 ==0=9751
      fv 分带（实体内）：=1=138415 [.75,1)=9041 ==.5=0 (0,.75)=0 ==0=0
      A1 判据分派：改动集=28185 格，其中**有材料且被真切**（`EPS<fv<1−EPS`）=18434 格、`fv=1−1ulp`=0 格、`fv≤EPS`（空气）=9751 格 ⇒ R0b 走**有效档（须 max|ΔT|≥0.1 K）**
      cap_w 改动集：A1=28185 格 ／ A2=23720 格（A2 内含材料 fv>EPS 的=13969，其中 EPS<fv≤1e-6 的=0，无材料 fv≤EPS 的=9751）⇒ A2 预测＝**逐位不等**
  δ=0.50 dx= 12.5 shape=(98, 50, 34) 格总数=166600 nvox= 147456 min(fv|实体)=1.000000 Mdom=0.28800 |
      fv 分带（全网格）：=1=147456 [.75,1)=0 ==.5=0 (0,.75)=0 ==0=19144
      fv 分带（实体内）：=1=147456 [.75,1)=0 ==.5=0 (0,.75)=0 ==0=0
      A1 判据分派：改动集=23720 格，其中**有材料且被真切**（`EPS<fv<1−EPS`）=0 格、`fv=1−1ulp`=4576 格、`fv≤EPS`（空气）=19144 格 ⇒ R0b 走**恒等档（须 max|ΔT|<1e-9 K，同时给出噪声地板）**
      cap_w 改动集：A1=23720 格 ／ A2=19144 格（A2 内含材料 fv>EPS 的=0，其中 EPS<fv≤1e-6 的=0，无材料 fv≤EPS 的=19144）⇒ A2 预测＝**逐位不变**
  R0s ⇒ PASS（δ=0 有 fv≈0.5 刀锋层；δ=0.25/0.5 实体内无 fv<0.75）

=== 设备清单（长期规则：自称 GPU 实测必须含本行，写在 log 本体）===
  jax.devices() = [CudaDevice(id=0)]
  platform/backend = gpu / x64=True

=== R0a＋R0b＋R0c：消融机器在 0.4mm 立方 dx=80µm 上的验证（只验机器）===
  δ=0.00：R0a 确定性（连跑两次逐字节）＝相同 PASS｜n_steps=29 peak=2305.91 K｜格数=216（fv≤EPS=0、EPS<fv<0.75=152、0.75≤fv<1=0）
      R0b 生效性（有效档：EPS<fv<1−EPS 的格数=152 ⇒ 两个数组都须逐位不等且 max|ΔT| ≥ 0.1 K）：cap_w 改动格数（fv<1）=152／216（fv>EPS=152）｜peak 数组逐位不等、final 场逐位不等，全场 max|ΔT|=5.537e+02 K｜Δpeak(max)=146.792 K ⇒ PASS
      R0b 附带预测（跑前登记，能失败）：δ=0.5 ⇒ Δpeak **恰为 0**（实体内 fv≡1 ⇒ cap_w 恒等），δ=0/0.25 ⇒ Δpeak ≥ 0.1 K。实测 Δpeak=146.792 K ⇒ 命中
      R0c 作用域：A2 改动格数=152（fv>EPS 的=152，其中 EPS<fv≤1e-6=0）⇒ 预测逐位不等；实测至少一个不等（全场 max|ΔT|=3.578e+02 K）⇒ 一致 PASS
  δ=0.25：R0a 确定性（连跑两次逐字节）＝相同 PASS｜n_steps=29 peak=2334.72 K｜格数=343（fv≤EPS=127、EPS<fv<0.75=91、0.75≤fv<1=61）
      R0b 生效性（有效档：EPS<fv<1−EPS 的格数=152 ⇒ 两个数组都须逐位不等且 max|ΔT| ≥ 0.1 K）：cap_w 改动格数（fv<1）=279／343（fv>EPS=152）｜peak 数组逐位不等、final 场逐位不等，全场 max|ΔT|=3.652e+02 K｜Δpeak(max)=83.877 K ⇒ PASS
      R0b 附带预测（跑前登记，能失败）：δ=0.5 ⇒ Δpeak **恰为 0**（实体内 fv≡1 ⇒ cap_w 恒等），δ=0/0.25 ⇒ Δpeak ≥ 0.1 K。实测 Δpeak=83.877 K ⇒ 命中
      R0c 作用域：A2 改动格数=218（fv>EPS 的=91，其中 EPS<fv≤1e-6=0）⇒ 预测逐位不等；实测至少一个不等（全场 max|ΔT|=2.434e+02 K）⇒ 一致 PASS
  δ=0.50：R0a 确定性（连跑两次逐字节）＝相同 PASS｜n_steps=29 peak=2315.13 K｜格数=343（fv≤EPS=218、EPS<fv<0.75=0、0.75≤fv<1=61）
      R0b 生效性（恒等档：改动集内有材料且被真切（EPS<fv<1−EPS）的格数=0 ⇒ 两侧都要过：逐位可不等但 max|ΔT| 必须 <1e-9 K）：cap_w 改动格数（fv<1）=279／343（fv>EPS=61）｜peak 数组逐位不等、final 场逐位不等，全场 max|ΔT|=9.095e-13 K｜Δpeak(max)=0.000 K ⇒ PASS（恒等档＝#23 可证为算术恒等；顺带取噪声地板）
      R0b 附带预测（跑前登记，能失败）：δ=0.5 ⇒ Δpeak **恰为 0**（实体内 fv≡1 ⇒ cap_w 恒等），δ=0/0.25 ⇒ Δpeak ≥ 0.1 K。实测 Δpeak=0.000 K ⇒ 命中
      R0c 作用域：A2 改动格数=218（fv>EPS 的=0，其中 EPS<fv≤1e-6=0）⇒ 预测逐位不变；实测两数组都逐位相同（全场 max|ΔT|=0.000e+00 K）⇒ 一致 PASS

=== 生产梯（floor=0.5）＋消融梯（A1=1.0／A2=0.75）同一批解 ===
  T_liquidus=1723.0 K  几何体积=0.288000 mm³  求解前 floor=0.5
  δ=0.00·dx dx= 50.0 nvox=   2925 峰值格带==1 界面格=1434 触壳=36 邻非实体=0 到面间隙=0格 余量=+0.0µm |
      P ＝peak2461.27 Vn0.06025 Vs0.08030 VsS0.07784 Mdom=0.29350 Mcen=0.36562 熔体素=482
      A1＝peak2349.07 Vn0.05187 VsS0.06064 （Δpeak=-112.20 K，ΔVsS=-22.10%，全场 max|ΔT|=5.603e+02 K，逐位不等）｜A2＝peak2391.08 Vn0.05350 VsS0.06755 （Δpeak= -70.19 K，ΔVsS=-13.22%，max|ΔT|=3.426e+02 K）⇒ A2 逐位与 P 不等／预测逐位不等
  δ=0.25·dx dx= 50.0 nvox=   2304 峰值格带==1 界面格=1605 触壳=0 邻非实体=738 到面间隙=0格 余量=+12.5µm |
      P ＝peak2447.27 Vn0.06275 Vs0.08063 VsS0.08063 Mdom=0.29075 Mcen=0.28800 熔体素=502
      A1＝peak2404.89 Vn0.06000 VsS0.07636 （Δpeak= -42.38 K，ΔVsS= -5.29%，全场 max|ΔT|=3.013e+02 K，逐位不等）｜A2＝peak2447.27 Vn0.06275 VsS0.08050 （Δpeak=  +0.00 K，ΔVsS= -0.16%，max|ΔT|=2.009e+02 K）⇒ A2 逐位与 P 不等／预测逐位不等
  δ=0.50·dx dx= 50.0 nvox=   2304 峰值格带==1 界面格=1642 触壳=0 邻非实体=486 到面间隙=0格 余量=+25.0µm |
      P ＝peak2433.15 Vn0.06400 Vs0.07678 VsS0.07678 Mdom=0.28800 Mcen=0.28800 熔体素=512
      A1＝peak2433.15 Vn0.06400 VsS0.07678 （Δpeak=  +0.00 K，ΔVsS= +0.00%，全场 max|ΔT|=1.819e-12 K，逐位不等）｜A2＝peak2433.15 Vn0.06400 VsS0.07678 （Δpeak=  +0.00 K，ΔVsS= +0.00%，max|ΔT|=0.000e+00 K）⇒ A2 逐位与 P 相同／预测逐位不变
  δ=0.00·dx dx= 25.0 nvox=  20825 峰值格带==1 界面格=8963 触壳=241 邻非实体=0 到面间隙=0格 余量=+0.0µm |
      P ＝peak2563.01 Vn0.06947 Vs0.08006 VsS0.07799 Mdom=0.28937 Mcen=0.32539 熔体素=4446
      A1＝peak2478.97 Vn0.05831 VsS0.06738 （Δpeak= -84.04 K，ΔVsS=-13.61%，全场 max|ΔT|=4.178e+02 K，逐位不等）｜A2＝peak2515.60 Vn0.06258 VsS0.07204 （Δpeak= -47.41 K，ΔVsS= -7.63%，max|ΔT|=3.681e+02 K）⇒ A2 逐位与 P 不等／预测逐位不等
  δ=0.25·dx dx= 25.0 nvox=  18432 峰值格带==1 界面格=9447 触壳=0 邻非实体=3006 到面间隙=0格 余量=+6.2µm |
      P ＝peak2554.96 Vn0.07062 Vs0.07930 VsS0.07930 Mdom=0.28869 Mcen=0.28800 熔体素=4520
      A1＝peak2524.23 Vn0.06683 VsS0.07635 （Δpeak= -30.73 K，ΔVsS= -3.72%，全场 max|ΔT|=3.502e+02 K，逐位不等）｜A2＝peak2554.96 Vn0.07062 VsS0.07925 （Δpeak=  +0.00 K，ΔVsS= -0.06%，max|ΔT|=2.335e+02 K）⇒ A2 逐位与 P 不等／预测逐位不等
  δ=0.50·dx dx= 25.0 nvox=  18432 峰值格带==1 界面格=8910 触壳=0 邻非实体=2970 到面间隙=0格 余量=+12.5µm |
      P ＝peak2565.18 Vn0.06473 Vs0.07303 VsS0.07303 Mdom=0.28800 Mcen=0.28800 熔体素=4143
      A1＝peak2565.18 Vn0.06473 VsS0.07303 （Δpeak=  +0.00 K，ΔVsS= +0.00%，全场 max|ΔT|=1.182e-11 K，逐位不等）｜A2＝peak2565.18 Vn0.06473 VsS0.07303 （Δpeak=  +0.00 K，ΔVsS= +0.00%，max|ΔT|=0.000e+00 K）⇒ A2 逐位与 P 相同／预测逐位不变
  δ=0.00·dx dx= 12.5 nvox= 156849 峰值格带==1 界面格=55184 触壳=1143 邻非实体=0 到面间隙=0格 余量=+0.0µm |
      P ＝peak2565.08 Vn0.07418 Vs0.07995 VsS0.07878 Mdom=0.28834 Mcen=0.30635 熔体素=37982
      A1＝peak2517.98 Vn0.06778 VsS0.07242 （Δpeak= -47.10 K，ΔVsS= -8.08%，全场 max|ΔT|=4.491e+02 K，逐位不等）｜A2＝peak2540.03 Vn0.07080 VsS0.07536 （Δpeak= -25.05 K，ΔVsS= -4.34%，max|ΔT|=2.539e+02 K）⇒ A2 逐位与 P 不等／预测逐位不等
  δ=0.25·dx dx= 12.5 nvox= 147456 峰值格带==1 界面格=56959 触壳=0 邻非实体=10449 到面间隙=0格 余量=+3.1µm |
      P ＝peak2555.81 Vn0.07453 Vs0.07948 VsS0.07948 Mdom=0.28817 Mcen=0.28800 熔体素=38157
      A1＝peak2538.70 Vn0.07273 VsS0.07776 （Δpeak= -17.11 K，ΔVsS= -2.15%，全场 max|ΔT|=3.414e+02 K，逐位不等）｜A2＝peak2555.81 Vn0.07453 VsS0.07947 （Δpeak=  +0.00 K，ΔVsS= -0.01%，max|ΔT|=2.276e+02 K）⇒ A2 逐位与 P 不等／预测逐位不等
  求解后 floor=0.5（生产值＝0.5）⇒ 已复原

=== R1 逐位复现第 6 轮（其 log L43-62 印值：peak/Vn/Vs/VsS/Mdom/Mcen＋五个整数）===
  δ=0.00 dx= 50.0: Δpeak=0.001 ΔVn=0.000000 ΔVs=0.000005 ΔVsS=0.000000 ΔMdom=0.000000 ΔMcen=0.000005 整数=有差 ⇒ 不一致
  δ=0.25 dx= 50.0: Δpeak=0.002 ΔVn=0.000000 ΔVs=0.000004 ΔVsS=0.000004 ΔMdom=0.000000 ΔMcen=0.000000 整数=有差 ⇒ 不一致
  δ=0.50 dx= 50.0: Δpeak=0.001 ΔVn=0.000000 ΔVs=0.000002 ΔVsS=0.000002 ΔMdom=0.000000 ΔMcen=0.000000 整数=有差 ⇒ 不一致
  δ=0.00 dx= 25.0: Δpeak=0.004 ΔVn=0.000001 ΔVs=0.000004 ΔVsS=0.000002 ΔMdom=0.000005 ΔMcen=0.000001 整数=有差 ⇒ 不一致
  δ=0.25 dx= 25.0: Δpeak=0.001 ΔVn=0.000005 ΔVs=0.000001 ΔVsS=0.000001 ΔMdom=0.000003 ΔMcen=0.000000 整数=有差 ⇒ 不一致
  δ=0.50 dx= 25.0: Δpeak=0.002 ΔVn=0.000004 ΔVs=0.000003 ΔVsS=0.000003 ΔMdom=0.000000 ΔMcen=0.000000 整数=有差 ⇒ 不一致
  δ=0.00 dx= 12.5: Δpeak=0.003 ΔVn=0.000004 ΔVs=0.000001 ΔVsS=0.000001 ΔMdom=0.000004 ΔMcen=0.000004 整数=有差 ⇒ 不一致
  δ=0.25 dx= 12.5: Δpeak=0.004 ΔVn=0.000005 ΔVs=0.000003 ΔVsS=0.000003 ΔMdom=0.000002 ΔMcen=0.000000 整数=有差 ⇒ 不一致
  ⇒ 0/8 格复现

=== R2 场读数：fv 分带的熔体积／峰值格归属／空气格最高温（只摆机制，不设门槛）===
  δ=0.00 dx= 50.0: VsS＝内层(fv=1)0.07328＋刀锋层(fv≈0.5)0.00456 mm³（刀锋占比   5.9%）| 熔体素 内层=446 刀锋=36/482 | 峰值格带==1
      实体内 fv≈0.5 格数=1154  实体表面层（fv<1）格数=1154  final T 的 P90：内层=1689.1 表面层=1584.9 K  空气格最高 T=nan K（预热=400.0 ⇒ 高出即为空气格被加热的证据）
  δ=0.25 dx= 50.0: VsS＝内层(fv=1)0.07709＋刀锋层(fv≈0.5)0.00000 mm³（刀锋占比   0.0%）| 熔体素 内层=492 刀锋=0/502 | 峰值格带==1
      实体内 fv≈0.5 格数=0  实体表面层（fv<1）格数=533  final T 的 P90：内层=1693.8 表面层=1677.6 K  空气格最高 T=902.6 K（预热=400.0 ⇒ 高出即为空气格被加热的证据）
  δ=0.00 dx= 25.0: VsS＝内层(fv=1)0.07572＋刀锋层(fv≈0.5)0.00227 mm³（刀锋占比   2.9%）| 熔体素 内层=4205 刀锋=241/4446 | 峰值格带==1
      实体内 fv≈0.5 格数=4610  实体表面层（fv<1）格数=4610  final T 的 P90：内层=1697.5 表面层=1639.6 K  空气格最高 T=nan K（预热=400.0 ⇒ 高出即为空气格被加热的证据）
  δ=0.25 dx= 25.0: VsS＝内层(fv=1)0.07735＋刀锋层(fv≈0.5)0.00000 mm³（刀锋占比   0.0%）| 熔体素 内层=4351 刀锋=0/4520 | 峰值格带==1
      实体内 fv≈0.5 格数=0  实体表面层（fv<1）格数=2217  final T 的 P90：内层=1694.6 表面层=1700.0 K  空气格最高 T=1000.4 K（预热=400.0 ⇒ 高出即为空气格被加热的证据）
  δ=0.00 dx= 12.5: VsS＝内层(fv=1)0.07759＋刀锋层(fv≈0.5)0.00119 mm³（刀锋占比   1.5%）| 熔体素 内层=36839 刀锋=1143/37982 | 峰值格带==1
      实体内 fv≈0.5 格数=18434  实体表面层（fv<1）格数=18434  final T 的 P90：内层=1700.4 表面层=1636.9 K  空气格最高 T=nan K（预热=400.0 ⇒ 高出即为空气格被加热的证据）
  δ=0.25 dx= 12.5: VsS＝内层(fv=1)0.07833＋刀锋层(fv≈0.5)0.00000 mm³（刀锋占比   0.0%）| 熔体素 内层=37219 刀锋=0/38157 | 峰值格带==1
      实体内 fv≈0.5 格数=0  实体表面层（fv<1）格数=9041  final T 的 P90：内层=1698.3 表面层=1712.6 K  空气格最高 T=982.8 K（预热=400.0 ⇒ 高出即为空气格被加热的证据）
  跨 δ 读数差 dx= 50.0: ΔVsS(P)＝ -2.7854e-3 mm³；ΔVsS(A1)＝-15.7183e-3；Δpeak(P)= +14.00 K，Δpeak(A1)= -55.83 K
  跨 δ 读数差 dx= 25.0: ΔVsS(P)＝ -1.3109e-3 mm³；ΔVsS(A1)＝ -8.9760e-3；Δpeak(P)=  +8.05 K，Δpeak(A1)= -45.26 K
  跨 δ 读数差 dx= 12.5: ΔVsS(P)＝ -0.6977e-3 mm³；ΔVsS(A1)＝ -5.3473e-3；Δpeak(P)=  +9.26 K，Δpeak(A1)= -20.72 K

=== R3 归因记分：跨 δ（0↔0.25）同 dx 的形态差在 A1（cap_w≡1）下还剩多少 ===
  实测舍入噪声地板（恒等档 max|ΔT|，K）＝['9.095e-13', '1.819e-12', '1.182e-11']；R3 用的 1.5% 离散容差与它是两回事（前者是求解器舍入、后者是 m/口径离散）
Traceback (most recent call last):
  File "/home/shy/桌面/2026年开发-显式冲击有限元-物质点法-sph-fvm+am/AM-Qoder/docs/evidence/2026-10-08/am_t25r7_capw_ablation_probe.py", line 588, in <module>
    bar = max(2.0 * D, NOISE)
          ^^^^^^^^^^^^^^^^^^^
TypeError: '>' not supported between instances of 'list' and 'float'
EXIT=1

----- 落盘 2：最终码（修 D1＋D2 之后）＝**本轮采用**；GPU 实测（含设备清单行）-----
CMD: PYTHONPATH=<repo>/src JAX_ENABLE_X64=1 /tmp/amvenv/bin/python \
       docs/evidence/2026-10-08/am_t25r7_capw_ablation_probe.py
DATE: 2026-10-08 09:06:31 +0800  elapsed=119s  EXIT=0  FAILS: 无
      （本段以下所有读数即引用此段；行号记作「落盘 2 L##」＝该段内原始 stdout 的行号）

=== 探针自检：CUT_CAPACITY_FLOOR 生产值＝0.5；三臂＝{'P': None, 'A1': 1.0, 'A2': 0.75} ===
  cap_w 出处＝`thermal_enthalpy.py:616` 的 `cap_w = jnp.maximum(fv, CUT_CAPACITY_FLOOR)` ⇒ 模块全局、在**函数体内**读取 ⇒ monkeypatch 应当生效（R0b 去实测它，不靠推断）
  n_steps 出处＝`suggest_n_steps`／`solve_enthalpy_thermal` 内的 CFL 校核 ⇒ 只含 dx 与 cfl，**不含** floor（floor 只在 :678 的 cfl_eff 守卫里，越界才 raise、不改步数）⇒ 三臂同离散

=== R0s＋R0c 先验：生产夹具每格 fv 分带与 cap_w 改动集（未做任何求解）===
  δ=0.00 dx= 50.0 shape=(25, 13, 9) 格总数=2925 nvox=   2925 min(fv|实体)=0.500000 Mdom=0.29350 |
      fv 分带（全网格）：=1=1771 [.75,1)=0 ==.5=1154 (0,.75)=0 ==0=0
      fv 分带（实体内）：=1=1771 [.75,1)=0 ==.5=1154 (0,.75)=0 ==0=0
      A1 判据分派：改动集=1154 格，其中**有材料且被真切**（`EPS<fv<1−EPS`）=1154 格、`fv=1−1ulp`=0 格、`fv≤EPS`（空气）=0 格 ⇒ R0b 走**有效档（须 max|ΔT|≥0.1 K）**
      cap_w 改动集：A1=1154 格 ／ A2=1154 格（A2 内含材料 fv>EPS 的=1154，其中 EPS<fv≤1e-6 的=0，无材料 fv≤EPS 的=0）⇒ A2 预测＝**逐位不等**
  δ=0.25 dx= 50.0 shape=(26, 14, 10) 格总数=3640 nvox=   2304 min(fv|实体)=0.750000 Mdom=0.29075 |
      fv 分带（全网格）：=1=1771 [.75,1)=533 ==.5=0 (0,.75)=621 ==0=715
      fv 分带（实体内）：=1=1771 [.75,1)=533 ==.5=0 (0,.75)=0 ==0=0
      A1 判据分派：改动集=1869 格，其中**有材料且被真切**（`EPS<fv<1−EPS`）=1154 格、`fv=1−1ulp`=0 格、`fv≤EPS`（空气）=715 格 ⇒ R0b 走**有效档（须 max|ΔT|≥0.1 K）**
      cap_w 改动集：A1=1869 格 ／ A2=1528 格（A2 内含材料 fv>EPS 的=813，其中 EPS<fv≤1e-6 的=0，无材料 fv≤EPS 的=715）⇒ A2 预测＝**逐位不等**
  δ=0.50 dx= 50.0 shape=(26, 14, 10) 格总数=3640 nvox=   2304 min(fv|实体)=1.000000 Mdom=0.28800 |
      fv 分带（全网格）：=1=2304 [.75,1)=0 ==.5=0 (0,.75)=0 ==0=1336
      fv 分带（实体内）：=1=2304 [.75,1)=0 ==.5=0 (0,.75)=0 ==0=0
      A1 判据分派：改动集=1432 格，其中**有材料且被真切**（`EPS<fv<1−EPS`）=0 格、`fv=1−1ulp`=96 格、`fv≤EPS`（空气）=1336 格 ⇒ R0b 走**恒等档（须 max|ΔT|<1e-9 K，同时给出噪声地板）**
      cap_w 改动集：A1=1432 格 ／ A2=1336 格（A2 内含材料 fv>EPS 的=0，其中 EPS<fv≤1e-6 的=0，无材料 fv≤EPS 的=1336）⇒ A2 预测＝**逐位不变**
  δ=0.00 dx= 25.0 shape=(49, 25, 17) 格总数=20825 nvox=  20825 min(fv|实体)=0.500000 Mdom=0.28937 |
      fv 分带（全网格）：=1=16215 [.75,1)=0 ==.5=4610 (0,.75)=0 ==0=0
      fv 分带（实体内）：=1=16215 [.75,1)=0 ==.5=4610 (0,.75)=0 ==0=0
      A1 判据分派：改动集=4610 格，其中**有材料且被真切**（`EPS<fv<1−EPS`）=4610 格、`fv=1−1ulp`=0 格、`fv≤EPS`（空气）=0 格 ⇒ R0b 走**有效档（须 max|ΔT|≥0.1 K）**
      cap_w 改动集：A1=4610 格 ／ A2=4610 格（A2 内含材料 fv>EPS 的=4610，其中 EPS<fv≤1e-6 的=0，无材料 fv≤EPS 的=0）⇒ A2 预测＝**逐位不等**
  δ=0.25 dx= 25.0 shape=(50, 26, 18) 格总数=23400 nvox=  18432 min(fv|实体)=0.750000 Mdom=0.28869 |
      fv 分带（全网格）：=1=16215 [.75,1)=2217 ==.5=0 (0,.75)=2393 ==0=2575
      fv 分带（实体内）：=1=16215 [.75,1)=2217 ==.5=0 (0,.75)=0 ==0=0
      A1 判据分派：改动集=7185 格，其中**有材料且被真切**（`EPS<fv<1−EPS`）=4610 格、`fv=1−1ulp`=0 格、`fv≤EPS`（空气）=2575 格 ⇒ R0b 走**有效档（须 max|ΔT|≥0.1 K）**
      cap_w 改动集：A1=7185 格 ／ A2=5352 格（A2 内含材料 fv>EPS 的=2777，其中 EPS<fv≤1e-6 的=0，无材料 fv≤EPS 的=2575）⇒ A2 预测＝**逐位不等**
  δ=0.50 dx= 25.0 shape=(50, 26, 18) 格总数=23400 nvox=  18432 min(fv|实体)=1.000000 Mdom=0.28800 |
      fv 分带（全网格）：=1=18432 [.75,1)=0 ==.5=0 (0,.75)=0 ==0=4968
      fv 分带（实体内）：=1=18432 [.75,1)=0 ==.5=0 (0,.75)=0 ==0=0
      A1 判据分派：改动集=6104 格，其中**有材料且被真切**（`EPS<fv<1−EPS`）=0 格、`fv=1−1ulp`=1136 格、`fv≤EPS`（空气）=4968 格 ⇒ R0b 走**恒等档（须 max|ΔT|<1e-9 K，同时给出噪声地板）**
      cap_w 改动集：A1=6104 格 ／ A2=4968 格（A2 内含材料 fv>EPS 的=0，其中 EPS<fv≤1e-6 的=0，无材料 fv≤EPS 的=4968）⇒ A2 预测＝**逐位不变**
  δ=0.00 dx= 12.5 shape=(97, 49, 33) 格总数=156849 nvox= 156849 min(fv|实体)=0.500000 Mdom=0.28834 |
      fv 分带（全网格）：=1=138415 [.75,1)=0 ==.5=18434 (0,.75)=0 ==0=0
      fv 分带（实体内）：=1=138415 [.75,1)=0 ==.5=18434 (0,.75)=0 ==0=0
      A1 判据分派：改动集=18434 格，其中**有材料且被真切**（`EPS<fv<1−EPS`）=18434 格、`fv=1−1ulp`=0 格、`fv≤EPS`（空气）=0 格 ⇒ R0b 走**有效档（须 max|ΔT|≥0.1 K）**
      cap_w 改动集：A1=18434 格 ／ A2=18434 格（A2 内含材料 fv>EPS 的=18434，其中 EPS<fv≤1e-6 的=0，无材料 fv≤EPS 的=0）⇒ A2 预测＝**逐位不等**
  δ=0.25 dx= 12.5 shape=(98, 50, 34) 格总数=166600 nvox= 147456 min(fv|实体)=0.750000 Mdom=0.28817 |
      fv 分带（全网格）：=1=138415 [.75,1)=9041 ==.5=0 (0,.75)=9393 ==0=9751
      fv 分带（实体内）：=1=138415 [.75,1)=9041 ==.5=0 (0,.75)=0 ==0=0
      A1 判据分派：改动集=28185 格，其中**有材料且被真切**（`EPS<fv<1−EPS`）=18434 格、`fv=1−1ulp`=0 格、`fv≤EPS`（空气）=9751 格 ⇒ R0b 走**有效档（须 max|ΔT|≥0.1 K）**
      cap_w 改动集：A1=28185 格 ／ A2=23720 格（A2 内含材料 fv>EPS 的=13969，其中 EPS<fv≤1e-6 的=0，无材料 fv≤EPS 的=9751）⇒ A2 预测＝**逐位不等**
  δ=0.50 dx= 12.5 shape=(98, 50, 34) 格总数=166600 nvox= 147456 min(fv|实体)=1.000000 Mdom=0.28800 |
      fv 分带（全网格）：=1=147456 [.75,1)=0 ==.5=0 (0,.75)=0 ==0=19144
      fv 分带（实体内）：=1=147456 [.75,1)=0 ==.5=0 (0,.75)=0 ==0=0
      A1 判据分派：改动集=23720 格，其中**有材料且被真切**（`EPS<fv<1−EPS`）=0 格、`fv=1−1ulp`=4576 格、`fv≤EPS`（空气）=19144 格 ⇒ R0b 走**恒等档（须 max|ΔT|<1e-9 K，同时给出噪声地板）**
      cap_w 改动集：A1=23720 格 ／ A2=19144 格（A2 内含材料 fv>EPS 的=0，其中 EPS<fv≤1e-6 的=0，无材料 fv≤EPS 的=19144）⇒ A2 预测＝**逐位不变**
  R0s ⇒ PASS（δ=0 有 fv≈0.5 刀锋层；δ=0.25/0.5 实体内无 fv<0.75）

=== 设备清单（长期规则：自称 GPU 实测必须含本行，写在 log 本体）===
  jax.devices() = [CudaDevice(id=0)]
  platform/backend = gpu / x64=True

=== R0a＋R0b＋R0c：消融机器在 0.4mm 立方 dx=80µm 上的验证（只验机器）===
  δ=0.00：R0a 确定性（连跑两次逐字节）＝相同 PASS｜n_steps=29 peak=2305.91 K｜格数=216（fv≤EPS=0、EPS<fv<0.75=152、0.75≤fv<1=0）
      R0b 生效性（有效档：EPS<fv<1−EPS 的格数=152 ⇒ 两个数组都须逐位不等且 max|ΔT| ≥ 0.1 K）：cap_w 改动格数（fv<1）=152／216（fv>EPS=152）｜peak 数组逐位不等、final 场逐位不等，全场 max|ΔT|=5.537e+02 K｜Δpeak(max)=146.792 K ⇒ PASS
      R0b 附带预测（跑前登记，能失败）：δ=0.5 ⇒ Δpeak **恰为 0**（实体内 fv≡1 ⇒ cap_w 恒等），δ=0/0.25 ⇒ Δpeak ≥ 0.1 K。实测 Δpeak=146.792 K ⇒ 命中
      R0c 作用域：A2 改动格数=152（fv>EPS 的=152，其中 EPS<fv≤1e-6=0）⇒ 预测逐位不等；实测至少一个不等（全场 max|ΔT|=3.578e+02 K）⇒ 一致 PASS
  δ=0.25：R0a 确定性（连跑两次逐字节）＝相同 PASS｜n_steps=29 peak=2334.72 K｜格数=343（fv≤EPS=127、EPS<fv<0.75=91、0.75≤fv<1=61）
      R0b 生效性（有效档：EPS<fv<1−EPS 的格数=152 ⇒ 两个数组都须逐位不等且 max|ΔT| ≥ 0.1 K）：cap_w 改动格数（fv<1）=279／343（fv>EPS=152）｜peak 数组逐位不等、final 场逐位不等，全场 max|ΔT|=3.652e+02 K｜Δpeak(max)=83.877 K ⇒ PASS
      R0b 附带预测（跑前登记，能失败）：δ=0.5 ⇒ Δpeak **恰为 0**（实体内 fv≡1 ⇒ cap_w 恒等），δ=0/0.25 ⇒ Δpeak ≥ 0.1 K。实测 Δpeak=83.877 K ⇒ 命中
      R0c 作用域：A2 改动格数=218（fv>EPS 的=91，其中 EPS<fv≤1e-6=0）⇒ 预测逐位不等；实测至少一个不等（全场 max|ΔT|=2.434e+02 K）⇒ 一致 PASS
  δ=0.50：R0a 确定性（连跑两次逐字节）＝相同 PASS｜n_steps=29 peak=2315.13 K｜格数=343（fv≤EPS=218、EPS<fv<0.75=0、0.75≤fv<1=61）
      R0b 生效性（恒等档：改动集内有材料且被真切（EPS<fv<1−EPS）的格数=0 ⇒ 两侧都要过：逐位可不等但 max|ΔT| 必须 <1e-9 K）：cap_w 改动格数（fv<1）=279／343（fv>EPS=61）｜peak 数组逐位不等、final 场逐位不等，全场 max|ΔT|=9.095e-13 K｜Δpeak(max)=0.000 K ⇒ PASS（恒等档＝#23 可证为算术恒等；顺带取噪声地板）
      R0b 附带预测（跑前登记，能失败）：δ=0.5 ⇒ Δpeak **恰为 0**（实体内 fv≡1 ⇒ cap_w 恒等），δ=0/0.25 ⇒ Δpeak ≥ 0.1 K。实测 Δpeak=0.000 K ⇒ 命中
      R0c 作用域：A2 改动格数=218（fv>EPS 的=0，其中 EPS<fv≤1e-6=0）⇒ 预测逐位不变；实测两数组都逐位相同（全场 max|ΔT|=0.000e+00 K）⇒ 一致 PASS

=== 生产梯（floor=0.5）＋消融梯（A1=1.0／A2=0.75）同一批解 ===
  T_liquidus=1723.0 K  几何体积=0.288000 mm³  求解前 floor=0.5
  δ=0.00·dx dx= 50.0 nvox=   2925 峰值格带==1 界面格=844 候选格=1434 触壳=36 邻非实体=0 到面间隙=0格 余量=+0.0µm |
      P ＝peak2461.27 Vn0.06025 Vs0.08030 VsS0.07784 Mdom=0.29350 Mcen=0.36562 熔体素=482
      A1＝peak2349.07 Vn0.05187 VsS0.06064 （Δpeak=-112.20 K，ΔVsS=-22.10%，全场 max|ΔT|=5.603e+02 K，逐位不等）｜A2＝peak2391.08 Vn0.05350 VsS0.06755 （Δpeak= -70.19 K，ΔVsS=-13.22%，max|ΔT|=3.426e+02 K）⇒ A2 逐位与 P 不等／预测逐位不等
  δ=0.25·dx dx= 50.0 nvox=   2304 峰值格带==1 界面格=876 候选格=1605 触壳=0 邻非实体=738 到面间隙=0格 余量=+12.5µm |
      P ＝peak2447.27 Vn0.06275 Vs0.08063 VsS0.08063 Mdom=0.29075 Mcen=0.28800 熔体素=502
      A1＝peak2404.89 Vn0.06000 VsS0.07636 （Δpeak= -42.38 K，ΔVsS= -5.29%，全场 max|ΔT|=3.013e+02 K，逐位不等）｜A2＝peak2447.27 Vn0.06275 VsS0.08050 （Δpeak=  +0.00 K，ΔVsS= -0.16%，max|ΔT|=2.009e+02 K）⇒ A2 逐位与 P 不等／预测逐位不等
  δ=0.50·dx dx= 50.0 nvox=   2304 峰值格带==1 界面格=734 候选格=1642 触壳=0 邻非实体=486 到面间隙=0格 余量=+25.0µm |
      P ＝peak2433.15 Vn0.06400 Vs0.07678 VsS0.07678 Mdom=0.28800 Mcen=0.28800 熔体素=512
      A1＝peak2433.15 Vn0.06400 VsS0.07678 （Δpeak=  +0.00 K，ΔVsS= +0.00%，全场 max|ΔT|=1.819e-12 K，逐位不等）｜A2＝peak2433.15 Vn0.06400 VsS0.07678 （Δpeak=  +0.00 K，ΔVsS= +0.00%，max|ΔT|=0.000e+00 K）⇒ A2 逐位与 P 相同／预测逐位不变
  δ=0.00·dx dx= 25.0 nvox=  20825 峰值格带==1 界面格=3604 候选格=8963 触壳=241 邻非实体=0 到面间隙=0格 余量=+0.0µm |
      P ＝peak2563.01 Vn0.06947 Vs0.08006 VsS0.07799 Mdom=0.28937 Mcen=0.32539 熔体素=4446
      A1＝peak2478.97 Vn0.05831 VsS0.06738 （Δpeak= -84.04 K，ΔVsS=-13.61%，全场 max|ΔT|=4.178e+02 K，逐位不等）｜A2＝peak2515.60 Vn0.06258 VsS0.07204 （Δpeak= -47.41 K，ΔVsS= -7.63%，max|ΔT|=3.681e+02 K）⇒ A2 逐位与 P 不等／预测逐位不等
  δ=0.25·dx dx= 25.0 nvox=  18432 峰值格带==1 界面格=3988 候选格=9447 触壳=0 邻非实体=3006 到面间隙=0格 余量=+6.2µm |
      P ＝peak2554.96 Vn0.07062 Vs0.07930 VsS0.07930 Mdom=0.28869 Mcen=0.28800 熔体素=4520
      A1＝peak2524.23 Vn0.06683 VsS0.07635 （Δpeak= -30.73 K，ΔVsS= -3.72%，全场 max|ΔT|=3.502e+02 K，逐位不等）｜A2＝peak2554.96 Vn0.07062 VsS0.07925 （Δpeak=  +0.00 K，ΔVsS= -0.06%，max|ΔT|=2.335e+02 K）⇒ A2 逐位与 P 不等／预测逐位不等
  δ=0.50·dx dx= 25.0 nvox=  18432 峰值格带==1 界面格=3936 候选格=8910 触壳=0 邻非实体=2970 到面间隙=0格 余量=+12.5µm |
      P ＝peak2565.18 Vn0.06473 Vs0.07303 VsS0.07303 Mdom=0.28800 Mcen=0.28800 熔体素=4143
      A1＝peak2565.18 Vn0.06473 VsS0.07303 （Δpeak=  +0.00 K，ΔVsS= +0.00%，全场 max|ΔT|=1.182e-11 K，逐位不等）｜A2＝peak2565.18 Vn0.06473 VsS0.07303 （Δpeak=  +0.00 K，ΔVsS= +0.00%，max|ΔT|=0.000e+00 K）⇒ A2 逐位与 P 相同／预测逐位不变
  δ=0.00·dx dx= 12.5 nvox= 156849 峰值格带==1 界面格=14484 候选格=55184 触壳=1143 邻非实体=0 到面间隙=0格 余量=+0.0µm |
      P ＝peak2565.08 Vn0.07418 Vs0.07995 VsS0.07878 Mdom=0.28834 Mcen=0.30635 熔体素=37982
      A1＝peak2517.98 Vn0.06778 VsS0.07242 （Δpeak= -47.10 K，ΔVsS= -8.08%，全场 max|ΔT|=4.491e+02 K，逐位不等）｜A2＝peak2540.03 Vn0.07080 VsS0.07536 （Δpeak= -25.05 K，ΔVsS= -4.34%，max|ΔT|=2.539e+02 K）⇒ A2 逐位与 P 不等／预测逐位不等
  δ=0.25·dx dx= 12.5 nvox= 147456 峰值格带==1 界面格=15668 候选格=56959 触壳=0 邻非实体=10449 到面间隙=0格 余量=+3.1µm |
      P ＝peak2555.81 Vn0.07453 Vs0.07948 VsS0.07948 Mdom=0.28817 Mcen=0.28800 熔体素=38157
      A1＝peak2538.70 Vn0.07273 VsS0.07776 （Δpeak= -17.11 K，ΔVsS= -2.15%，全场 max|ΔT|=3.414e+02 K，逐位不等）｜A2＝peak2555.81 Vn0.07453 VsS0.07947 （Δpeak=  +0.00 K，ΔVsS= -0.01%，max|ΔT|=2.276e+02 K）⇒ A2 逐位与 P 不等／预测逐位不等
  求解后 floor=0.5（生产值＝0.5）⇒ 已复原

=== R1 逐位复现第 6 轮（其 log L43-62 印值：peak/Vn/Vs/VsS/Mdom/Mcen＋五个整数）===
  δ=0.00 dx= 50.0: Δpeak=0.001 ΔVn=0.000000 ΔVs=0.000005 ΔVsS=0.000000 ΔMdom=0.000000 ΔMcen=0.000005 整数=全对 ⇒ 一致
  δ=0.25 dx= 50.0: Δpeak=0.002 ΔVn=0.000000 ΔVs=0.000004 ΔVsS=0.000004 ΔMdom=0.000000 ΔMcen=0.000000 整数=全对 ⇒ 一致
  δ=0.50 dx= 50.0: Δpeak=0.001 ΔVn=0.000000 ΔVs=0.000002 ΔVsS=0.000002 ΔMdom=0.000000 ΔMcen=0.000000 整数=全对 ⇒ 一致
  δ=0.00 dx= 25.0: Δpeak=0.004 ΔVn=0.000001 ΔVs=0.000004 ΔVsS=0.000002 ΔMdom=0.000005 ΔMcen=0.000001 整数=全对 ⇒ 一致
  δ=0.25 dx= 25.0: Δpeak=0.001 ΔVn=0.000005 ΔVs=0.000001 ΔVsS=0.000001 ΔMdom=0.000003 ΔMcen=0.000000 整数=全对 ⇒ 一致
  δ=0.50 dx= 25.0: Δpeak=0.002 ΔVn=0.000004 ΔVs=0.000003 ΔVsS=0.000003 ΔMdom=0.000000 ΔMcen=0.000000 整数=全对 ⇒ 一致
  δ=0.00 dx= 12.5: Δpeak=0.003 ΔVn=0.000004 ΔVs=0.000001 ΔVsS=0.000001 ΔMdom=0.000004 ΔMcen=0.000004 整数=全对 ⇒ 一致
  δ=0.25 dx= 12.5: Δpeak=0.004 ΔVn=0.000005 ΔVs=0.000003 ΔVsS=0.000003 ΔMdom=0.000002 ΔMcen=0.000000 整数=全对 ⇒ 一致
  ⇒ 8/8 格复现

=== R2 场读数：fv 分带的熔体积／峰值格归属／空气格最高温（只摆机制，不设门槛）===
  δ=0.00 dx= 50.0: VsS＝内层(fv=1)0.07328＋刀锋层(fv≈0.5)0.00456 mm³（刀锋占比   5.9%）| 熔体素 内层=446 刀锋=36/482 | 峰值格带==1
      实体内 fv≈0.5 格数=1154  实体表面层（fv<1）格数=1154  final T 的 P90：内层=1689.1 表面层=1584.9 K  空气格最高 T=nan K（预热=400.0 ⇒ 高出即为空气格被加热的证据）
  δ=0.25 dx= 50.0: VsS＝内层(fv=1)0.07709＋刀锋层(fv≈0.5)0.00000 mm³（刀锋占比   0.0%）| 熔体素 内层=492 刀锋=0/502 | 峰值格带==1
      实体内 fv≈0.5 格数=0  实体表面层（fv<1）格数=533  final T 的 P90：内层=1693.8 表面层=1677.6 K  空气格最高 T=902.6 K（预热=400.0 ⇒ 高出即为空气格被加热的证据）
  δ=0.00 dx= 25.0: VsS＝内层(fv=1)0.07572＋刀锋层(fv≈0.5)0.00227 mm³（刀锋占比   2.9%）| 熔体素 内层=4205 刀锋=241/4446 | 峰值格带==1
      实体内 fv≈0.5 格数=4610  实体表面层（fv<1）格数=4610  final T 的 P90：内层=1697.5 表面层=1639.6 K  空气格最高 T=nan K（预热=400.0 ⇒ 高出即为空气格被加热的证据）
  δ=0.25 dx= 25.0: VsS＝内层(fv=1)0.07735＋刀锋层(fv≈0.5)0.00000 mm³（刀锋占比   0.0%）| 熔体素 内层=4351 刀锋=0/4520 | 峰值格带==1
      实体内 fv≈0.5 格数=0  实体表面层（fv<1）格数=2217  final T 的 P90：内层=1694.6 表面层=1700.0 K  空气格最高 T=1000.4 K（预热=400.0 ⇒ 高出即为空气格被加热的证据）
  δ=0.00 dx= 12.5: VsS＝内层(fv=1)0.07759＋刀锋层(fv≈0.5)0.00119 mm³（刀锋占比   1.5%）| 熔体素 内层=36839 刀锋=1143/37982 | 峰值格带==1
      实体内 fv≈0.5 格数=18434  实体表面层（fv<1）格数=18434  final T 的 P90：内层=1700.4 表面层=1636.9 K  空气格最高 T=nan K（预热=400.0 ⇒ 高出即为空气格被加热的证据）
  δ=0.25 dx= 12.5: VsS＝内层(fv=1)0.07833＋刀锋层(fv≈0.5)0.00000 mm³（刀锋占比   0.0%）| 熔体素 内层=37219 刀锋=0/38157 | 峰值格带==1
      实体内 fv≈0.5 格数=0  实体表面层（fv<1）格数=9041  final T 的 P90：内层=1698.3 表面层=1712.6 K  空气格最高 T=982.8 K（预热=400.0 ⇒ 高出即为空气格被加热的证据）
  跨 δ 读数差 dx= 50.0: ΔVsS(P)＝ -2.7854e-3 mm³；ΔVsS(A1)＝-15.7183e-3；Δpeak(P)= +14.00 K，Δpeak(A1)= -55.83 K
  跨 δ 读数差 dx= 25.0: ΔVsS(P)＝ -1.3109e-3 mm³；ΔVsS(A1)＝ -8.9760e-3；Δpeak(P)=  +8.05 K，Δpeak(A1)= -45.26 K
  跨 δ 读数差 dx= 12.5: ΔVsS(P)＝ -0.6977e-3 mm³；ΔVsS(A1)＝ -5.3473e-3；Δpeak(P)=  +9.26 K，Δpeak(A1)= -20.72 K

=== R3 归因记分：跨 δ（0↔0.25）同 dx 的形态差在 A1（cap_w≡1）下还剩多少 ===
  实测舍入噪声地板（恒等档 max|ΔT|，K）＝['9.095e-13', '1.819e-12', '1.182e-11']；R3 用的 1.5% 离散容差与它是两回事（前者是求解器舍入、后者是 m/口径离散）
  VsS  dx= 50.0: G_P= 3.455% G_A1=20.585% G_A2=16.083% ‖ 域质量差 D=0.937%（与臂无关）‖ α 门槛 max(2D,1.5%)= 1.87% ⇒ share_capw=-495.8% share_floor=-365.5%
  Vn   dx= 50.0: G_P= 3.984% G_A1=13.542% G_A2=14.741% ‖ 域质量差 D=0.937%（与臂无关）‖ α 门槛 max(2D,1.5%)= 1.87% ⇒ share_capw=-239.9% share_floor=-270.0%
  VsS  dx= 25.0: G_P= 1.653% G_A1=11.756% G_A2= 9.097% ‖ 域质量差 D=0.238%（与臂无关）‖ α 门槛 max(2D,1.5%)= 1.50% ⇒ share_capw=-611.1% share_floor=-450.2%
  Vn   dx= 25.0: G_P= 1.637% G_A1=12.743% G_A2=11.394% ‖ 域质量差 D=0.238%（与臂无关）‖ α 门槛 max(2D,1.5%)= 1.50% ⇒ share_capw=-678.3% share_floor=-595.9%
  VsS  dx= 12.5: G_P= 0.878% G_A1= 6.876% G_A2= 5.166% ‖ 域质量差 D=0.060%（与臂无关）‖ α 门槛 max(2D,1.5%)= 1.50% ⇒ share_capw=-683.3% share_floor=-488.5%
  Vn   dx= 12.5: G_P= 0.459% G_A1= 6.803% G_A2= 5.000% ‖ 域质量差 D=0.060%（与臂无关）‖ α 门槛 max(2D,1.5%)= 1.50% ⇒ share_capw=-1383.2% share_floor=-990.3%

=== R3 裁决（跑前写死的 α→β→γ；主判据＝VsS）===
  分支(VsS)＝β 分支(Vn)＝β ⇒ 判 **β**
  ⇒ β：A1 几乎不动跨 δ 差（三档全部 ≥0.8·G_P）⇒ 超出体积的那部分与 cap_w 无关 ⇒ 归 #30（夹具触边）与 #24 的体积/吸附项处置。
  ⚠ 解释边界（跑前写的）：A1＝**#23 之前的口径**，只作"通道是否存在"的消融开关；**α 成立绝不等于 A1 更对**（#23 的验收＝开发日志 §26.18 的预测逐位命中，未被本轮替代）。

=== 记分 ===
FAILS: 无
注：本轮不改 src/、不改 A0 断言量、不放宽 5%、不删 δ=0.5 列、不调任何系数（N4 未触碰）；A1/A2 的一切读数只作消融诊断，**禁止**进入断言或档案现行值。
elapsed=119s
EXIT=0

----- 跨跑一致性（落盘 1 vs 落盘 2；R0a 只查了**同进程内**连跑两次，这里补**跨进程**这一层）-----
方法：取两跑的「生产梯」整段（24 次求解的全部读数），删去本轮新加的两个整数列（`界面格=`／`候选格=`），
      再把连续空白压成单空格后逐行比较。
结果：**差异 0 行**（27 行 vs 27 行）⇒ 除 D1 涉及的那两列整数外，两跑的 peak/Vn/Vs/VsS/Mdom/Mcen/熔体素/
      触壳/邻非实体/余量/Δpeak/ΔVsS/max|ΔT|/逐位判定**全部相同**。
再把两跑的 R0→R2 整段（小夹具＋梯＋R1＋R2）同法比较：**唯一差异＝R1 的 9 行判据行**
（8 行「整数=有差 ⇒ 不一致」→「整数=全对 ⇒ 一致」＋1 行「0/8」→「8/8」），其余 0 行。
⇒ 消融机器＋三臂梯子在两次独立进程调用下给出同一批解；这比 R0a 要求的更强，且**顺带**确证 D1 只动了判据。

----- 附表 A：**A1 ≡ ② 代（#23 之前）**的外证（R0b 只要求「消融动了」，这里要求「动到正确的地方」）-----
对表对象＝`docs/evidence/2026-10-07/am_t2_a0_observable.log` L17-24（**② 代存档表**：该 log 头部记
  `TREE: head=af9fc89 dirty=24`、`CUDA_VISIBLE_DEVICES=""` ⇒ #23 落地**之前**的开发树、CPU 上跑的 A0 观测量；
  peak 印 2 位小数、Vn 印 5 位小数；比的是它的 **Vn(计数)** 列＝本轮 `Vn` 的同一硬计数口径，不是 `Vm(fv)` 列）。
  右列＝本轮**落盘 2** 的 A1 臂（③ 代码＋floor→1.0，GPU）。两副代码、两台设备 ⇒ 只比**印值**（不比逐位）。

  δ     dx(µm)   ②存档 peak/Vn            A1(本轮) peak/Vn           判定     P(＝③代生产) peak/Vn        Δpeak(P−②)
  0.00    50.0      2349.07/0.05187  (L17)     2349.07/0.05187   命中   P=   2461.27/0.06025    +112.20 K
  0.25    50.0      2404.89/0.06000  (L18)     2404.89/0.06000   命中   P=   2447.27/0.06275     +42.38 K
  0.50    50.0      2433.15/0.06400  (L19)     2433.15/0.06400   命中   P=   2433.15/0.06400      +0.00 K
  0.00    25.0      2478.97/0.05831  (L20)     2478.97/0.05831   命中   P=   2563.01/0.06947     +84.04 K
  0.25    25.0      2524.23/0.06683  (L21)     2524.23/0.06683   命中   P=   2554.96/0.07062     +30.73 K
  0.50    25.0      2565.18/0.06473  (L22)     2565.18/0.06473   命中   P=   2565.18/0.06473      +0.00 K
  0.00    12.5      2517.98/0.06778  (L23)     2517.98/0.06778   命中   P=   2565.08/0.07418     +47.10 K
  0.25    12.5      2538.70/0.07273  (L24)     2538.70/0.07273   命中   P=   2555.81/0.07453     +17.11 K

  ⇒ A1 vs ②：**8/8 格 peak＋Vn 两列全部命中印值**（命中数＝8/8）。这条恒等式的含义：
    monkeypatch `CUT_CAPACITY_FLOOR→1.0` 精确地把 #23 这条通道**整个关掉**（回到 #23 之前的数值口径），
    不多也不少 ⇒ A1 的归因读数不是在测「某个别的副作用」，而是在测「没有 cap_w 的世界」。
    ⚠ 这不是「A1 更对」：② 代口径已被 #23 验收（开发日志 §26.18 的预测逐位命中）判为**剂量/热容错配**，
    本表只作消融开关的**语义检验**（R0b 的加强），不得据其改动生产值。
  ⇒ 附带独立复现（P ≡ ② 在 δ=0.5）：δ=0.5 两档 P 与 ② **完全相同**（dx=50 2433.15/0.06400、dx=25
    2565.18/0.06473；dx=12.5 该格两代都未解）⇒ #23 在 δ=0.5 档为 no-op 这一条，由**与恒等档判据无关的
    存档表**独立确认（与 R0b 的 `Δpeak≡0`、`max|ΔT|=1.8e-12/1.18e-11 K` 同向）。
  ⇒ 代际差（③−②，即 #23 的作用大小，跨 δ 递减）：dx=50 +112.20/+42.38/0.00 K；dx=25 +84.04/+30.73/0.00 K；
    dx=12.5 +47.10/+17.11 K。这正是 R0b 门槛「0.1 K 比预期小三个数量级」的依据，也是 β 分支里
    「cap_w 通道存在但方向相反」的量级底座。

----- 附表 B：结构读数（R2 侧，落盘 2 L111-126；本轮**只摆机制、不设门槛**，但每条都能被下轮反驳）-----
1. **δ=0 档全网格无空气格** ⇒ 没有绝热自由面。落盘 2 L74/L83/L92：nvox＝格总数 2925/20825/156849，
   「空气格最高 T」＝`nan`（该档根本没有空气格可 max）；对照 δ=0.25 三档空气格 715/2575/9751 个
   （落盘 0 先验段）。⇒ δ=0 的扩散面**一个都不闭合**（`_div_alpha_grad` 的 mask 全 1），
   所以 δ=0↔δ=0.25 之间除 cap_w 外**必然**还差一整条边界通道（＝跑前 R3-1 声明的那条）。
   **这是本轮把主候选从 cap_w 改判到边界通道的直接依据，不是推断。**
2. **δ=0 档「触壳」＝刀锋层熔体素，逐一相等**：36/241/1143（落盘 2 L74/L83/L92 的触壳 vs L112/L116/L120
   的「刀锋=」）。⇒ 第 6 轮报的「触壳」在 δ=0 **就是** `fv=0.5` 那层（网格边界＝零件表面 ⇒ 两者同一批格）；
   第 6 轮把两件事分开写，本轮实测它们在 δ=0 **不可分** ⇒ 「域刀锋」与「cap_w 刀锋」在 δ=0 是**同一批格**，
   这正是第 6 轮无法用它俩各自解释形态差的原因（也是本轮必须用消融而非再加分带的原因）。
3. **刀锋层（fv≈0.5）对 VsS 的贡献随细化衰减**：5.9%／2.9%／1.5%（dx=50/25/12.5，δ=0；落盘 2 L112/L116/L120）
   ⇒ 约每档减半；δ=0.25 三档全为 **0.0%**（该档实体内根本没有 `fv≈0.5` 的格，落盘 0 已先验）。
4. **表面／空气格被加热到 ≈1000 K，但把它们的 cap_w 改掉几乎不反馈**：δ=0.25 的空气格最高 T＝902.6／1000.4／
   982.8 K（预热 400 K，落盘 2 L115/L119/L123）⇒ 空白单元**不是**恒温焓库（会被实体表面导热拉上去）。
   而 A2 只重判这些格的 cap_w（0.5→0.75）：δ=0.25 三档的改动集＝**715/2575/9751 个空气格 ＋ 813/2777/13969
   个低份额壳格**（落盘 0 L27/L42/L57）⇒ 实测 **Δpeak＝+0.00 K（三档全零）**、`VsS` 只动 **−0.16/−0.06/−0.01%**
   （落盘 2 L79/L88/L96 的 A2 列）；δ=0.5 三档改动集**恰为**空气格（1336/4968/19144，有材料的＝0）⇒
   **逐位不变**（`Vn`/`VsS`/`max|ΔT|` 全为 0.000e+00；改动集构成见落盘 0 L32/L47/L62）。⇒ #23 模块 docstring 那句「切割壳温度不由本项
   物理决定」的**首次定量**，且方向是**单向**：壳／空气侧的容权重不改变实体侧解（机理＝空气格分子恒为 0，
   已由 R0c 逐位验证；对照 δ=0 档同一臂的 Δpeak＝−70.19/−47.41/−25.05 K，落盘 2 L76/L85/L94 ⇒ 有材料的切割格才真的算数）。
5. **T2 刀锋家族在 cap_w 通道第一次现身**：δ=0.5 档 `fv=1−1ulp` 的格数＝**96／1136／4576**（落盘 0 L31/L46/L61），
   而 δ=0/0.25 两档此数＝0；另 δ=0.25·dx=50 档有 **192** 格 `=0.75−1ulp`。⇒ 面落在体素面上时 cut 权重
   **不精确等于 1**（表面节点 sdf=−0.5dx 的舍入给出 `0.5−sdf/dx = 1−ulp`）。效应 ≤1.2e-11 K，本轮可忽略，
   但它会让任何**跨平台／跨编译的逐位**断言翻脸 ⇒ 登记给 #24／T3（与 §25.7 的 1-ulp 翻皮同源，第 6 次发作）。
6. **舍入噪声地板（本轮实测）**：9.095e-13 K（小夹具 0.4mm 立方 dx=80µm，δ=0.5）、1.819e-12 K
   （生产 δ=0.5·dx=50）、1.182e-11 K（生产 δ=0.5·dx=25）＝恒等档 A1↔P 的全场 `max|ΔT|`。
   ⇒ **低于 ~1e-11 K 的标量差不得解释为物理**（生产 dx=12.5 档的地板未测：该档 δ=0.5 本轮未求解）。
   ⚠ 这与 R3 的 1.5% 离散容差是**两回事**（前者＝求解器舍入，后者＝子网格 m／口径离散；落盘 2 L129）。

----- 裁决（逐条判 R0s/R0a/R0b/R0c/R1–R4；R0 任一条不过＝全轮作废，本轮无一条不过）-----
R0s（fv 直方图结构预测，无求解）**PASS**：δ=0 三档实体内 `fv=0.5` 格数 1154/4610/18434（刀锋层存在）；
   δ=0.25/0.5 实体内 `fv<0.75` 的格数＝0（`min(fv|实体)=0.750000/1.000000`）⇒ 第 6 轮机制叙述成立。
R0a（确定性，零容差）**PASS**：小夹具 3 档同臂连跑两次 ⇒ peak 与 final **逐字节相同**（落盘 2 L59/L63/L67）；
   跨进程另有「跨跑一致性」段（24 次求解 0 行差异）。
R0b（消融生效性，两支两侧都能失败）**PASS**：
   · **有效档 8 例**（小夹具 δ=0/0.25 两例＋生产梯 δ=0/0.25 × 三个 dx 六例）⇒ 两数组逐位不等**且**全场 `max|ΔT|`＝
     5.54e+02/3.65e+02（小夹具）、5.60e+02/3.01e+02/4.18e+02/3.50e+02/4.49e+02/3.41e+02 K ⇒ 全部 ≫0.1 K；
   · **恒等档 4 例**（小夹具 δ=0.5＋生产 δ=0.5 三个 dx）⇒ 逐位**不等**（`fv=1−ulp` 皮层所致，附表 B 第 5 条）但
     全场 `max|ΔT|`＝9.095e-13/1.819e-12/1.182e-11 K < 1e-9 K ⇒ 判为算术恒等，**未**发现 floor 经 cap_w 之外的路径进入求解；
   · 附带预测（跑前登记）「δ=0.5 ⇒ Δpeak **恰为** 0；δ=0/0.25 ⇒ ≥0.1 K」小夹具三档全命中（146.792/83.877/0.000 K），
     生产梯同为（δ=0.5 三档 Δpeak＝+0.00 K，δ=0/0.25 六档 |Δpeak|＝17.11～112.20 K）。
   ⇒ patch 机器**真在读 floor**（不是被 trace 吃掉的死改动），且小夹具与生产梯同判。
R0c（消融作用域；检验 `thermal_enthalpy.py:840` 那句**从未被逐位检验过**的论断）**PASS，并且本轮最大的一条正向收获**：
   δ=0.5 三档 A2 改动集＝1336/4968/19144 格，其中 `fv>EPS`（有材料）的＝**0**（落盘 0 L32/L47/L62）⇒ 改动集**恰为**
   {fv=0}（＝代码自己的「无材料」边界）⇒ 预测「场逐位不变」；
   实测**已解的 2 档（dx=50/25）两数组都逐位相同**、全场 `max|ΔT|＝0.000e+00`（落盘 2 L82/L91 的 A2 列；
   dx=12.5·δ=0.5 本轮未求解 ⇒ 该档只有预测、没有实测，**不记入命中**）
   ⇒ **「空白单元（fv=0）分子恒为 0（面全闭 ⇒ lap=0；fv·项=0），除以 cap_w 仍是 0」这条注释论断首次被逐位检验通过**。
   正对照（防「floor 死了所以处处不变」）：δ=0/0.25 **共 8 档**（小夹具 2＋生产 6）的 A2 改动集含 `fv>EPS` 的格
   ＝152/91（小夹具 δ=0/0.25）、1154/813、4610/2777、18434/13969（生产 dx=50/25/12.5 的 δ=0 与 δ=0.25）
   ⇒ 实测逐位**不等**、`max|ΔT|`＝3.58e+02/2.43e+02（小夹具）、3.43e+02/2.01e+02/3.68e+02/2.34e+02/2.54e+02/2.28e+02 K；
   另 δ=0.5 小夹具档同为「预测不变 ⇒ 实测 0.000e+00 逐位相同」。**两侧都在正确方向上成立 ⇒ 这不是放宽。**
R1（逐位复现第 6 轮，8 格）**PASS 8/8**（修 D1 后）：Δpeak≤0.004 K、ΔVn/ΔVs/ΔVsS/ΔMdom/ΔMcen ≤5e-6（印值第 5 位
   截断容差），五个整数（熔体素/界面格/触壳/邻非实体/nvox）**全对**（落盘 2 L101-109）⇒ **消融机器没有动默认路径**。
   ⚠ 首跑 0/8 是**我的对表抄错定义**（D1），不是求解器漂移；两跑差异只在判据行，见「跨跑一致性」。
R2（场读数）**不设门槛**，全部读数进附表 B。
R3（归因记分，主判据 VsS）**判 β**（VsS 与 Vn 同判 β；落盘 2 L130-138）：
     dx= 50：G_P= 3.455% G_A1=20.585% G_A2=16.083% ‖ D=0.937% ‖ α 门槛 max(2D,1.5%)=1.87% ⇒ share_capw=−495.8% share_floor=−365.5%
     dx= 25：G_P= 1.653% G_A1=11.756% G_A2= 9.097% ‖ D=0.238% ‖ 门槛 1.50% ⇒ share_capw=−611.1% share_floor=−450.2%
     dx=12.5：G_P= 0.878% G_A1= 6.876% G_A2= 5.166% ‖ D=0.060% ‖ 门槛 1.50% ⇒ share_capw=−683.3% share_floor=−488.5%
     Vn 同向：G_P=3.984/1.637/0.459%，G_A1=13.542/12.743/6.803% ⇒ share_capw=−239.9/−678.3/−1383.2%
   β 的不等式（三档全部 `G_A1 ≥ 0.8·G_P`）**成立且远超**；但**不是「几乎不动」，而是反向放大**
   （`G_A1/G_P`＝VsS 5.96/7.11/7.83、Vn 3.40/7.79/14.82 ⇒ 见 D3）
   ⇒ `share_capw<0` ＝ #23 的 cap_w 是这个跨 δ 漂移的**抑制项**，不是成因。**分类线缺一个负 share 分支＝缺陷 D3。**
R4（纪律）**PASS**：`src/` 零改动（dirty_src=0）；A0 断言量仍是 peak 与 **Vn**、5% 未放宽、δ=0.5 列未删、
   指标未换；探针结束**实测**打印「求解后 floor=0.5（生产值＝0.5）⇒ 已复原」（落盘 2 L98）⇒ 默认链未被污染；
   A1/A2 的一切读数只作消融诊断，**禁止**进入断言、档案现行值或吞吐分母。
记分：**FAILS 无**（落盘 2 L143）／VOID 触发 0／真发现 0。elapsed=119s（GPU，A6000）。

----- 机制结论（#25 本轮把第 6 轮那句「域刀锋解释不了全部」拆开后的答案）-----
两个候选**都被否证**，且都带数字：
  (a) **cap_w 刀锋层不是主因，而是反向项。** 关掉 cap_w（A1）后跨 δ 形态差**变大**（VsS 3.455→20.585%、
      1.653→11.756%、0.878→6.876%）⇒ #23 把跨 δ 敏感性**压到 1/5.96～1/7.83**（Vn 口径 1/3.40～1/14.82）。
      A2 的改动集是 A1 的**真子集**（只含 `fv<0.75`），其读数 16.083/9.097/5.166% 恰好**介于 P 与 A1 之间**
      ⇒ `fv<0.75` 的**有材料**格单独就能把跨 δ 差从 3.455% 抬到 16.083%（dx=50），余下 **4.50/2.66/1.71pp**
      （三档）来自 `0.75≤fv<1` 那批（δ=0.25 档 533/2217/9041 格，δ=0 档该带＝0 ⇒ 差值全部落在 δ=0.25 一侧）；
      **空气格贡献为 0**（R0c 已逐位证明）。⇒ 「哪一层切割格在起作用」是**分层可加**的，不需要新的机制。
  (b) **域体积也只解释一小块。** `D`＝0.937/0.238/0.060%，而 `G_P`＝3.455/1.653/0.878% ⇒ 三档与门槛的关系
      是：**dx=12.5 档 0.878% 落进 1.5% 离散容差**、dx=25 档 1.653% 仅**边际**在容差外（超 0.15pp）、
      dx=50 档 3.455% 明显在容差外 ⇒ 只有最粗档需要「体积之外」的机制。第 6 轮的「域刀锋」口径
      到此**已经用尽**：再拆 φ 的分带拆不出机制，因为 δ=0 的「触壳」与「刀锋层」是同一批格（附表 B 第 2 条）。
  ⇒ **余下主候选＝边界通道**（附表 B 第 1 条：δ=0 档全网格无空气格 ⇒ 实体掩膜处处 1 ⇒ 该档**没有**绝热自由面，
     而 δ=0.25/0.5 有 715/2575/9751 个空气格＋一整层被闭合的扩散面）。这条通道由**二值 `mask`** 决定，
     **不由 floor 决定** ⇒ 本轮两臂都碰不到（跑前 R3-1 已声明覆盖面，故「测不到」没有被读成「不存在」）。
     次候选＝`fv` 加权的**剂量分布**（`Q = 源 × fv`，`:833`）与 `Mdom`/`Mcen` 的错配（落盘 2：Mcen 0.36562/0.32539/0.30635
     vs 0.28800 ⇒ δ=0 的中心格数按**整格**多算 27.0%/13.0%/6.4%（dx=50/25/12.5），而按材料的 `Mdom`
     三档几乎相同（0.29350/0.28937/0.28834）。两者都不是求解器缺陷，是**夹具＋口径**问题。
  ⇒ **#25 的战场正式移交**：#30（夹具被熔道触边切割＝δ=0 档填满整个包围网格的根源）＋#24（体积／吸附／口径，
     新增一条「`fv` 在整数边界不精确＝`1−ulp` 皮层，附表 B 第 5 条」）。**本轮不提出任何 A0 放宽**，A0 仍红；
     计数口径侧第 6 轮已闭合，机制侧本轮以「cap_w 否证＋边界通道登记」收尾。

----- 缺陷与登记清单（本轮新增，全部可复核）-----
D1 探针：R1 对表把「界面格」抄成「候选格」⇒ 0/8 假报警（已修，落盘 1 为现场）。
D2 探针：`NOISE` 全局遮蔽跑前标量容差 0.015 ⇒ R3 段 TypeError、EXIT=1（已修名 `NOISE_FLOOR`，判据文字未改）。
D3 预注册：α/β/γ 分类线没有 `G_A1>G_P`（负 share＝抑制项）分支 ⇒ β 的文字描述与实际数量不符（不改判，登记）。
D4 过程：R0b-1/-2/-3 三条修正所依据的前三次 prefix stdout 未落盘（只抄了关键读数进本 log）。
给 #24／T3：δ=0.5 档 `fv=1−1ulp` 皮层（96/1136/4576 格）＋δ=0.25·dx=50 的 192 格 `0.75−1ulp` ⇒
  cut 权重在面-体素对齐时不精确＝1；对**逐位跨平台**断言是威胁，对本轮物理解释（≤1.2e-11 K）不是。
给 #29（本轮实测的口径间距，全部取自落盘 2 的 P 行）：`Vs`（亚格液相∩中心实体）**≡**`VsS`（亚格液相∩亚格实体）
  在 δ=0.25/0.5 的**全部 5 个已解档**（0.08063/0.08063、0.07930/0.07930、0.07948/0.07948、0.07678/0.07678、
  0.07303/0.07303——逐位相同；dx=12.5·δ=0.5 未解 ⇒ 不计）；只有 **δ=0 三档**两者分开：`VsS` 比 `Vs` 小 **3.06%/2.59%/1.46%**
  （0.08030→0.07784、0.08006→0.07799、0.07995→0.07878）⇒ 实体侧亚格重建只在**面与体素不对齐**时才改变读数。
  另 `Vn`（硬计数）恒**低于** `VsS`，且**差距随细化减半**：dx=50 −22.60/−22.18/−16.64%、dx=25 −10.92/−10.95/−11.37%、
  dx=12.5 −5.84/−6.23%（δ=0/0.25/0.5 顺序；dx=12.5 的 δ=0.5 未解）⇒ 硬计数漏掉的是**熔界那一圈体素壳**，
  其体积占比按表面积/体积 ~1/dx 走 ⇒ 分母越大越接近份额口径。
  ⚠ 但「谁更准」本轮**不能**定：三者的**跨 δ 行为**主要受边界通道支配（附表 B 第 1 条），
  消融读数按 R4 **禁止**进入断言 ⇒ 裁决仍需用户口径决定（#29 保持待裁）。
给 #30：δ=0 档 `nvox=格总数`（2925/20825/156849）＝夹具填满包围网格的**直接逐档证据**，且它同时是
  「无绝热自由面」的成因；加大试片会让 δ=0 也出现空气格 ⇒ 形态差的 δ=0↔δ=0.25 跳变应当**随之消失**（可证伪）。

----- 下一步（#25 收尾之后按 roadmap 走）-----
#24（T3 容差吸附普查，现含 `fv` 皮层一项）→ #27（蒸发封顶跨口径重标定）→ #18（路径程序驱动热源）→
#22（beam_radius √2 口径分裂）→ #10/A3（外部基准）。#16② 的 GPU 吞吐要在 156849 体素分母上重测。
#29／#30 仍是**待用户裁决**项（本轮已把两条的可验证后果写清楚，见上面的缺陷清单）。
归档：开发日志 §26.23＋计划文档 §P＋总览条目 16＋当日 workbuddy＋auto-memory（[[voxel-boundary-knife-edge]]
  第 6 次发作、[[project-dual-track-decision]] 第 7 轮子弹）＋任务台账（#25 关单移交、#24/#29/#30 增项）。
分片 13＝本探针＋本 log＋文档增量（推后校核远端 blob 数＝541＋2＝543、双向差集 0）。
