# ===========================================================================
# #22/T4 可观测移动量探针 —— **改前（pre）**记录
# ===========================================================================
# 为什么要第三颗尺子：光斑口径探针（am_t4_spot_probe.py）量的是**源的宽度与归一**，
#   它证明"束变窄 √2、面积 ÷2"，但**不回答**"这对模拟结果意味着什么"。改物理口径的
#   验收不能停在"函数变了"，必须给一台**端到端**的读数机：同一份工艺参数打进真实
#   求解器，量峰值温度 / 熔深 / 熔点数。另有一条硬约束：#22 只场面内三处，
#   **缺省热解档（integrated）一个 bit 都不许动** ⇒ 需要"越界改动检测"，而它只有
#   跨两副树并排比读数才判得出来 ⇒ pre/post 两份捕获＋一份 compare。
# CMD:
#   已在跑的干净分离工作区（#22 主探针 pre 阶段建的，未销毁 ⇒ 复用）：
#     git worktree add --detach /tmp/am_pre_wt c9e0e8b
#     cp docs/evidence/2026-10-08/am_t4_observable_move.py /tmp/am_pre_wt/docs/evidence/2026-10-08/
#   cd /tmp/am_pre_wt && CUDA_VISIBLE_DEVICES="" PYTHONPATH=src JAX_ENABLE_X64=1 \
#       /tmp/amvenv/bin/python docs/evidence/2026-10-08/am_t4_observable_move.py pre \
#       > /tmp/am_t4_move_pre.log 2>&1          # 退出码 0
#   理由同主探针：主工作树在 post 阶段必然带改动 ⇒ pre 只能打在干净 HEAD 树上；
#   共享工作区里**禁裸 `git stash`** ⇒ 用分离工作区。
# TREE:
#   REPO（探针自证）= /tmp/am_pre_wt        HEAD = c9e0e8b（＝分片 14）
#   本脚本 md5 = 5d12a4264209b6aeaca0fc6678dfb165（post/compare 必须同 md5 ⇒ M0 判）
#   设备 = [CpuDevice(id=0)]（CUDA_VISIBLE_DEVICES="" 钉住 ⇒ 本 log 不含任何吞吐/加速数字）
# ---------------------------------------------------------------------------
# 夹具（**抄自 tests/test_default_solver_numerical.py 的既有场景，不是新造的**）：
#   beam_radius R=5.000e-05 m、P=250.0 W、v=0.80 m/s、dx=5.0e-05 m、n_grid=24、n_steps=80
#   sdf.shape=(25, 25, 25)、实体体素=3071、fdm 温度场 shape=(24, 24, 24)
#   ⇒ 整数计数与 sdf 形状三副树逐字相同（记忆规矩：跨探针比物理量之前先比 shape 与计数）。
#   取 **point 档**做对照之一：缺省 integrated 档不经 beam ⇒ 它是"越界改动"的天然哨兵。
# ---------------------------------------------------------------------------
# 本 phase 只出**读数**＋M3（有限性）。M1（integrated 逐位不动）与 M2（fdm/point 移动量）
#   是**跨树**判据，写在 compare log 里。
# 读数（pre＝改前）：
#   ① meltpool.fdm      peak=3446.053395  depth=0.0001876464322  n_melt=276  sum_T=7309853.914
#   ② integrated（哨兵）peak=3323.125031  final=2902.742923
#   ③ point 档          peak=3222.253978  final=2910.51167
#   lof_indicator 两副树都 = 0.0 ⇒ 80 步的短夹具触发不了 LOF 判据 ⇒ **这条读数对 #22 无
#   判别力**，照实列出是为了不假装没看见它，而不是拿它当证据。
# ===========================================================================
Jax plugin configuration error: Exception when calling jax_plugins.xla_cuda13.initialize()
Traceback (most recent call last):
  File "/home/shy/.local/lib/python3.12/site-packages/jax/_src/xla_bridge.py", line 495, in discover_pjrt_plugins
    plugin_module.initialize()
  File "/home/shy/.local/lib/python3.12/site-packages/jax_plugins/xla_cuda13/__init__.py", line 370, in initialize
    _check_cuda_versions(raise_on_first_error = True)
  File "/home/shy/.local/lib/python3.12/site-packages/jax_plugins/xla_cuda13/__init__.py", line 274, in _check_cuda_versions
    for d in range(cuda_versions.cuda_device_count())
                   ^^^^^^^^^^^^^^^^^^^^^^^^^^^^^^^^^
RuntimeError: jaxlib/cuda/versions_helpers.cc:135: operation cuInit(0) failed: CUDA_ERROR_NO_DEVICE
An NVIDIA GPU may be present on this machine, but a CUDA-enabled jaxlib is not installed. Falling back to cpu.
== T4/#22 可观测移动量探针 ==
phase   = pre
REPO    = /tmp/am_pre_wt
devices = [CpuDevice(id=0)]
本脚本 md5 = 5d12a4264209b6aeaca0fc6678dfb165
夹具  R=5.000e-05 m  P=250.0 W  v=0.80 m/s  dx=5.0e-05 m  sdf.shape=(25, 25, 25)  实体体素=3071

-- ① meltpool.fdm（本轮改的就是它）--
   peak        = 3446.053395
   depth       = 0.0001876464322
   lof         = 0
   t_shape     = (24, 24, 24)
   n_melt      = 276
   sum_T       = 7309853.914

-- ② thermal.enthalpy 缺省 integrated 档（对照：不许动）--
   peak        = 3323.125031
   final       = 2902.742923

-- ③ thermal.enthalpy point 档（本轮改的）--
   peak        = 3222.253978
   final       = 2910.51167

M3 全部 8 个读数有限                                       OK
（M1/M2 是**跨树**比对：把 pre 与 post 两份输出的同一行并排看，②必须逐位相同、①③必须移动 ⇒ 汇总见开发日志 §26.25）
JSON {"enthalpy_integrated": {"final": 2902.74292269927, "peak": 3323.125031277431}, "enthalpy_point": {"final": 2910.511669924569, "peak": 3222.2539775818163}, "fdm": {"depth": 0.00018764643222315722, "lof": 0.0, "n_melt": 276, "peak": 3446.0533949062947, "sum_T": 7309853.914418833, "t_shape": "(24, 24, 24)"}}
