===== #25 第 5 轮：只给「液相线等值面位置 + 体素计数」这一半边打分（③ 代＝#23 之后）=====
TREE: head=c3c7f95 dirty_src=0        （src/tests 相对已记分树 d7404f4 的 diff 为空 ⇒ 代码代际＝③）
DATE: 2026-10-08 (见各段落时间戳)
PROBE: docs/evidence/2026-10-08/am_t25r5_morphology_probe.py
NOTE: 判据 S1–S5 **写在探针 docstring 里、跑之前落盘**（S2 的复现表、S3 的 P1/P2/P2'/P3/P4、
NOTE:   S4 的 O1 原样、S5 的三分支裁决表）。本 log 不新增判据。
NOTE: 本轮观测量：Vn（体素中心＋硬阈值＝A0 assert2 的断言量）、Vm（fv 份额）、
NOTE:   **Vs（新：同一 peak_temperature 场当节点值做三重线性重建 + 8³ 子体素份额计数，只换液相面口径）**、
NOTE:   Lx/Ly/Lz（过 argmax 三轴最外侧线性插值交叉点＝等值面位置）。
NOTE: 诚实记录（判据迭代史）：S1a 初稿把"平面总体积误差 <2e-3 且随 m 单调下降"写成作废触发器，
NOTE:   自查算术后发现**单切割层的子采样份额精度是 1/m 量级**（i=21 格：闭式 0.808、m=8 给 5/8=0.625）
NOTE:   ⇒ 该判据在正确实现下也会报警。已把它改为「线性场重建逐位命中（1e-12）+ 份额必须是真分数」，
NOTE:   体积精度/阶/单调性全部挪到 S1b（球，多界面格、有解析体积）。**这次改动发生在跑生产之前**
NOTE:   （下面 落盘 0 是改动的依据：纯 numpy 合成自检、不含任何生产求解），S2–S5 一字未动。
NOTE:   与第 2 轮把 θ 降级为"量级参考、不进判据"是同型处置。


===== 落盘 0：估计器自检（合成场，纯 numpy ⇒ 设备无关；未做任何生产求解）=====
CMD: PYTHONPATH=src JAX_ENABLE_X64=1 CUDA_VISIBLE_DEVICES="" /tmp/amvenv/bin/python /tmp/am_t25r5_s1_only.py
DATE: 2026-10-08 01:34:55 +0800
Jax plugin configuration error: Exception when calling jax_plugins.xla_cuda13.initialize()
Traceback (most recent call last):
  File "/home/shy/.local/lib/python3.12/site-packages/jax/_src/xla_bridge.py", line 495, in discover_pjrt_plugins
    plugin_module.initialize()
  File "/home/shy/.local/lib/python3.12/site-packages/jax_plugins/xla_cuda13/__init__.py", line 370, in initialize
    _check_cuda_versions(raise_on_first_error = True)
  File "/home/shy/.local/lib/python3.12/site-packages/jax_plugins/xla_cuda13/__init__.py", line 274, in _check_cuda_versions
    for d in range(cuda_versions.cuda_device_count())
                   ^^^^^^^^^^^^^^^^^^^^^^^^^^^^^^^^^
RuntimeError: jaxlib/cuda/versions_helpers.cc:135: operation cuInit(0) failed: CUDA_ERROR_NO_DEVICE
An NVIDIA GPU may be present on this machine, but a CUDA-enabled jaxlib is not installed. Falling back to cpu.
=== S1a 线性场重建精确性：F̃ 在子体素中心必须命中解析值（机器精度）===
  切割格 i=21: 闭式份额=0.8080  Vs(m=8) 给=0.7500  硬计数给=1
  重建值 vs 解析值（同一格 512 个子体素中心）最大绝对差=5.031e-17（场尺度=0.517）⇒ PASS
  界面格数(m=8)=1681  该格份额真为分数=True  总量 Vs8=0.518746094 V闭式=0.520269500（相对差=2.928e-03） V中心计数=0.525312500（相对差=9.693e-03）

=== S1b 球 F=r0²−|x−c|²：Vs 的精度/阶；硬计数误差＝正对照 ===
  k= 21 d=0.05000  Vn=0.031375( +6.99%)  Vs4=0.028078( -4.25%)  Vs8=0.027777( -5.28%)  V解析=0.029325
  k= 41 d=0.02500  Vn=0.029109( -0.73%)  Vs4=0.028875( -1.53%)  Vs8=0.028905( -1.43%)  V解析=0.029325
  k= 81 d=0.01250  Vn=0.029600( +0.94%)  Vs4=0.029237( -0.30%)  Vs8=0.029235( -0.30%)  V解析=0.029325
  V3b 硬计数误差>1e-3(正对照)=True(max=6.992e-02) | V4a |Vs err| 单调下降=True | V4b Vs 平均误差< Vn 平均误差=True（2.338e-02 vs 2.888e-02）
  只打分：Vs 表观阶 p=1.88/2.23（带 1.5–3.0）；m 敏感性 |Vs8−Vs4|/Vs8=4.280e-05（警戒 2e-2）
exit=0

--- 落盘 0 之后的两处更正与知情顺序（照实登记，不动任何判据数值）---
1) 头部 NOTE 里写的「m=8 给 5/8＝0.625」是**口算未核对**，落盘 0 实测给 **0.750**（6/8）。已按实测改正，
   探针 docstring 同处也带 ⚠ 更正。该数字只出现在"只打印不判"的说明行，**不影响任何触发器阈值**。
2) 知情顺序（谁在谁之前）：S1a 的判据重写、以及 S3 的 **P2'（用 S1b 的 −5.28/−1.43/−0.30% 外推）**
   都是在**落盘 0 之后、任何生产求解之前**写的 ⇒ P2' 的来源是**合成场自检**，不是生产数。
   S2 的复现表、S3 的 P1/P2/P3/P4、S4 的 O1、S5 的三分支表**自始未改**（P2' 是**新增**的量化预测，
   不是替换：P2 的 <0.5 那条仍在）。

===== 落盘 1：完整探针（合成自检 + 8 次生产求解 + O1 打分）=====
CMD: PYTHONPATH=src JAX_ENABLE_X64=1 /tmp/amvenv/bin/python docs/evidence/2026-10-08/am_t25r5_morphology_probe.py   （GPU：不带 CUDA_VISIBLE_DEVICES）
TREE: head=c3c7f95 dirty_src=0
DATE: 2026-10-08 01:36:16 +0800
NVIDIA RTX A6000, 2600 MiB, 49140 MiB, 26 %
2001926, 588 MiB
2016277, 296 MiB
2019632, 296 MiB
=== S1a 线性场重建精确性：F̃ 在子体素中心必须命中解析值（机器精度）===
  切割格 i=21: 闭式份额=0.8080  Vs(m=8) 给=0.7500  硬计数给=1
  重建值 vs 解析值（同一格 512 个子体素中心）最大绝对差=5.031e-17（场尺度=0.517）⇒ PASS
  界面格数(m=8)=1681  该格份额真为分数=True  总量 Vs8=0.518746094 V闭式=0.520269500（相对差=2.928e-03） V中心计数=0.525312500（相对差=9.693e-03）

=== S1b 球 F=r0²−|x−c|²：Vs 的精度/阶；硬计数误差＝正对照 ===
  k= 21 d=0.05000  Vn=0.031375( +6.99%)  Vs4=0.028078( -4.25%)  Vs8=0.027777( -5.28%)  V解析=0.029325
  k= 41 d=0.02500  Vn=0.029109( -0.73%)  Vs4=0.028875( -1.53%)  Vs8=0.028905( -1.43%)  V解析=0.029325
  k= 81 d=0.01250  Vn=0.029600( +0.94%)  Vs4=0.029237( -0.30%)  Vs8=0.029235( -0.30%)  V解析=0.029325
  V3b 硬计数误差>1e-3(正对照)=True(max=6.992e-02) | V4a |Vs err| 单调下降=True | V4b Vs 平均误差< Vn 平均误差=True（2.338e-02 vs 2.888e-02）
  只打分：Vs 表观阶 p=1.88/2.23（带 1.5–3.0）；m 敏感性 |Vs8−Vs4|/Vs8=4.280e-05（警戒 2e-2）

=== 设备清单（长期规则：自称 GPU 实测必须含本行，写在 log 本体）===
  jax.devices() = [CudaDevice(id=0)]
  platform/backend = gpu / x64=True

=== 生产求解 + 三种计数口径 + 等值面位置（无 patch；场＝th.peak_temperature）===
  T_liquidus=1723.0 K
  δ=0.00·dx dx= 50.0 nvox=   2925 peak=2461.27 熔体素=   482 界面格=   844 触壳=36 邻非实体=0 min(fv)=0.500 | Vn=0.06025 Vm=0.05800 Vs(m4)=0.08093 Vs(m8)=0.08030 mm³（加掩膜前后逐位同=True）| Lx= 1.195 Ly= 0.575 Lz= 0.197 mm
  δ=0.25·dx dx= 50.0 nvox=   2304 peak=2447.27 熔体素=   502 界面格=   876 触壳=0 邻非实体=738 min(fv)=0.750 | Vn=0.06275 Vm=0.06244 Vs(m4)=0.08162 Vs(m8)=0.08063 mm³（加掩膜前后逐位同=True）| Lx= 1.168 Ly= 0.563 Lz= 0.197 mm
  δ=0.50·dx dx= 50.0 nvox=   2304 peak=2433.15 熔体素=   512 界面格=   734 触壳=0 邻非实体=486 min(fv)=1.000 | Vn=0.06400 Vm=0.06400 Vs(m4)=0.07717 Vs(m8)=0.07678 mm³（加掩膜前后逐位同=True）| Lx= 1.171 Ly= 0.396 Lz= 0.230 mm
  δ=0.00·dx dx= 25.0 nvox=  20825 peak=2563.01 熔体素=  4446 界面格=  3604 触壳=241 邻非实体=0 min(fv)=0.500 | Vn=0.06947 Vm=0.06759 Vs(m4)=0.08034 Vs(m8)=0.08006 mm³（加掩膜前后逐位同=True）| Lx= 1.184 Ly= 0.573 Lz= 0.225 mm
  δ=0.25·dx dx= 25.0 nvox=  18432 peak=2554.96 熔体素=  4520 界面格=  3988 触壳=0 邻非实体=3006 min(fv)=0.750 | Vn=0.07062 Vm=0.06996 Vs(m4)=0.07931 Vs(m8)=0.07930 mm³（加掩膜前后逐位同=True）| Lx= 1.165 Ly= 0.565 Lz= 0.207 mm
  δ=0.50·dx dx= 25.0 nvox=  18432 peak=2565.18 熔体素=  4143 界面格=  3936 触壳=0 邻非实体=2970 min(fv)=1.000 | Vn=0.06473 Vm=0.06473 Vs(m4)=0.07326 Vs(m8)=0.07303 mm³（加掩膜前后逐位同=True）| Lx= 1.154 Ly= 0.583 Lz= 0.215 mm
  δ=0.00·dx dx= 12.5 nvox= 156849 peak=2565.08 熔体素= 37982 界面格= 14484 触壳=1143 邻非实体=0 min(fv)=0.500 | Vn=0.07418 Vm=0.07307 Vs(m4)=0.08003 Vs(m8)=0.07995 mm³（加掩膜前后逐位同=True）| Lx= 1.187 Ly= 0.574 Lz= 0.221 mm
  δ=0.25·dx dx= 12.5 nvox= 147456 peak=2555.81 熔体素= 38157 界面格= 15668 触壳=0 邻非实体=10449 min(fv)=0.750 | Vn=0.07453 Vm=0.07407 Vs(m4)=0.07960 Vs(m8)=0.07948 mm³（加掩膜前后逐位同=True）| Lx= 1.180 Ly= 0.590 Lz= 0.220 mm

=== C0 判据：熔区只被液相面切割（触壳数与邻非实体数必须为 0）===
  δ=0.00·dx dx= 50.0: 触壳=36 邻非实体=0 掩膜对 Vs 逐位无操作=True ⇒ 不 OK
  δ=0.00·dx dx= 25.0: 触壳=241 邻非实体=0 掩膜对 Vs 逐位无操作=True ⇒ 不 OK
  δ=0.00·dx dx= 12.5: 触壳=1143 邻非实体=0 掩膜对 Vs 逐位无操作=True ⇒ 不 OK
  δ=0.25·dx dx= 50.0: 触壳=0 邻非实体=738 掩膜对 Vs 逐位无操作=True ⇒ 不 OK
  δ=0.25·dx dx= 25.0: 触壳=0 邻非实体=3006 掩膜对 Vs 逐位无操作=True ⇒ 不 OK
  δ=0.25·dx dx= 12.5: 触壳=0 邻非实体=10449 掩膜对 Vs 逐位无操作=True ⇒ 不 OK
  δ=0.50·dx dx= 50.0: 触壳=0 邻非实体=486 掩膜对 Vs 逐位无操作=True ⇒ 不 OK
  δ=0.50·dx dx= 25.0: 触壳=0 邻非实体=2970 掩膜对 Vs 逐位无操作=True ⇒ 不 OK

=== S2 逐位复现（对照 am_t25_round3_observable.log L38-45）===
  δ=0.00 dx= 50.0: peak 2461.27(Δ0.001) Vn 0.06025(Δ0.000000) Vm 0.05800(Δ0.000000) 熔体素=482 ⇒ 一致
  δ=0.25 dx= 50.0: peak 2447.27(Δ0.002) Vn 0.06275(Δ0.000000) Vm 0.06244(Δ0.000003) 熔体素=502 ⇒ 一致
  δ=0.50 dx= 50.0: peak 2433.15(Δ0.001) Vn 0.06400(Δ0.000000) Vm 0.06400(Δ0.000000) 熔体素=512 ⇒ 一致
  δ=0.00 dx= 25.0: peak 2563.01(Δ0.004) Vn 0.06947(Δ0.000001) Vm 0.06759(Δ0.000004) 熔体素=4446 ⇒ 一致
  δ=0.25 dx= 25.0: peak 2554.96(Δ0.001) Vn 0.07062(Δ0.000005) Vm 0.06996(Δ0.000005) 熔体素=4520 ⇒ 一致
  δ=0.50 dx= 25.0: peak 2565.18(Δ0.002) Vn 0.06473(Δ0.000004) Vm 0.06473(Δ0.000004) 熔体素=4143 ⇒ 一致
  δ=0.00 dx= 12.5: peak 2565.08(Δ0.003) Vn 0.07418(Δ0.000004) Vm 0.07307(Δ0.000003) 熔体素=37982 ⇒ 一致
  δ=0.25 dx= 12.5: peak 2555.81(Δ0.004) Vn 0.07453(Δ0.000005) Vm 0.07407(Δ0.000003) 熔体素=38157 ⇒ 一致
  ⇒ 8/8 格一致

=== S4 主判据 O1（原样）：六个量、三列 δ、两档对；5% 不放宽、δ=0.5 不删 ===
  Vn   档对差 δ=0.00/ 50.0↔ 25.0 13.270%  δ=0.00/ 25.0↔ 12.5  6.356%  δ=0.25/ 50.0↔ 25.0 11.150%  δ=0.25/ 25.0↔ 12.5  5.234%  δ=0.50/ 50.0↔ 25.0  1.134%  | 含 δ=0.5 全列最大 13.270% ⇒ 不入选   ‖ 剔除 δ=0.5 最大 13.270% ⇒ 不达标
  Vm   档对差 δ=0.00/ 50.0↔ 25.0 14.183%  δ=0.00/ 25.0↔ 12.5  7.502%  δ=0.25/ 50.0↔ 25.0 10.759%  δ=0.25/ 25.0↔ 12.5  5.539%  δ=0.50/ 50.0↔ 25.0  1.134%  | 含 δ=0.5 全列最大 14.183% ⇒ 不入选   ‖ 剔除 δ=0.5 最大 14.183% ⇒ 不达标
  Vs   档对差 δ=0.00/ 50.0↔ 25.0  0.298%  δ=0.00/ 25.0↔ 12.5  0.131%  δ=0.25/ 50.0↔ 25.0  1.645%  δ=0.25/ 25.0↔ 12.5  0.223%  δ=0.50/ 50.0↔ 25.0  4.883%  | 含 δ=0.5 全列最大  4.883% ⇒ 入选   ‖ 剔除 δ=0.5 最大  1.645% ⇒ 达标
  Lx   档对差 δ=0.00/ 50.0↔ 25.0  0.882%  δ=0.00/ 25.0↔ 12.5  0.223%  δ=0.25/ 50.0↔ 25.0  0.195%  δ=0.25/ 25.0↔ 12.5  1.206%  δ=0.50/ 50.0↔ 25.0  1.412%  | 含 δ=0.5 全列最大  1.412% ⇒ 入选   ‖ 剔除 δ=0.5 最大  1.206% ⇒ 达标
  Ly   档对差 δ=0.00/ 50.0↔ 25.0  0.329%  δ=0.00/ 25.0↔ 12.5  0.290%  δ=0.25/ 50.0↔ 25.0  0.372%  δ=0.25/ 25.0↔ 12.5  4.185%  δ=0.50/ 50.0↔ 25.0 32.024%  | 含 δ=0.5 全列最大 32.024% ⇒ 不入选   ‖ 剔除 δ=0.5 最大  4.185% ⇒ 达标
  Lz   档对差 δ=0.00/ 50.0↔ 25.0 12.372%  δ=0.00/ 25.0↔ 12.5  1.561%  δ=0.25/ 50.0↔ 25.0  4.871%  δ=0.25/ 25.0↔ 12.5  5.825%  δ=0.50/ 50.0↔ 25.0  6.466%  | 含 δ=0.5 全列最大 12.372% ⇒ 不入选   ‖ 剔除 δ=0.5 最大 12.372% ⇒ 不达标

=== S3 结构性预测记分 ===
  P1（五档对全部 |ΔVs|<|ΔVn|）：FAIL
  P2（|ΔVs|/|ΔVn| 在 δ=0 的 50↔25 < 0.5）：0.026 ⇒ PASS
  P2'（δ=0 的 |ΔVs|(50↔25) 预测 ≤0.5%、最坏 ≤2%）：实测 0.298% ⇒ 命中
  P4（Vs δ=0 三档单调上升 0.08030→0.08006→0.07995）：FAIL
  P3（③ 代 extents 全大于 ② 代同格值）：PASS

=== 逐项 pt 分解：|ΔVn| ＝ |ΔVs| ＋ |(Vn−Vs)₁−(Vn−Vs)₂|（S5 的裁决材料）===
  δ=0.00·dx  50.0↔ 25.0µm: |ΔVn|=0.00922mm³(13.270%) = |ΔVs|0.00024( 0.345%) + 口径项差0.00946(13.615%)  口径本身 Vn−Vs：-0.02005/-0.01059
  δ=0.00·dx  25.0↔ 12.5µm: |ΔVn|=0.00471mm³( 6.356%) = |ΔVs|0.00010( 0.141%) + 口径项差0.00482( 6.497%)  口径本身 Vn−Vs：-0.01059/-0.00577
  δ=0.25·dx  50.0↔ 25.0µm: |ΔVn|=0.00787mm³(11.150%) = |ΔVs|0.00133( 1.878%) + 口径项差0.00920(13.029%)  口径本身 Vn−Vs：-0.01788/-0.00867
  δ=0.25·dx  25.0↔ 12.5µm: |ΔVn|=0.00390mm³( 5.234%) = |ΔVs|0.00018( 0.238%) + 口径项差0.00372( 4.995%)  口径本身 Vn−Vs：-0.00867/-0.00495
  δ=0.50·dx  50.0↔ 25.0µm: |ΔVn|=0.00073mm³( 1.134%) = |ΔVs|0.00375( 5.791%) + 口径项差0.00448( 6.926%)  口径本身 Vn−Vs：-0.01278/-0.00830

=== S5 裁决 ===
  含 δ=0.5：{'Vn': False, 'Vm': False, 'Vs': True, 'Lx': True, 'Ly': False, 'Lz': False}
  剔除 δ=0.5：{'Vn': False, 'Vm': False, 'Vs': True, 'Lx': True, 'Ly': True, 'Lz': False}
  ⇒ A：Vs 入选、Vn 不入选 ⇒ 剩余漂移主体是**计数口径**（下一步＝把份额口径作为判据改动呈报用户）
  注：extents/Vs 是**归因诊断**，不得替换 A0 的 assert2 观测量（A0 断 peak 与 Vn）；5% 未放宽、δ 未挑、档对未挑、δ=0.5 列未删、src 未改。

=== 记分 ===
FAILS: ['C0 δ=0.0 dx=50.0：熔区含实体边界/外壳格（触壳=36 邻非实体=0）', 'C0 δ=0.0 dx=25.0：熔区含实体边界/外壳格（触壳=241 邻非实体=0）', 'C0 δ=0.0 dx=12.5：熔区含实体边界/外壳格（触壳=1143 邻非实体=0）', 'C0 δ=0.25 dx=50.0：熔区含实体边界/外壳格（触壳=0 邻非实体=738）', 'C0 δ=0.25 dx=25.0：熔区含实体边界/外壳格（触壳=0 邻非实体=3006）', 'C0 δ=0.25 dx=12.5：熔区含实体边界/外壳格（触壳=0 邻非实体=10449）', 'C0 δ=0.5 dx=50.0：熔区含实体边界/外壳格（触壳=0 邻非实体=486）', 'C0 δ=0.5 dx=25.0：熔区含实体边界/外壳格（触壳=0 邻非实体=2970）', 'P1：存在 |ΔVs| ≥ |ΔVn| 的档对', 'P4：Vs δ=0 三档非单调上升（[0.08029541015624998, 0.08005584716796874, 0.07995106506347655]）⇒ 生产场非凹主导，需另查']
elapsed=56s
exit=0

===== ADJUDICATION（发起人于跑后逐条记分；S1–S5 判据全部在跑前写死，此处不新增判据）=====
设备：落盘 1 的 log 本体内含 `jax.devices() = [CudaDevice(id=0)]`、`platform/backend = gpu / x64=True`
      ＋ nvidia-smi 型号/占用行 ⇒ 本轮是 **GPU 实测**（R4 那条发起人缺陷本轮已修复：设备行在 body 里）。
      落盘 0 是纯 numpy 合成自检、命令带 CUDA_VISIBLE_DEVICES="" ⇒ 与设备无关，不声称 GPU。

S1 估计器自检 **PASS（不作废）**：线性场重建最大绝对差 5.031e-17（场尺度 0.517）＜1e-12 ⇒ 27 位移索引
   ＋权重实现正确；界面格 1681、该格份额 0.750∈(0,1) ⇒ 不是伪装的硬计数。
   球（多界面格、有解析体积）：硬计数误差 **+6.99 / −0.73 / +0.94%**（**符号来回摆**＝对齐运气），
   Vs(m=8) 误差 −5.28 / −1.43 / −0.30%（**单边、单调**），表观阶 p=1.88/2.23（带内），
   m 敏感性 4.28e-05（远低于 2% 警戒）。V4b 的平均误差比较 2.338e-02 vs 2.888e-02 ⇒ **通过但余量只有
   19%**，本轮真正的证据是"单调＋单边 vs 摆动"这个**形状**，不是平均值。
   单边低估的机制可解释：F=r0²−|x−c|² 是凹场，三重线性内插对凹函数给**偏低**的重建值
   ⇒ {F̃>0} ⊂ {F>0} ⇒ 体积系统性少算，且误差 ~dx²（p≈2 吻合）。

S2 逐位复现 **PASS 8/8**：peak/Vn/Vm 与 `am_t25_round3_observable.log` L38-45 全部命中（|Δ|≤5e-6 只源于
   印值的小数位截断，非物理差）。**新增一手事实**：熔体素整数计数本轮**首次逐格打印**
   δ=0：482 / 4446 / **37982**；δ=0.25：502 / 4520 / 38157；δ=0.5：512 / 4143。
   ⇒ #28 当时写的"12.5µm 档计数未打印 ⇒ 不给计数"自此**补上**（37982；由 (12.5e-6)³ 反推 0.07418 一致）。

C0 **不合格（本轮最重要的发现，且是判据自己抓出来的）**：预设"熔区只被液相面切割、不触实体边界/外壳"
   被实测否证——δ=0 三档的**触壳熔体素**＝36/241/1143，δ=0.25/0.5 的**邻非实体熔体素**＝738/3006/10449
   （26 邻域累加口径，故高估单格计数，但非零即否证）。旁证：Lx=1.154–1.195 mm 而试片 X 向只有 1.2 mm
   ⇒ **熔道几乎铺满试片长度并破顶面/侧面**，min(fv)=0.500（恰是 #23 的 CUT_CAPACITY_FLOOR）说明熔集里
   确实含刀锋半格。
   ⇒ 后果（照实写）：Vs 与 Vn 之差**同时含两类口径**——液相面一侧的亚格份额 ＋ 自由面/侧面一侧的
     "中心判据 vs 亚格判据"。所以 S5 的"主体是计数口径"成立，但**不能**读成"液相面定位已单独解释全部漂移"。
   ⇒ 附带好消息：掩膜对 Vs **逐位无操作**（8/8 True）⇒ φ>0 的候选格全部是中心在实体内的格，
     Vs 的口径是干净的"实体中心∩亚格液相"，没有把空气格混进来。

S3 记分：P1 **FAIL**（唯一反例＝δ=0.5 那一档对：Vs 4.883% > Vn 1.134%）；P2 **PASS**（0.026 ≪ 0.5）；
   P2' **命中**（δ=0 的 50↔25 实测 0.298%，预测 ≤0.5%）；P3 **PASS**（③ 代 extents 全面大于 ② 代）；
   P4 **FAIL**（Vs δ=0 三档 0.08030→0.08006→0.07995 轻微**下降**，与合成场的"单调回升"方向相反）。
   P4 失败量级只有 0.4%，与 13% 的现象不在一个尺度上 ⇒ 记为"方向预测未命中、已登记"，不写成机制结论。

S4（O1 原样，5% 未放宽、δ=0.5 未删、档对未挑、δ 未挑）：
   Vn  13.270 / 6.356 / 11.150 / 5.234 / 1.134 (%)  ⇒ 不入选（与第 3 轮逐位复现）
   Vm  14.183 / 7.502 / 10.759 / 5.539 / 1.134      ⇒ 不入选
   Vs   0.298 / 0.131 /  1.645 / 0.223 / 4.883      ⇒ **入选**（含 δ=0.5 全列最大 4.883%，余量 0.117pt）
   Lx   0.882 / 0.223 /  0.195 / 1.206 / 1.412      ⇒ 入选
   Ly   0.329 / 0.290 /  0.372 / 4.185 / 32.024     ⇒ 不入选（δ=0.5 的 32%＝域刀锋，见下）
   Lz  12.372 / 1.561 /  4.871 / 5.825 / 6.466     ⇒ 不入选
   两列都报：剔除 δ=0.5 后 Vs/Lx/Ly 达标、Vn/Vm/Lz 不达标。

S5 裁决＝**分支 A**（Vs 入选、Vn 不入选），按跑前写的表执行，但必须带两条限定：
   ① **同 δ 内、加密方向**的漂移基本是**计数口径**：δ=0 时 Vn 走 13.27→6.36%，Vs 只走 0.30→0.13%
     （缩小 ~40×），且口径项本身 Vn−Vs＝−0.02005/−0.01059/−0.00577 mm³ 随加密**近似减半**
     （比值 1.89/1.84 ⇒ 一阶，但不是"严格"）
     ⇒ 教科书式的一阶界面计数偏置；熔体积在亚格口径下≈ **0.0799 mm³**（三档一致到 0.4%）。
   ② **跨 δ** 的差异**不是**计数口径而是**域质量刀锋**（#19／T2 家族）：δ=0.5 的 Vs 相对 δ=0 低
     4.4%（dx=50：0.07678 vs 0.08030）与 8.8%（dx=25：0.07303 vs 0.08006）⇒ **不随加密消失**
     （δ=0.5 档对内部 4.883% 也照样不过），根因是 δ=0 的网格比 δ=0.25/0.5 **多一整层**
     表面体素（nvox 2925 vs 2304、20825 vs 18432）⇒ 固体域本身不同、热的域不同，这是**物理差异**不是读数差异。
     Lx/Ly 在 δ=0.5 的 32%/1.4% 抖动同源。
   ⇒ 所以"把 assert2 换成份额口径"**能**消掉①、**不能**消掉②；②要么靠 #24（整数吸附/域一致性）处置，
     要么靠加大试片（夹具改动）避开触边。两者都**不是我能自己拍的判据改动** ⇒ 呈报用户裁决。
   ⇒ **不换指标**：A0 仍断 peak 与 Vn ⇒ **A0 保持红灯**；Vs 是本轮的归因诊断量，src 零改动、N4 未触碰
     （没有叠加任何补丁、没有调任何系数）。

FAILS（最终）：C0 九格不合格（发现，非实现错误）＋ P1、P4 两条预测未命中。估计器作废触发器全部未触发。

下一步（第 6 轮，判据将另写、跑前登记）：
  ① 加 **VsS**＝亚格液相 ∩ 亚格实体（把 SDF 也做三重线性重建，子体素中心同时判 F̃>TL 与 sdf̃<0）
     ⇒ 拆开"液相面口径"与"自由面口径"，直接回答 C0 留下的问题。
  ② 打印每格**域质量** Σfv·dx³ 与"熔区到六个面的最小间隙" ⇒ 定量②（域刀锋）与触边程度。
  ③ 用①②的数据判"0.0799 mm³ 这个收敛值是口径无关的物理量，还是两类口径相消的巧合"。
