===== #25 第 3 轮：把 O1 观测量矩阵在 #23 之后的生产码上重跑（同一探针文件、只换代码代际）=====
CMD: PYTHONPATH=src JAX_ENABLE_X64=1 /tmp/amvenv/bin/python docs/evidence/2026-10-07/am_t2_a0_observable.py
TREE: head=d7404f4 dirty_src=0
DATE: 2026-10-08 00:17:21 +0800
NOTE: 探针文件**一字未改**（`am_t2_a0_observable.py` 是 #19 之后那一份，其 docstring 里的 O1/O2 与
NOTE: 采集实现全部沿用）⇒ 本轮与 G1 代（§25.2/§26.16 引用那批）之间**只有求解器代码代际**这一个变量，
NOTE: 逐位差异全部归因得到。跑之前先声明：本轮**只取矩阵数字**；O2 那段决策文字是 #23 之前写的，
NOTE: 其分支结论不在本轮采信（是否换指标由下面 R5 的登记规则裁决，不许"哪个绿用哪个"）。
NOTE:
NOTE: 跑前登记的预测与判据（不许跑后改）：
NOTE: R1 逐位对照（**必须复现**，否则先查码、不记分）——δ=0 三档必须等于 P3 已验收的现行值：
NOTE:    peak 2461.269 / 2563.006 / 2565.077 K；Vn 0.06025 / 0.06947 / 0.07418 mm³；
NOTE:    Vm 0.05800 / 0.06759 / 0.07307 mm³（`am_t23_capacity_closure_probe.log` L93-95，同一夹具同一 δ 约定）。
NOTE:    注意探针自己的 δ=0 是 `coupon(dx, 0.0)`＝件面恰落在节点上，与 P3 的 `frac=0` 同义。
NOTE: R2 改前登记的档对差预测（由 R1 的数算出，写在这里供对照；±0.05pt 内算命中）：
NOTE:    50↔25：peak 3.969%（δ=0）/ 4.215%（δ=0.25）；Vn 13.270% / 11.150%；Vm 14.189% / 10.749%。
NOTE:    25↔12.5（P3 未直接打印档对差，此处按 L93-98 手算并**现在**登记）：
NOTE:    peak 0.081% / 0.033%；Vn 6.350% / 5.233%；Vm 7.499% / 5.549%。
NOTE:    ⇒ 预测「δ∈{0,0.25} 一侧的最大值」：peak **4.22%**、Vn **13.27%**、Vm **14.19%**、ΔH 未测（G1 代 9.74%）。
NOTE: R3 阳性对照（防"探针看不见缺陷"）：Vn 与 Vm 必须在**至少一格**上不相等。
NOTE:    若逐格 bitwise 相同 ⇒ 计数口径与份额口径的差别在本夹具上不可见，本轮作废（不许当结论）。
NOTE:    依据：G1 代两者在 50↔25 上是 11.04% vs 10.70%（不同），所以"相同"本身就是异常。
NOTE: R4 设备行必须打印且为 cuda:0（长期规则：凡自称"GPU 实测"的日志必须含设备清单行）。
NOTE:    CPU 钉住的签名是 `CUDA_ERROR_NO_DEVICE … Falling back to cpu` traceback，出现即按 CPU 处置。
NOTE: R5 裁决口径**跑前写死**：脚本实现的 O1 含 δ=0.5 那一列（`ok = all(δ∈{0,.25}) and r05<5%`），
NOTE:    而本项目另有登记规则「δ=0.5·dx 不携带信息」⇒ 本轮**两列都报**（含 δ=0.5 的脚本原判定 ＋
NOTE:    剔除 δ=0.5 的替代列），**不挑、不事后改判据**。peak 在 δ∈{0,.25} 预计 <5% 但 G1 代 δ=0.5 是
NOTE:    5.15% ⇒ 若本轮 peak 因 δ=0.5 落选，结论必须写成"peak 只在有信息的对齐上达标"，
NOTE:    不许写成"峰值半边已闭合"，也不许为此把 δ=0.5 从判据里删掉（那是放宽）。
NOTE: 并发说明：同一时刻全量记分（`am_t27_fullsuite.log`）正在 CPU 上跑、起飞树同为 `d7404f4`；
NOTE:    本跑走 GPU，两跑不共享进程，各自的数只与代码代际有关（f64 设备无关性已在 §25.7 U2 验过）。
--- devices / gpu ---
NVIDIA RTX A6000, 2590 MiB, 49140 MiB, 25 %
2001926, 588 MiB
2016277, 296 MiB
2019632, 296 MiB
=== 逐 (dx, δ) 采集 4 个观测量 ===
  dx= 50.0 δ=0.00  峰值= 2461.27K  Vm(fv)= 0.05800mm³  Vn(计数)= 0.06025mm³  ΔH=1.59251e+00J
  dx= 50.0 δ=0.25  峰值= 2447.27K  Vm(fv)= 0.06244mm³  Vn(计数)= 0.06275mm³  ΔH=1.56645e+00J
  dx= 50.0 δ=0.50  峰值= 2433.15K  Vm(fv)= 0.06400mm³  Vn(计数)= 0.06400mm³  ΔH=1.66710e+00J
  dx= 25.0 δ=0.00  峰值= 2563.01K  Vm(fv)= 0.06759mm³  Vn(计数)= 0.06947mm³  ΔH=1.61699e+00J
  dx= 25.0 δ=0.25  峰值= 2554.96K  Vm(fv)= 0.06996mm³  Vn(计数)= 0.07062mm³  ΔH=1.60461e+00J
  dx= 25.0 δ=0.50  峰值= 2565.18K  Vm(fv)= 0.06473mm³  Vn(计数)= 0.06473mm³  ΔH=1.58948e+00J
  dx= 12.5 δ=0.00  峰值= 2565.08K  Vm(fv)= 0.07307mm³  Vn(计数)= 0.07418mm³  ΔH=1.62317e+00J
  dx= 12.5 δ=0.25  峰值= 2555.81K  Vm(fv)= 0.07407mm³  Vn(计数)= 0.07453mm³  ΔH=1.61714e+00J

=== O1：跨档相对差（对每一种 δ 都必须 <5% 才算入选） ===
  pk  max over δ∈{0,.25}:  50↔25   4.21%   25↔12.5   0.08%   |  δ=0.5 档对   5.15%  ⇒ 不入选
  Vm  max over δ∈{0,.25}:  50↔25  14.18%   25↔12.5   7.50%   |  δ=0.5 档对   1.13%  ⇒ 不入选
  Vn  max over δ∈{0,.25}:  50↔25  13.27%   25↔12.5   6.36%   |  δ=0.5 档对   1.13%  ⇒ 不入选
  dH  max over δ∈{0,.25}:  50↔25   2.38%   25↔12.5   0.77%   |  δ=0.5 档对   4.66%  ⇒ 入选

=== O2：决策 ===
  只入选一个 {'pk': False, 'Vm': False, 'Vn': False, 'dH': True} ⇒ 决策：以更接近 5% 裕度者承载，另一项登记缺口

FAILS: 无（见上方决策行）
probe exit=0
elapsed=57s

=== 事后设备检查（R4 补救；**明确标注为 post-hoc**，不是探针运行内打印的）===
jax.devices() = [CudaDevice(id=0)]
default_backend = gpu

=== ADJUDICATION（发起人于跑后逐条记分；R1–R5 全部写在上面、跑前已定，此处不新增判据）===
R1 逐位对照 **PASS（附一条必须照实的说明）**：δ=0 三档 peak 2461.27/2563.01/2565.08 K、
    Vm 0.05800/0.06759/0.07307、Vn 0.06025/0.06947/0.07418 与 P3（`am_t23_capacity_closure_probe.log`
    L93-95）逐格相同；δ=0.25 的 peak 2447.27/2554.96/2555.81、Vm 0.06244/0.06996/0.07407 也相同。
    **唯一差别**＝δ=0.25 dx=25 的 Vn 这里印 0.07062、P3 印 0.07063。查因不是代码、不是设备：
    两边熔化体素计数**都是 4520**，差别只在 dx 的**浮点拼写**——本探针用 `dx_um*1e-6`
    （`25*1e-6 = 2.5000000000000002e-05`，与字面量 `25e-6` 差 1 ulp），P3 用字面量；
    体积因子 `(dx)³` 因此差 3 ulp，第 5 位小数的舍入方向被翻过来。算术复核：
    `%.5f(4520·(25*1e-6)³·1e9)=0.07062` vs `%.5f(4520·(25e-6)³·1e9)=0.07063`（真实值 **恰为
    0.070625 这个舍入平局点**，1 ulp 的上下抖动就足以决定第 5 位是 2 还是 3）；
    dx=50 与 12.5 两档**拼写同样差 1 ulp**（`50*1e-6≠50e-6`、`12.5*1e-6≠12.5e-6`），只是它们的
    体积不落在平局点上，两种拼写都印 `0.06025` / `0.07418` ⇒ 看不出差别。
    ⚠ **更正**：本段初稿写的是"dx=50 与 12.5 两种拼写相等"，那是**未跑核对就下的结论**，
    实测三档拼写全部差 1 ulp、只有 dx=25 因落在舍入平局点上才暴露。已按实测改写。
    ⇒ 结论：R1 成立（同一代码、同一网格、同一整数计数），但**登记一条新的位点类**给 #24 邻域：
    D4 只把**网格**的 1-ulp 敏感修掉了，**「计数 × dx³ → 体积」这一步仍继承拼写的 ulp**，
    所以跨探针要求"逐位相同"时必须先统一 dx 拼写或打印原始计数（本轮就是靠打印计数才没误判 R1 失败）。
R2 改前登记的档对差预测 **6/6 命中**（±0.05pt）：peak 50↔25 实测 4.21%（预测 4.215%）、
    25↔12.5 实测 0.08%（预测 0.081%）；Vn 13.27%（13.270%）、6.36%（6.350%）；
    Vm 14.18%（14.189%）、7.50%（7.499%）。ΔH 未预测（G1 代 9.74%，当时没有依据外推）⇒ 实测 2.38%/0.77%，
    **照实记为"这条是本轮的意外收获"**，不事后补成预测。
R3 阳性对照 **PASS**：Vn≠Vm（δ=0：0.06025 vs 0.05800；δ=0.25：0.07062 vs 0.06996；δ=0 各档均不等）
    ⇒ 计数口径与份额口径的差别**看得见**，本轮不是空转。附带一条**新读数**：δ=0.5 两档上 Vn 与 Vm
    **逐格相等**（0.06400 / 0.06473）⇒ 在该对齐下熔化集合恰好不含部分填充单元（fv=1），
    所以 δ=0.5 那一列对两个口径给同一个 1.13%——这解释了为什么 δ=0.5 一侧看着"很收敛"，
    它是**集合里没有切割单元**，不是形态收敛。
R4 **未完全兑现（记为发起人缺陷）**：启动器把 `jax.devices()` 那一步重定向进了 /dev/null，
    日志里只有 `nvidia-smi` 三行（GPU 型号＋占用），没有探针自己的设备清单行 ⇒
    按长期规则「凡自称 GPU 实测的日志必须含设备清单行」这条**不合格**。处置＝上面补一条**事后**
    设备检查并明确标 post-hoc；本轮结论不依赖设备（f64 设备无关性由 §25.7 U2 验过，且 R1 已逐位
    对上 CPU/GPU 都跑过的 P3）。下轮启动器一律把 devices 行写进日志本体。
R5 裁决（两列都报，不挑）：
    ① **脚本原判定**（O1 含 δ=0.5）：pk 不入选（δ=0.5 档对 5.15%）、Vm 不入选（14.18%）、
       Vn 不入选（13.27%）、**ΔH 入选**（2.38%/0.77%/4.66%）。⇒「只入选一个」，脚本里那句
       "以更接近 5% 裕度者承载"是 **#23 之前写的 O2 分支文字，本轮不采信**（不拿它当决策）。
    ② **剔除 δ=0.5 的替代列**（信息对齐）：pk 4.21%/0.08% 达标、ΔH 2.38%/0.77% 达标、
       Vm 14.18%/7.50% 不达标、Vn 13.27%/6.36% 不达标。
    ⇒ 本轮真正的收获是**把 #25 的剩余机制隔离到"形态"一侧**：#23 之后
       **能量侧已闭合**（ΔH 在所有对齐、所有档对 ≤4.66%，最大档对差 2.38%——这正是 #23
       "注入/移走能量逐项不变"的下游积分证据），**峰值一侧在有信息的对齐上达标**（4.21%），
       而**熔池形态仍 13–14% 不闭合** ⇒ 剩下的不是漏能、不是热容口径，而是
       液相线**等值面位置 + 体素计数**问题（#25 第 2 轮"双因"里的计数半边，本轮独立复现）。
    ⇒ **不换指标**：A0 断的是 peak 与 Vn，两者都没入选（Vn 13.27%、peak 在脚本判据下 5.15%），
       所以 **A0 保持红灯**；不许因为 ΔH 绿了就把断言改成 ΔH（O1 当初被设计出来正是为了禁这件事，
       用户规则「A0 断言不许放宽」）。#28 换数时 A0 docstring 的 O1 矩阵**引用本 log** 并注明代际。
FAILS: 无（R1 PASS 带一条拼写更正；R2 6/6；R3 PASS；R4 发起人缺陷已补救并登记；R5 结论如上）

=== 更正（2026-10-08 00:35，第 4 轮起飞前；本轮不新跑任何东西，只修档案术语）===
本 log 里 5 处写作「**G1 代**」的基线（L6、L19、L22、L27、L83）指的是 `am_t2_a0_observable.log`
那一次运行。按 §25.2 已登记的代际链（**①** ＝ #19 之前、**②** ＝ #19＋#26、**③** ＝ #23 之后），
那一份的实际代际是 **②**：其 `TREE: head=af9fc89 dirty=30`、`DATE 2026-10-07 20:45:51`，
而 #19 落地的提交是 `c41d3b0`（21:29）⇒ 该跑跑在 **#19 的工作树**上；它打印的
δ=0 dx=50/25 峰值 2349.07/2478.97 K 与 ② 代 `am_t2_a0_conv_rerun.log`（同一 head、21:05）**逐位相同**，
也与 ② 代全量 `am_t2_fullsuite.log`（head c41d3b0 干净）打印的 A0 失败值逐位相同。
⇒ 本 log 的**数字与判据结论全部不受影响**（那 5 处只是将"上一次运行的读数"称为 G1），
但"①/②/③"是本项目现行编号体系，后续引用一律写 **② 代**（#28 换数与 §26.19 按此写）。
