Jax plugin configuration error: Exception when calling jax_plugins.xla_cuda13.initialize()
Traceback (most recent call last):
  File "/home/shy/.local/lib/python3.12/site-packages/jax/_src/xla_bridge.py", line 495, in discover_pjrt_plugins
    plugin_module.initialize()
  File "/home/shy/.local/lib/python3.12/site-packages/jax_plugins/xla_cuda13/__init__.py", line 370, in initialize
    _check_cuda_versions(raise_on_first_error = True)
  File "/home/shy/.local/lib/python3.12/site-packages/jax_plugins/xla_cuda13/__init__.py", line 274, in _check_cuda_versions
    for d in range(cuda_versions.cuda_device_count())
                   ^^^^^^^^^^^^^^^^^^^^^^^^^^^^^^^^^
RuntimeError: jaxlib/cuda/versions_helpers.cc:135: operation cuInit(0) failed: CUDA_ERROR_NO_DEVICE
An NVIDIA GPU may be present on this machine, but a CUDA-enabled jaxlib is not installed. Falling back to cpu.
=== P7：dx=100 档只加密时间，形态能恢复多少？===
  dx= 100.0 mult=1 ns=   66 步长= 63.64µm=0.64r   3.40s | peak=  2589.4K nml=    46 Lx= 1.000 Ly= 0.300 Lz= 0.100 vol= 0.0460mm³
  dx= 100.0 mult=2 ns=  132 步长= 31.82µm=0.32r   1.72s | peak=  2580.2K nml=    46 Lx= 1.000 Ly= 0.400 Lz= 0.100 vol= 0.0460mm³
  dx= 100.0 mult=4 ns=  264 步长= 15.91µm=0.16r   1.72s | peak=  2575.0K nml=    46 Lx= 1.000 Ly= 0.400 Lz= 0.100 vol= 0.0460mm³
  Ly 0.300→0.400→0.400 (dx=50 CFL 档=0.500) | vol 0.0460→0.0460→0.0460 (dx=50=0.0687)
  P7（部分恢复且不超 dx=50）=> FAIL

=== P8：dx=50 档 CFL 步数是否已做足时间离散？===
  dx=  50.0 mult=1 ns=  262 步长= 16.03µm=0.16r   3.00s | peak=  2670.3K nml=   550 Lx= 1.100 Ly= 0.500 Lz= 0.200 vol= 0.0687mm³
  dx=  50.0 mult=2 ns=  524 步长=  8.02µm=0.08r   1.71s | peak=  2672.2K nml=   549 Lx= 1.100 Ly= 0.500 Lz= 0.200 vol= 0.0686mm³
  dx=  50.0 mult=4 ns= 1048 步长=  4.01µm=0.04r   1.68s | peak=  2671.5K nml=   549 Lx= 1.100 Ly= 0.500 Lz= 0.200 vol= 0.0686mm³
    mult=2: Δpeak=0.072% Δvol=0.182%
    mult=4: Δpeak=0.046% Δvol=0.182%
  P8（Δpeak<1% 且 Δvol<2%）=> PASS

=== 参照：dx=25 CFL 档 + 其 mult=2（时间再翻倍）===
  dx=  25.0 mult=1 ns= 1045 步长=  4.02µm=0.04r   3.18s | peak=  2617.8K nml=  4575 Lx= 1.150 Ly= 0.550 Lz= 0.200 vol= 0.0715mm³
  dx=  25.0 mult=2 ns= 2090 步长=  2.01µm=0.02r   1.73s | peak=  2616.9K nml=  4570 Lx= 1.150 Ly= 0.550 Lz= 0.200 vol= 0.0714mm³
  dx=25 Δpeak(1→2)=0.032% Δvol=0.109%

=== 打分 ===
  P7 FAIL  P8 PASS
完成。
