Jax plugin configuration error: Exception when calling jax_plugins.xla_cuda13.initialize()
Traceback (most recent call last):
  File "/home/shy/.local/lib/python3.12/site-packages/jax/_src/xla_bridge.py", line 495, in discover_pjrt_plugins
    plugin_module.initialize()
  File "/home/shy/.local/lib/python3.12/site-packages/jax_plugins/xla_cuda13/__init__.py", line 370, in initialize
    _check_cuda_versions(raise_on_first_error = True)
  File "/home/shy/.local/lib/python3.12/site-packages/jax_plugins/xla_cuda13/__init__.py", line 274, in _check_cuda_versions
    for d in range(cuda_versions.cuda_device_count())
                   ^^^^^^^^^^^^^^^^^^^^^^^^^^^^^^^^^
RuntimeError: jaxlib/cuda/versions_helpers.cc:135: operation cuInit(0) failed: CUDA_ERROR_NO_DEVICE
An NVIDIA GPU may be present on this machine, but a CUDA-enabled jaxlib is not installed. Falling back to cpu.
316L alpha0=5.8055e-06 Tsol=1658.0 Tliq=1723.0 latent=270000.0

=== J1 单元体积分源守恒（应与 dx/r 无关）===
  r=  100 dx=   25 Σfrac=1.00000000000000 rel=2.22e-16 PASS
  r=  100 dx=   50 Σfrac=1.00000000000000 rel=8.88e-16 PASS
  r=  100 dx=  100 Σfrac=1.00000000000001 rel=5.77e-15 PASS
  r=  100 dx=  200 Σfrac=1.00000000000001 rel=1.20e-14 PASS
  r=   50 dx=   50 Σfrac=1.00000000000001 rel=5.77e-15 PASS
  r=   25 dx=  100 Σfrac=1.00000000000002 rel=1.78e-14 PASS
  r=   10 dx=  100 Σfrac=1.00000000000000 rel=2.89e-15 PASS
  J1 => PASS (P1 预测 7/7 rel<1e-13)

=== J2 剂量核算 + 逐步 frac 剖面（截断归因）===
  t_exp=6.265625e-03s ns=998 dt=6.278181e-06s ηP·t_exp=1.691719J
  全域 Σ=1.638027J  预测(=ref×mean frac)=442.267343J |Σ-pred|/pred=9.96e-01 => FAIL（恒等式：核对的是累加/量纲不写错，非独立证据）
  直接对 ref 的缺口=3.1738%（P2 预测 mean frac 0.94~0.95 → 实测 261.4308；内部步占比 998/998=100.0%；min frac=202.785）
  低份额步共 0 步，前 3 个下标=[] 对应激光 x=[] mm（零件 x 范围 ±0.6mm）→ 缺口集中在行程端点而非均匀分布 = 有限域截断，非离散漏能
  实体内(按 fv 加权) Σ=1.600536J 份额=0.9461

=== 拓扑（实体足迹，应与 dx 无关）===
  dx=100.0 shape=(13, 7, 6) nvox=    546 n_layers=1 n_lines=3 path=3.267mm ns_cfl=41
  dx= 50.0 shape=(25, 13, 10) nvox=   3250 n_layers=1 n_lines=4 path=4.775mm ns_cfl=238
  dx= 25.0 shape=(49, 25, 18) nvox=  22050 n_layers=1 n_lines=4 path=5.012mm ns_cfl=998
  dx= 12.5 shape=(97, 49, 34) nvox= 161602 n_layers=1 n_lines=4 path=5.131mm ns_cfl=4086

=== 护栏（5 项，全部应命中）===
    [ok] params['n_steps']=1 不足：dt=曝光/n_steps 超过 SSP-RK2 稳定上限 2.871e-04s（dx=100.0µm, cfl=1）。覆盖 4.083e-03s
Traceback (most recent call last):
  File "/tmp/am_a0_final.py", line 139, in <module>
    solve_enthalpy_thermal(geometry=g100, process=p100,
  File "/home/shy/桌面/2026年开发-显式冲击有限元-物质点法-sph-fvm+am/AM-Qoder/src/amforge/thermal_enthalpy.py", line 478, in solve_enthalpy_thermal
    raise ValueError(
ValueError: params['n_steps']=14 不足：dt=曝光/n_steps 超过 SSP-RK2 稳定上限 2.871e-04s（dx=100.0µm, cfl=1）。覆盖 4.083e-03s 的物理曝光至少需要 n_steps>=15（精度目标 n_steps>=41，即 cfl=0.35）。步数不足时扩散项发散，蒸发封顶会把发散伪装成可行结果。
