Jax plugin configuration error: Exception when calling jax_plugins.xla_cuda13.initialize()
Traceback (most recent call last):
  File "/home/shy/.local/lib/python3.12/site-packages/jax/_src/xla_bridge.py", line 495, in discover_pjrt_plugins
    plugin_module.initialize()
  File "/home/shy/.local/lib/python3.12/site-packages/jax_plugins/xla_cuda13/__init__.py", line 370, in initialize
    _check_cuda_versions(raise_on_first_error = True)
  File "/home/shy/.local/lib/python3.12/site-packages/jax_plugins/xla_cuda13/__init__.py", line 274, in _check_cuda_versions
    for d in range(cuda_versions.cuda_device_count())
                   ^^^^^^^^^^^^^^^^^^^^^^^^^^^^^^^^^
RuntimeError: jaxlib/cuda/versions_helpers.cc:135: operation cuInit(0) failed: CUDA_ERROR_NO_DEVICE
An NVIDIA GPU may be present on this machine, but a CUDA-enabled jaxlib is not installed. Falling back to cpu.
geometry shape=(21, 21, 21) dim=3 spacing_m=1.000e-04
process: v=1.000 m/s  hatch=1.028e-04 m  layer_t=4.000e-05 m  power=430.52 W  spot=5.000e-05 m  n_per_layer_arrays=(50,)

 n_steps   wall s     peak_T   melt vox  melt vol mm3
      20     3.88     596.65          0        0.0000
      80     2.37     680.57          0        0.0000
     320     4.11    1522.83          0        0.0000
    1280    10.31    1723.91        127        0.1270

--- 相对 n_steps=80 的漂移 ---
(见上表：若 20→1280 的 peak_T / 熔池体积明显变化，说明时间-路径离散未收敛)
本探针 (2mm)          每步位移=    31.2 um  光斑 r= 50.0 um  teleport=   0.6x
试片单道 (5mm)         每步位移=    78.1 um  光斑 r= 50.0 um  teleport=   1.6x
零件 (10mm)          每步位移=   156.2 um  光斑 r= 50.0 um  teleport=   3.1x

--- 代码拓扑上限（thermal_enthalpy.py:161/169/170）对真实构建的截断 ---
边长    2.0 mm: 需要层数=      67 (clip→8)  需要线数=      19 (clip→16)  每线需要采样点=      20 (clip→64)
边长   10.0 mm: 需要层数=     333 (clip→8)  需要线数=      97 (clip→16)  每线需要采样点=     100 (clip→64)
边长  100.0 mm: 需要层数=    3333 (clip→8)  需要线数=     973 (clip→16)  每线需要采样点=    1000 (clip→64)
