Jax plugin configuration error: Exception when calling jax_plugins.xla_cuda13.initialize()
Traceback (most recent call last):
  File "/home/shy/.local/lib/python3.12/site-packages/jax/_src/xla_bridge.py", line 495, in discover_pjrt_plugins
    plugin_module.initialize()
  File "/home/shy/.local/lib/python3.12/site-packages/jax_plugins/xla_cuda13/__init__.py", line 370, in initialize
    _check_cuda_versions(raise_on_first_error = True)
  File "/home/shy/.local/lib/python3.12/site-packages/jax_plugins/xla_cuda13/__init__.py", line 274, in _check_cuda_versions
    for d in range(cuda_versions.cuda_device_count())
                   ^^^^^^^^^^^^^^^^^^^^^^^^^^^^^^^^^
RuntimeError: jaxlib/cuda/versions_helpers.cc:135: operation cuInit(0) failed: CUDA_ERROR_NO_DEVICE
An NVIDIA GPU may be present on this machine, but a CUDA-enabled jaxlib is not installed. Falling back to cpu.

### 夹具 size=1.0mm dx=80.0µm  shape=(19, 19, 19) nvox=6859 ns_cfl=4628
/tmp/am_bc_fix.py:51: UserWarning: 体素 dx=80.0µm 大于光束半径 r=50.0µm：横向仅约 1.3 个体素跨过光斑，能量守恒但**峰值温度与熔池尺寸不可信**（实测 dx=r 档峰值偏高 ~8%、熔宽偏低 ~45%）。定量熔池形态请取 dx≤r/2。
  rbc = solve_enthalpy_thermal(
  [B1] Dirichlet 面均值=600.00K（±2K→PASS） 用时 3.6s
/tmp/am_bc_fix.py:61: UserWarning: 体素 dx=80.0µm 大于光束半径 r=50.0µm：横向仅约 1.3 个体素跨过光斑，能量守恒但**峰值温度与熔池尺寸不可信**（实测 dx=r 档峰值偏高 ~8%、熔宽偏低 ~45%）。定量熔池形态请取 dx≤r/2。
  r0 = solve_enthalpy_thermal(geometry=part, process=pl, params={"material": "316L"})
  [B2] 无 BC 面均值=2701.46K |Δ-600|=2101.5K PASS；峰值=2962.3K 用时 0.7s
/tmp/am_bc_fix.py:71: UserWarning: 体素 dx=80.0µm 大于光束半径 r=50.0µm：横向仅约 1.3 个体素跨过光斑，能量守恒但**峰值温度与熔池尺寸不可信**（实测 dx=r 档峰值偏高 ~8%、熔宽偏低 ~45%）。定量熔池形态请取 dx≤r/2。
  rc = solve_enthalpy_thermal(geometry=part, process=pl,
  [B3] h=   200 峰值=  2963.5K 相对无BC= -0.04% FAIL
  [B3] h=  2000 峰值=  2947.7K 相对无BC=  0.49% PASS
/tmp/am_bc_fix.py:80: UserWarning: 体素 dx=80.0µm 大于光束半径 r=50.0µm：横向仅约 1.3 个体素跨过光斑，能量守恒但**峰值温度与熔池尺寸不可信**（实测 dx=r 档峰值偏高 ~8%、熔宽偏低 ~45%）。定量熔池形态请取 dx≤r/2。
  rp = solve_enthalpy_thermal(geometry=part, process=pl0,
/tmp/am_bc_fix.py:86: UserWarning: 体素 dx=80.0µm 大于光束半径 r=50.0µm：横向仅约 1.3 个体素跨过光斑，能量守恒但**峰值温度与熔池尺寸不可信**（实测 dx=r 档峰值偏高 ~8%、熔宽偏低 ~45%）。定量熔池形态请取 dx≤r/2。
  rp1 = solve_enthalpy_thermal(geometry=part, process=pl1,
  [B4] 实体均值 preheat=373→373.00K, =300→300.00K 差=73.0K PASS

### 夹具 size=0.4mm dx=80.0µm  shape=(8, 8, 8) nvox=512 ns_cfl=361
  [B1] Dirichlet 面均值=600.00K（±2K→PASS） 用时 2.6s
  [B2] 无 BC 面均值=1955.91K |Δ-600|=1355.9K PASS；峰值=2943.8K 用时 0.6s
  [B3] h=   200 峰值=  2944.6K 相对无BC= -0.03% FAIL
  [B3] h=  2000 峰值=  2946.6K 相对无BC= -0.10% FAIL
  [B4] 实体均值 preheat=373→373.00K, =300→300.00K 差=73.0K FAIL

### 动画夹具 nvox=1331 ns_cfl=2118
/tmp/am_bc_fix.py:104: UserWarning: 体素 dx=80.0µm 大于光束半径 r=60.0µm：横向仅约 1.5 个体素跨过光斑，能量守恒但**峰值温度与熔池尺寸不可信**（实测 dx=r 档峰值偏高 ~8%、熔宽偏低 ~45%）。定量熔池形态请取 dx≤r/2。
  out = solve_enthalpy_thermal(geometry=ball, process=apl,
  [B5] 墙钟=5.5s 帧=13 熔化帧=12 质心移动=3.72体素 PASS

完成。
