Jax plugin configuration error: Exception when calling jax_plugins.xla_cuda13.initialize()
Traceback (most recent call last):
  File "/home/shy/.local/lib/python3.12/site-packages/jax/_src/xla_bridge.py", line 495, in discover_pjrt_plugins
    plugin_module.initialize()
  File "/home/shy/.local/lib/python3.12/site-packages/jax_plugins/xla_cuda13/__init__.py", line 370, in initialize
    _check_cuda_versions(raise_on_first_error = True)
  File "/home/shy/.local/lib/python3.12/site-packages/jax_plugins/xla_cuda13/__init__.py", line 274, in _check_cuda_versions
    for d in range(cuda_versions.cuda_device_count())
                   ^^^^^^^^^^^^^^^^^^^^^^^^^^^^^^^^^
RuntimeError: jaxlib/cuda/versions_helpers.cc:135: operation cuInit(0) failed: CUDA_ERROR_NO_DEVICE
An NVIDIA GPU may be present on this machine, but a CUDA-enabled jaxlib is not installed. Falling back to cpu.
夹具 0.4mm dx=80µm nvox=512 ns=361
/tmp/am_conv_bc.py:34: UserWarning: 体素 dx=80.0µm 大于光束半径 r=50.0µm：横向仅约 1.3 个体素跨过光斑，能量守恒但**熔池形态与峰值不可信**（实测 dx=r 档熔宽偏低 ~45%、熔体积偏低 ~36%）。定量熔池形态请取 dx≤r/2。
  base = solve_enthalpy_thermal(geometry=part, process=pl, params={"material": "316L"})
  无BC   末态实体均值= 2291.33K 峰值=  2943.8K
/tmp/am_conv_bc.py:43: UserWarning: 体素 dx=80.0µm 大于光束半径 r=50.0µm：横向仅约 1.3 个体素跨过光斑，能量守恒但**熔池形态与峰值不可信**（实测 dx=r 档熔宽偏低 ~45%、熔体积偏低 ~36%）。定量熔池形态请取 dx≤r/2。
  r = solve_enthalpy_thermal(geometry=part, process=pl,
  h=    200 末态实体均值= 2283.20K Δ=   -8.14K 峰值=  2944.6K Δpeak=+0.03% 有限=True 1.3s
  h=   2000 末态实体均值= 2209.75K Δ=  -81.58K 峰值=  2946.6K Δpeak=+0.10% 有限=True 0.6s
  h=  20000 末态实体均值= 1717.66K Δ= -573.67K 峰值=  2785.1K Δpeak=-5.39% 有限=True 0.6s

完成。
