Jax plugin configuration error: Exception when calling jax_plugins.xla_cuda13.initialize()
Traceback (most recent call last):
  File "/home/shy/.local/lib/python3.12/site-packages/jax/_src/xla_bridge.py", line 495, in discover_pjrt_plugins
    plugin_module.initialize()
  File "/home/shy/.local/lib/python3.12/site-packages/jax_plugins/xla_cuda13/__init__.py", line 370, in initialize
    _check_cuda_versions(raise_on_first_error = True)
  File "/home/shy/.local/lib/python3.12/site-packages/jax_plugins/xla_cuda13/__init__.py", line 274, in _check_cuda_versions
    for d in range(cuda_versions.cuda_device_count())
                   ^^^^^^^^^^^^^^^^^^^^^^^^^^^^^^^^^
RuntimeError: jaxlib/cuda/versions_helpers.cc:135: operation cuInit(0) failed: CUDA_ERROR_NO_DEVICE
An NVIDIA GPU may be present on this machine, but a CUDA-enabled jaxlib is not installed. Falling back to cpu.
夹具 shape=(10, 10, 10) nvox=1000 n_layers=27 n_steps_cfl=681
  n_cfl=681 n_stable(≈cfl1,含余量)=241

=== Q1 eager 正向（n_steps=n_stable）===
  3.37s peak=3308.9K 警告 2 条 => PASS（判据 <60s）

=== Q3 grad @ n_steps=200（人为低压档位，只测代价）===
Traceback (most recent call last):
  File "/tmp/am_chain_cost.py", line 87, in <module>
    grad200 = jax.grad(scalar200)(900.0)
              ^^^^^^^^^^^^^^^^^^^^^^^^^^
  File "/tmp/am_chain_cost.py", line 81, in scalar200
    t = solve_enthalpy_thermal(geometry=g, process=pl2,
        ^^^^^^^^^^^^^^^^^^^^^^^^^^^^^^^^^^^^^^^^^^^^^^^
  File "/home/shy/桌面/2026年开发-显式冲击有限元-物质点法-sph-fvm+am/AM-Qoder/src/amforge/thermal_enthalpy.py", line 506, in solve_enthalpy_thermal
    raise ValueError(
ValueError: params['n_steps']=200 不足：dt=曝光/n_steps 超过 SSP-RK2 稳定上限 4.134e-04s（dx=120.0µm, cfl=1）。覆盖 9.840e-02s 的物理曝光至少需要 n_steps>=239（精度目标 n_steps>=681，即 cfl=0.35）。步数不足时扩散项发散，蒸发封顶会把发散伪装成可行结果。
--------------------
For simplicity, JAX has removed its internal frames from the traceback of the following exception. Set JAX_TRACEBACK_FILTERING=off to include these.
