Jax plugin configuration error: Exception when calling jax_plugins.xla_cuda13.initialize()
Traceback (most recent call last):
  File "/home/shy/.local/lib/python3.12/site-packages/jax/_src/xla_bridge.py", line 495, in discover_pjrt_plugins
    plugin_module.initialize()
  File "/home/shy/.local/lib/python3.12/site-packages/jax_plugins/xla_cuda13/__init__.py", line 370, in initialize
    _check_cuda_versions(raise_on_first_error = True)
  File "/home/shy/.local/lib/python3.12/site-packages/jax_plugins/xla_cuda13/__init__.py", line 274, in _check_cuda_versions
    for d in range(cuda_versions.cuda_device_count())
                   ^^^^^^^^^^^^^^^^^^^^^^^^^^^^^^^^^
RuntimeError: jaxlib/cuda/versions_helpers.cc:135: operation cuInit(0) failed: CUDA_ERROR_NO_DEVICE
An NVIDIA GPU may be present on this machine, but a CUDA-enabled jaxlib is not installed. Falling back to cpu.
/tmp/am_d0b_policy.py:47: UserWarning: params['n_steps']=40 低于 CFL 精度目标 72（cfl=0.35）：仍稳定但每步激光移动 17925µm，移动热源被时间欠采样，峰值温度会偏低。建议 suggest_n_steps() 或提高 n_steps。
  solve_enthalpy_thermal(geometry=g, process=p,
/home/shy/桌面/2026年开发-显式冲击有限元-物质点法-sph-fvm+am/AM-Qoder/src/amforge/inverse.py:141: UserWarning: 体素 dx=100.0µm 大于光束半径 r=50.0µm：横向仅约 1.0 个体素跨过光斑，能量守恒但**熔池形态与峰值不可信**（实测 dx=r 档熔宽偏低 ~45%、熔体积偏低 ~36%）。定量熔池形态请取 dx≤r/2。
  return solve_enthalpy_thermal(geometry=geometry, process=process, params=params)
V1 strict: raised: 体素 dx=1000.0µm 大于光斑直径 2r=100.0µm：热源完全欠采样，能量虽守恒但峰值/熔池 | demo: warned=True peak=714.0K finite=True
V2 strict=1595.051144130 demo=1595.051144130 |Δ|=0.000e+00
V3 _is_traced eager=False in_grad=True
V4 raised: 本网格的显式热解预算内没有可积的工艺窗口：需要 scan_speed ≥ 16 m/s，而设备上界只有 5 m/s（dx
V5 tier={'resolution_policy': 'demo', 'n_steps': 66, 'max_steps': 200000, 'exposure_bound_s': 0.0066} bounds={'laser_power': (20.0, 4000.0), 'scan_speed': (0.5, 5.0), 'layer_thickness': (0.0001, 0.001), 'hatch_spacing': (0.0001, 0.002), 'beam_radius': (5e-05, 0.0015), 'absorption': (0.15, 0.85), 'preheat_temp': (293.0, 1273.0), 'powder_feed_rate': (0.0, 0.001), 'dwell_time': (0.0, 60.0)}
V5 grad=1.672e+05 finite=True n_steps=66 stable_need>=23 hole_closed=True
