Jax plugin configuration error: Exception when calling jax_plugins.xla_cuda13.initialize()
Traceback (most recent call last):
  File "/home/shy/.local/lib/python3.12/site-packages/jax/_src/xla_bridge.py", line 495, in discover_pjrt_plugins
    plugin_module.initialize()
  File "/home/shy/.local/lib/python3.12/site-packages/jax_plugins/xla_cuda13/__init__.py", line 370, in initialize
    _check_cuda_versions(raise_on_first_error = True)
  File "/home/shy/.local/lib/python3.12/site-packages/jax_plugins/xla_cuda13/__init__.py", line 274, in _check_cuda_versions
    for d in range(cuda_versions.cuda_device_count())
                   ^^^^^^^^^^^^^^^^^^^^^^^^^^^^^^^^^
RuntimeError: jaxlib/cuda/versions_helpers.cc:135: operation cuInit(0) failed: CUDA_ERROR_NO_DEVICE
An NVIDIA GPU may be present on this machine, but a CUDA-enabled jaxlib is not installed. Falling back to cpu.
=== F1 逐步功率份额：算符实测 vs 解析有限域尾 (ns=1045) ===
  网格边缘 x=-0.6125/+0.6125mm y=-0.3125/+0.3125mm z=-0.2125/+0.2125mm
  max|实测−解析|=2.109e-15 => PASS（判据 <1e-4）
  实测 frac: min=0.5844 max=0.9877 mean=0.944860 → 缺口 5.5140%（J2 实测 5.5140%）
  解析 z 向单轴捕获(中段)=0.9877；端点步 x 向捕获≈0.5000（半束） → 缺口 = 尾截断，算符零漏能

=== F2 dx>2r 护栏（dx=250µm, r=100µm）===
  PASS：体素 dx=250.0µm 大于光斑直径 2r=200.0µm：热源完全欠采样，能量虽守恒但峰值/熔池尺寸无意义。请加密网格至 dx≤2r 或放宽光斑。

=== F3 紧凑试片（回归夹具候选）0.6×0.3×0.2mm, 2 道 ===
  dx= 50.0 ns=  68  4.19s peak=  2560.6K nml=  116 Ly= 0.200 Lz= 0.100 vol= 0.0145mm³
  dx= 25.0 ns= 269  3.81s peak=  2561.5K nml= 1166 Ly= 0.250 Lz= 0.175 vol= 0.0182mm³
  dx= 12.5 ns=1075  3.82s peak=  2528.9K nml=10101 Ly= 0.275 Lz= 0.188 vol= 0.0197mm³
  峰值差 50→25=0.04%  25→12.5=1.27%  vol 25→12.5=7.65%

完成。
