本日志是 v2 的第一次运行：**判据结论不可用**，原因是我 Q5 的单位错误
（把 µm 当 mm 换算，J/m 与 J/mm 混用 ⇒ 报出 100201% 的假不满足）。
CSV 几何部分（Q1–Q4）不受该错误影响，仍有效；Q5 修正后见 am_a3_path_program_spec2.log。

数据源: /home/shy/桌面/2026年开发-显式冲击有限元-物质点法-sph-fvm+am/AM-Qoder/_refs/benchmarks/nist_mds2-3662/Scan Strategy Data

=== scanStrategyConverging.csv ===
  点数=2980 总时长=29.79 ms 时间步=10 µs | 开光 2130 点 / 关光 850 点（关光占 28.5%）
  Q1 on-run 数=18  off-run 数=17
    on# 1 起=(2435,675) 止=(2435,1872) 直距= 1197.0 弧长= 1200.9 µm 时长= 1.250 ms v=   961 mm/s 功率=285 W
    on# 2 起=(2326,1841) 止=(2326,658) 直距= 1183.0 弧长= 1187.3 µm 时长= 1.240 ms v=   958 mm/s 功率=285 W
    on# 3 起=(2216,690) 止=(2216,1863) 直距= 1173.0 弧长= 1177.3 µm 时长= 1.230 ms v=   957 mm/s 功率=285 W
    on# 4 起=(2106,1836) 止=(2107,659) 直距= 1177.0 弧长= 1181.4 µm 时长= 1.230 ms v=   960 mm/s 功率=285 W
    on# 5 起=(1996,695) 止=(1991,1858) 直距= 1163.0 弧长= 1166.1 µm 时长= 1.220 ms v=   956 mm/s 功率=285 W
    on# 6 起=(1887,1827) 止=(1887,669) 直距= 1158.0 弧长= 1161.9 µm 时长= 1.210 ms v=   960 mm/s 功率=285 W
    on# 7 起=(1777,700) 止=(1772,1849) 直距= 1149.0 弧长= 1152.2 µm 时长= 1.200 ms v=   960 mm/s 功率=285 W
    on# 8 起=(1668,1817) 止=(1668,679) 直距= 1138.0 弧长= 1142.3 µm 时长= 1.190 ms v=   960 mm/s 功率=285 W
    on# 9 起=(1563,711) 止=(1558,1839) 直距= 1128.0 弧长= 1130.7 µm 时长= 1.180 ms v=   958 mm/s 功率=285 W
    on#10 起=(1454,1808) 止=(1453,689) 直距= 1119.0 弧长= 1123.4 µm 时长= 1.170 ms v=   960 mm/s 功率=285 W
    on#11 起=(1343,721) 止=(1339,1830) 直距= 1109.0 弧长= 1112.2 µm 时长= 1.160 ms v=   959 mm/s 功率=285 W
    on#12 起=(1234,1798) 止=(1234,699) 直距= 1099.0 弧长= 1103.4 µm 时长= 1.150 ms v=   959 mm/s 功率=285 W
    on#13 起=(1124,736) 止=(1119,1825) 直距= 1089.0 弧长= 1091.8 µm 时长= 1.140 ms v=   958 mm/s 功率=285 W
    on#14 起=(1010,1798) 止=(1009,714) 直距= 1084.0 弧长= 1089.1 µm 时长= 1.130 ms v=   964 mm/s 功率=285 W
    on#15 起=(904,746) 止=(900,1816) 直距= 1070.0 弧长= 1073.2 µm 时长= 1.120 ms v=   958 mm/s 功率=285 W
    on#16 起=(791,1789) 止=(790,729) 直距= 1060.0 弧长= 1063.3 µm 时长= 1.110 ms v=   958 mm/s 功率=285 W
    on#17 起=(685,756) 止=(681,1806) 直距= 1050.0 弧长= 1052.7 µm 时长= 1.100 ms v=   957 mm/s 功率=285 W
    on#18 起=(571,1779) 止=(570,734) 直距= 1045.0 弧长= 1049.4 µm 时长= 1.090 ms v=   963 mm/s 功率=285 W
  Q1 on-run 速度 p10/p50/p90 = 957/959/961 mm/s ⇒ 恒速 PASS
  Q2 off-run 位移：
    off# 1 起=(2435,1882) 止=(2326,1850) 位移=  113.6 µm 时长= 0.490 ms
    off# 2 起=(2326,648) 止=(2216,680) 位移=  114.6 µm 时长= 0.490 ms
    off# 3 起=(2216,1872) 止=(2106,1846) 位移=  113.0 µm 时长= 0.490 ms
    off# 4 起=(2107,649) 止=(1997,685) 位移=  115.7 µm 时长= 0.490 ms
    off# 5 起=(1991,1868) 止=(1887,1836) 位移=  108.8 µm 时长= 0.490 ms
    off# 6 起=(1887,659) 止=(1777,696) 位移=  116.1 µm 时长= 0.490 ms
    off# 7 起=(1772,1858) 止=(1668,1827) 位移=  108.5 µm 时长= 0.490 ms
    off# 8 起=(1668,669) 止=(1563,706) 位移=  111.3 µm 时长= 0.490 ms
    off# 9 起=(1558,1849) 止=(1453,1817) 位移=  109.8 µm 时长= 0.490 ms
    off#10 起=(1453,679) 止=(1343,716) 位移=  116.1 µm 时长= 0.490 ms
    off#11 起=(1338,1839) 止=(1234,1808) 位移=  108.5 µm 时长= 0.490 ms
    off#12 起=(1234,689) 止=(1124,726) 位移=  116.1 µm 时长= 0.490 ms
    off#13 起=(1119,1835) 止=(1010,1803) 位移=  113.6 µm 时长= 0.490 ms
    off#14 起=(1009,704) 止=(904,736) 位移=  109.8 µm 时长= 0.490 ms
    off#15 起=(900,1825) 止=(790,1799) 位移=  113.0 µm 时长= 0.490 ms
    off#16 起=(790,719) 止=(685,746) 位移=  108.4 µm 时长= 0.490 ms
    off#17 起=(681,1816) 止=(571,1789) 位移=  113.3 µm 时长= 0.490 ms
     ⇒ off 位移中位=113.0 µm，非零位移段数=17/17 ⇒ 存在空程移动（skywriting 类）
  Q3 相邻 on-run 中点距离 min/med/max = 109.7/113.3/117.0 µm（README 声称 hatch 110 µm）
  Σ直距=20191.1 µm  Σ弧长=20258.7 µm  Σon 时长=21.12 ms  弧长平均 v=959.2 mm/s
  Q5 记账：Σt·P=6.0192 J  vs  Σ弧长×(285 W / 961.5 mm/s)=6004.6702 J  偏差=99658.61% ⇒ 不满足（含加减速/空程，接口须保留时间轴而不是重推速度）

=== scanStrategyDiverging.csv ===
  点数=2965 总时长=29.64 ms 时间步=10 µs | 开光 2115 点 / 关光 850 点（关光占 28.7%）
  Q1 on-run 数=18  off-run 数=17
    on# 1 起=(2432,738) 止=(2435,1779) 直距= 1041.0 弧长= 1043.7 µm 时长= 1.080 ms v=   966 mm/s 功率=285 W
    on# 2 起=(2326,1778) 止=(2328,722) 直距= 1056.0 弧长= 1057.5 µm 时长= 1.090 ms v=   970 mm/s 功率=285 W
    on# 3 起=(2214,730) 止=(2212,1786) 直距= 1056.0 弧长= 1057.1 µm 时长= 1.100 ms v=   961 mm/s 功率=285 W
    on# 4 起=(2103,1780) 止=(2100,714) 直距= 1066.0 弧长= 1068.4 µm 时长= 1.110 ms v=   962 mm/s 功率=285 W
    on# 5 起=(1995,718) 止=(1994,1798) 直距= 1080.0 弧长= 1081.5 µm 时长= 1.120 ms v=   966 mm/s 功率=285 W
    on# 6 起=(1885,1792) 止=(1882,702) 直距= 1090.0 弧长= 1092.7 µm 时长= 1.130 ms v=   967 mm/s 功率=285 W
    on# 7 起=(1777,711) 止=(1775,1806) 直距= 1095.0 弧长= 1096.5 µm 时长= 1.140 ms v=   962 mm/s 功率=285 W
    on# 8 起=(1661,1799) 止=(1663,695) 直距= 1104.0 弧长= 1105.5 µm 时长= 1.150 ms v=   961 mm/s 功率=285 W
    on# 9 起=(1554,699) 止=(1557,1818) 直距= 1119.0 弧长= 1123.7 µm 时长= 1.160 ms v=   969 mm/s 功率=285 W
    on#10 起=(1443,1812) 止=(1445,683) 直距= 1129.0 弧长= 1130.5 µm 时长= 1.170 ms v=   966 mm/s 功率=285 W
    on#11 起=(1336,687) 止=(1339,1825) 直距= 1138.0 弧长= 1146.5 µm 时长= 1.180 ms v=   972 mm/s 功率=285 W
    on#12 起=(1225,1819) 止=(1222,676) 直距= 1143.0 弧长= 1145.8 µm 时长= 1.190 ms v=   963 mm/s 功率=285 W
    on#13 起=(1118,679) 止=(1116,1832) 直距= 1153.0 弧长= 1154.5 µm 时长= 1.200 ms v=   962 mm/s 功率=285 W
    on#14 起=(1007,1831) 止=(1004,668) 直距= 1163.0 弧长= 1165.7 µm 时长= 1.210 ms v=   963 mm/s 功率=285 W
    on#15 起=(900,667) 止=(898,1844) 直距= 1177.0 弧长= 1178.6 µm 时长= 1.220 ms v=   966 mm/s 功率=285 W
    on#16 起=(783,1838) 止=(786,656) 直距= 1182.0 弧长= 1183.6 µm 时长= 1.230 ms v=   962 mm/s 功率=285 W
    on#17 起=(677,660) 止=(679,1847) 直距= 1187.0 弧长= 1189.8 µm 时长= 1.240 ms v=   959 mm/s 功率=285 W
    on#18 起=(565,1850) 止=(568,649) 直距= 1201.0 弧长= 1202.6 µm 时长= 1.250 ms v=   962 mm/s 功率=285 W
  Q1 on-run 速度 p10/p50/p90 = 961/963/969 mm/s ⇒ 恒速 PASS
  Q2 off-run 位移：
    off# 1 起=(2435,1789) 止=(2326,1787) 位移=  109.0 µm 时长= 0.490 ms
    off# 2 起=(2328,712) 止=(2214,721) 位移=  114.4 µm 时长= 0.490 ms
    off# 3 起=(2212,1796) 止=(2103,1790) 位移=  109.2 µm 时长= 0.490 ms
    off# 4 起=(2100,705) 止=(1996,708) 位移=  104.0 µm 时长= 0.490 ms
    off# 5 起=(1994,1808) 止=(1885,1802) 位移=  109.2 µm 时长= 0.490 ms
    off# 6 起=(1882,693) 止=(1777,701) 位移=  105.3 µm 时长= 0.490 ms
    off# 7 起=(1775,1815) 止=(1661,1809) 位移=  114.2 µm 时长= 0.490 ms
    off# 8 起=(1664,685) 止=(1554,689) 位移=  110.1 µm 时长= 0.490 ms
    off# 9 起=(1557,1827) 止=(1443,1821) 位移=  114.2 µm 时长= 0.490 ms
    off#10 起=(1445,678) 止=(1336,677) 位移=  109.0 µm 时长= 0.490 ms
    off#11 起=(1339,1835) 止=(1225,1829) 位移=  114.2 µm 时长= 0.490 ms
    off#12 起=(1222,671) 止=(1118,670) 位移=  104.0 µm 时长= 0.490 ms
    off#13 起=(1116,1847) 止=(1007,1841) 位移=  109.2 µm 时长= 0.490 ms
    off#14 起=(1004,659) 止=(900,657) 位移=  104.0 µm 时长= 0.490 ms
    off#15 起=(897,1854) 止=(783,1848) 位移=  114.2 µm 时长= 0.490 ms
    off#16 起=(786,646) 止=(677,650) 位移=  109.1 µm 时长= 0.490 ms
    off#17 起=(679,1856) 止=(565,1860) 位移=  114.1 µm 时长= 0.490 ms
     ⇒ off 位移中位=109.2 µm，非零位移段数=17/17 ⇒ 存在空程移动（skywriting 类）
  Q3 相邻 on-run 中点距离 min/med/max = 106.7/111.5/114.8 µm（README 声称 hatch 110 µm）
  Σ直距=20180.1 µm  Σ弧长=20224.3 µm  Σon 时长=20.97 ms  弧长平均 v=964.4 mm/s
  Q5 记账：Σt·P=5.9764 J  vs  Σ弧长×(285 W / 961.5 mm/s)=5994.4922 J  偏差=100201.89% ⇒ 不满足（含加减速/空程，接口须保留时间轴而不是重推速度）

=== Q4：两种策略的逐道长度是否镜像/单调 ===
  converging 前 8 道 = 1200.9 1187.3 1177.3 1181.4 1166.1 1161.9 1152.2 1142.3
  diverging  前 8 道 = 1043.7 1057.5 1057.1 1068.4 1081.5 1092.7 1096.5 1105.5
  同序相关系数=-0.994（镜像应为负、梯形单调应先增后减）

=== Q6：Measurements.xlsx 内部结构（stdlib zipfile）===
  条目 16 个；sheets/字符串相关: xl/worksheets/sheet1.xml, xl/sharedStrings.xml, xl/worksheets/_rels/sheet1.xml.rels
  Q6 sheet 数=1
    - Sheet1  ->  worksheets/sheet1.xml
  共享字符串 17 条；前 40 条 =
    Track # | Operator 1 | Diverging (D1) | Divering (D2) | Diverging (D3) | Coverging (C1) | Coverging (C2) | Converging (C3) | Operator 2 | Set 1 | Diverging | Converging | Operator 1  | Outliers | Set 2  | Melt Pool Width Measurements (µm) | Melt Pool Area Measurements (µm2)
