数据源: /home/shy/桌面/2026年开发-显式冲击有限元-物质点法-sph-fvm+am/AM-Qoder/_refs/benchmarks/nist_mds2-3662/Scan Strategy Data

=== singleTrack.csv ===
  表头: 'x (m),y (m),laser power (W),time (seconds)'
  点数=2 t=[0.00000,0.00208] s  功率集合=[285.0]
  P1 dt: min=2.080e-03 max=2.080e-03 等间隔=True 单调=True ⇒ 注意
  P2 关光(功率=0)点数=0 ⇒ CSV 全程开光：门控不在这份导出里
  P3 段数=1 段长(µm)=2000.0
     Σ段长=2000.0 µm  总时长=0.00208 s
  P4 名义速度=Σ长/Σ时=961.5 mm/s | 逐步速度 p10/p50/p90=200000/200000/200000 mm/s（步长中位=2000.0 µm，跳段 0 步）
  P5 前 3 道（供 N2 判据②对表）:
      #1 p=(500, 500) q=(500, 2500) len=2000.00 µm dur=2.080 ms v=962 mm/s

=== scanStrategyConverging.csv ===
  表头: 'x (m),y (m),laser power (W),time (seconds)'
  点数=2980 t=[0.00000,0.02979] s  功率集合=[0.0, 285.0]
  P1 dt: min=1.000e-05 max=1.000e-05 等间隔=True 单调=True ⇒ PASS
  P2 关光(功率=0)点数=850 ⇒ CSV 含关光段
  P3 段数=10 段长(µm)=216.7 160.0 159.2 155.0 159.0 160.1 1353.0 160.0 160.0 1186.0
     Σ段长=3869.1 µm  总时长=0.02979 s
     各道 x（µm）= [569, 789, 1008, 1120, 1340, 1559, 1774, 1993, 2213, 2435]
     相邻道 x 间距 min/med/max = 112.0/219.0/222.0 µm（README 声称 hatch 110 µm）
  P4 名义速度=Σ长/Σ时=129.9 mm/s | 逐步速度 p10/p50/p90=0/1000/1005 mm/s（步长中位=10.0 µm，跳段 9 步）
  P5 前 3 道（供 N2 判据②对表）:
      #1 p=(2435, 675) q=(2273, 531) len=216.75 µm dur=3.200 ms v=68 mm/s
      #2 p=(2213, 544) q=(2053, 541) len=160.03 µm dur=3.470 ms v=46 mm/s
      #3 p=(1993, 554) q=(1834, 546) len=159.20 µm dur=3.440 ms v=46 mm/s

=== scanStrategyDiverging.csv ===
  表头: 'x (m),y (m),laser power (W),time (seconds)'
  点数=2965 t=[0.00000,0.02964] s  功率集合=[0.0, 285.0]
  P1 dt: min=1.000e-05 max=1.000e-05 等间隔=True 单调=True ⇒ PASS
  P2 关光(功率=0)点数=850 ⇒ CSV 含关光段
  P3 段数=7 段长(µm)=219.9 1372.0 383.2 158.9 160.7 382.8 1337.0
     Σ段长=4014.5 µm  总时长=0.02964 s
     各道 x（µm）= [564, 1006, 1224, 1442, 1884, 2214, 2432]
     相邻道 x 间距 min/med/max = 218.0/274.0/442.0 µm（README 声称 hatch 110 µm）
  P4 名义速度=Σ长/Σ时=135.4 mm/s | 逐步速度 p10/p50/p90=0/1000/1000 mm/s（步长中位=10.0 µm，跳段 6 步）
  P5 前 3 道（供 N2 判据②对表）:
      #1 p=(2432, 738) q=(2274, 585) len=219.94 µm dur=2.890 ms v=76 mm/s
      #2 p=(2214, 594) q=(1943, 1939) len=1372.03 µm dur=4.850 ms v=283 mm/s
      #3 p=(1884, 1928) q=(1502, 1958) len=383.18 µm dur=6.610 ms v=58 mm/s

=== P6：Measurements.xlsx 的表结构（对比目标在哪里）===
  FAIL 读不到 xlsx：ModuleNotFoundError: No module named 'openpyxl'
