数据源: /home/shy/桌面/2026年开发-显式冲击有限元-物质点法-sph-fvm+am/AM-Qoder/_refs/benchmarks/nist_mds2-3662/Scan Strategy Data

=== scanStrategyConverging.csv ===
  点数=2980 总时长=29.79 ms 时间步=10 µs | 开光 2130 点 / 关光 850 点（关光占 28.5%）
  Q1 on-run 数=18  off-run 数=17
    on# 1 起=(2435,675) 止=(2435,1872) 直距= 1197.0 弧长= 1200.9 µm 时长= 1.250 ms v=   961 mm/s 功率=285 W
    on# 2 起=(2326,1841) 止=(2326,658) 直距= 1183.0 弧长= 1187.3 µm 时长= 1.240 ms v=   958 mm/s 功率=285 W
    on# 3 起=(2216,690) 止=(2216,1863) 直距= 1173.0 弧长= 1177.3 µm 时长= 1.230 ms v=   957 mm/s 功率=285 W
    on# 4 起=(2106,1836) 止=(2107,659) 直距= 1177.0 弧长= 1181.4 µm 时长= 1.230 ms v=   960 mm/s 功率=285 W
    on# 5 起=(1996,695) 止=(1991,1858) 直距= 1163.0 弧长= 1166.1 µm 时长= 1.220 ms v=   956 mm/s 功率=285 W
    on# 6 起=(1887,1827) 止=(1887,669) 直距= 1158.0 弧长= 1161.9 µm 时长= 1.210 ms v=   960 mm/s 功率=285 W
    on# 7 起=(1777,700) 止=(1772,1849) 直距= 1149.0 弧长= 1152.2 µm 时长= 1.200 ms v=   960 mm/s 功率=285 W
    on# 8 起=(1668,1817) 止=(1668,679) 直距= 1138.0 弧长= 1142.3 µm 时长= 1.190 ms v=   960 mm/s 功率=285 W
    on# 9 起=(1563,711) 止=(1558,1839) 直距= 1128.0 弧长= 1130.7 µm 时长= 1.180 ms v=   958 mm/s 功率=285 W
    on#10 起=(1454,1808) 止=(1453,689) 直距= 1119.0 弧长= 1123.4 µm 时长= 1.170 ms v=   960 mm/s 功率=285 W
    on#11 起=(1343,721) 止=(1339,1830) 直距= 1109.0 弧长= 1112.2 µm 时长= 1.160 ms v=   959 mm/s 功率=285 W
    on#12 起=(1234,1798) 止=(1234,699) 直距= 1099.0 弧长= 1103.4 µm 时长= 1.150 ms v=   959 mm/s 功率=285 W
    on#13 起=(1124,736) 止=(1119,1825) 直距= 1089.0 弧长= 1091.8 µm 时长= 1.140 ms v=   958 mm/s 功率=285 W
    on#14 起=(1010,1798) 止=(1009,714) 直距= 1084.0 弧长= 1089.1 µm 时长= 1.130 ms v=   964 mm/s 功率=285 W
    on#15 起=(904,746) 止=(900,1816) 直距= 1070.0 弧长= 1073.2 µm 时长= 1.120 ms v=   958 mm/s 功率=285 W
    on#16 起=(791,1789) 止=(790,729) 直距= 1060.0 弧长= 1063.3 µm 时长= 1.110 ms v=   958 mm/s 功率=285 W
    on#17 起=(685,756) 止=(681,1806) 直距= 1050.0 弧长= 1052.7 µm 时长= 1.100 ms v=   957 mm/s 功率=285 W
    on#18 起=(571,1779) 止=(570,734) 直距= 1045.0 弧长= 1049.4 µm 时长= 1.090 ms v=   963 mm/s 功率=285 W
  Q1 on-run 速度 p10/p50/p90 = 957/959/961 mm/s ⇒ 恒速 PASS
  Q2 off-run 位移：
    off# 1 起=(2435,1882) 止=(2326,1850) 位移=  113.6 µm 时长= 0.490 ms
    off# 2 起=(2326,648) 止=(2216,680) 位移=  114.6 µm 时长= 0.490 ms
    off# 3 起=(2216,1872) 止=(2106,1846) 位移=  113.0 µm 时长= 0.490 ms
    off# 4 起=(2107,649) 止=(1997,685) 位移=  115.7 µm 时长= 0.490 ms
    off# 5 起=(1991,1868) 止=(1887,1836) 位移=  108.8 µm 时长= 0.490 ms
    off# 6 起=(1887,659) 止=(1777,696) 位移=  116.1 µm 时长= 0.490 ms
    off# 7 起=(1772,1858) 止=(1668,1827) 位移=  108.5 µm 时长= 0.490 ms
    off# 8 起=(1668,669) 止=(1563,706) 位移=  111.3 µm 时长= 0.490 ms
    off# 9 起=(1558,1849) 止=(1453,1817) 位移=  109.8 µm 时长= 0.490 ms
    off#10 起=(1453,679) 止=(1343,716) 位移=  116.1 µm 时长= 0.490 ms
    off#11 起=(1338,1839) 止=(1234,1808) 位移=  108.5 µm 时长= 0.490 ms
    off#12 起=(1234,689) 止=(1124,726) 位移=  116.1 µm 时长= 0.490 ms
    off#13 起=(1119,1835) 止=(1010,1803) 位移=  113.6 µm 时长= 0.490 ms
    off#14 起=(1009,704) 止=(904,736) 位移=  109.8 µm 时长= 0.490 ms
    off#15 起=(900,1825) 止=(790,1799) 位移=  113.0 µm 时长= 0.490 ms
    off#16 起=(790,719) 止=(685,746) 位移=  108.4 µm 时长= 0.490 ms
    off#17 起=(681,1816) 止=(571,1789) 位移=  113.3 µm 时长= 0.490 ms
     ⇒ off 位移中位=113.0 µm，非零位移段数=17/17 ⇒ 存在空程移动（skywriting 类）
  Q3 相邻 on-run 中点距离 min/med/max = 109.7/113.3/117.0 µm（README 声称 hatch 110 µm）
  Σ直距=20191.1 µm  Σ弧长=20258.7 µm  Σon 时长=21.12 ms  弧长平均 v=959.2 mm/s
  Q5 记账：Σt·P=6.0192 J  vs  Σ弧长(20258.7 µm)×296.4 J/m=6.0047 J  偏差=0.24% ⇒ PASS（时间轴与名义速度自洽）

=== scanStrategyDiverging.csv ===
  点数=2965 总时长=29.64 ms 时间步=10 µs | 开光 2115 点 / 关光 850 点（关光占 28.7%）
  Q1 on-run 数=18  off-run 数=17
    on# 1 起=(2432,738) 止=(2435,1779) 直距= 1041.0 弧长= 1043.7 µm 时长= 1.080 ms v=   966 mm/s 功率=285 W
    on# 2 起=(2326,1778) 止=(2328,722) 直距= 1056.0 弧长= 1057.5 µm 时长= 1.090 ms v=   970 mm/s 功率=285 W
    on# 3 起=(2214,730) 止=(2212,1786) 直距= 1056.0 弧长= 1057.1 µm 时长= 1.100 ms v=   961 mm/s 功率=285 W
    on# 4 起=(2103,1780) 止=(2100,714) 直距= 1066.0 弧长= 1068.4 µm 时长= 1.110 ms v=   962 mm/s 功率=285 W
    on# 5 起=(1995,718) 止=(1994,1798) 直距= 1080.0 弧长= 1081.5 µm 时长= 1.120 ms v=   966 mm/s 功率=285 W
    on# 6 起=(1885,1792) 止=(1882,702) 直距= 1090.0 弧长= 1092.7 µm 时长= 1.130 ms v=   967 mm/s 功率=285 W
    on# 7 起=(1777,711) 止=(1775,1806) 直距= 1095.0 弧长= 1096.5 µm 时长= 1.140 ms v=   962 mm/s 功率=285 W
    on# 8 起=(1661,1799) 止=(1663,695) 直距= 1104.0 弧长= 1105.5 µm 时长= 1.150 ms v=   961 mm/s 功率=285 W
    on# 9 起=(1554,699) 止=(1557,1818) 直距= 1119.0 弧长= 1123.7 µm 时长= 1.160 ms v=   969 mm/s 功率=285 W
    on#10 起=(1443,1812) 止=(1445,683) 直距= 1129.0 弧长= 1130.5 µm 时长= 1.170 ms v=   966 mm/s 功率=285 W
    on#11 起=(1336,687) 止=(1339,1825) 直距= 1138.0 弧长= 1146.5 µm 时长= 1.180 ms v=   972 mm/s 功率=285 W
    on#12 起=(1225,1819) 止=(1222,676) 直距= 1143.0 弧长= 1145.8 µm 时长= 1.190 ms v=   963 mm/s 功率=285 W
    on#13 起=(1118,679) 止=(1116,1832) 直距= 1153.0 弧长= 1154.5 µm 时长= 1.200 ms v=   962 mm/s 功率=285 W
    on#14 起=(1007,1831) 止=(1004,668) 直距= 1163.0 弧长= 1165.7 µm 时长= 1.210 ms v=   963 mm/s 功率=285 W
    on#15 起=(900,667) 止=(898,1844) 直距= 1177.0 弧长= 1178.6 µm 时长= 1.220 ms v=   966 mm/s 功率=285 W
    on#16 起=(783,1838) 止=(786,656) 直距= 1182.0 弧长= 1183.6 µm 时长= 1.230 ms v=   962 mm/s 功率=285 W
    on#17 起=(677,660) 止=(679,1847) 直距= 1187.0 弧长= 1189.8 µm 时长= 1.240 ms v=   959 mm/s 功率=285 W
    on#18 起=(565,1850) 止=(568,649) 直距= 1201.0 弧长= 1202.6 µm 时长= 1.250 ms v=   962 mm/s 功率=285 W
  Q1 on-run 速度 p10/p50/p90 = 961/963/969 mm/s ⇒ 恒速 PASS
  Q2 off-run 位移：
    off# 1 起=(2435,1789) 止=(2326,1787) 位移=  109.0 µm 时长= 0.490 ms
    off# 2 起=(2328,712) 止=(2214,721) 位移=  114.4 µm 时长= 0.490 ms
    off# 3 起=(2212,1796) 止=(2103,1790) 位移=  109.2 µm 时长= 0.490 ms
    off# 4 起=(2100,705) 止=(1996,708) 位移=  104.0 µm 时长= 0.490 ms
    off# 5 起=(1994,1808) 止=(1885,1802) 位移=  109.2 µm 时长= 0.490 ms
    off# 6 起=(1882,693) 止=(1777,701) 位移=  105.3 µm 时长= 0.490 ms
    off# 7 起=(1775,1815) 止=(1661,1809) 位移=  114.2 µm 时长= 0.490 ms
    off# 8 起=(1664,685) 止=(1554,689) 位移=  110.1 µm 时长= 0.490 ms
    off# 9 起=(1557,1827) 止=(1443,1821) 位移=  114.2 µm 时长= 0.490 ms
    off#10 起=(1445,678) 止=(1336,677) 位移=  109.0 µm 时长= 0.490 ms
    off#11 起=(1339,1835) 止=(1225,1829) 位移=  114.2 µm 时长= 0.490 ms
    off#12 起=(1222,671) 止=(1118,670) 位移=  104.0 µm 时长= 0.490 ms
    off#13 起=(1116,1847) 止=(1007,1841) 位移=  109.2 µm 时长= 0.490 ms
    off#14 起=(1004,659) 止=(900,657) 位移=  104.0 µm 时长= 0.490 ms
    off#15 起=(897,1854) 止=(783,1848) 位移=  114.2 µm 时长= 0.490 ms
    off#16 起=(786,646) 止=(677,650) 位移=  109.1 µm 时长= 0.490 ms
    off#17 起=(679,1856) 止=(565,1860) 位移=  114.1 µm 时长= 0.490 ms
     ⇒ off 位移中位=109.2 µm，非零位移段数=17/17 ⇒ 存在空程移动（skywriting 类）
  Q3 相邻 on-run 中点距离 min/med/max = 106.7/111.5/114.8 µm（README 声称 hatch 110 µm）
  Σ直距=20180.1 µm  Σ弧长=20224.3 µm  Σon 时长=20.97 ms  弧长平均 v=964.4 mm/s
  Q5 记账：Σt·P=5.9764 J  vs  Σ弧长(20224.3 µm)×296.4 J/m=5.9945 J  偏差=0.30% ⇒ PASS（时间轴与名义速度自洽）

=== Q4：两种策略的逐道长度是否镜像/单调 ===
  converging 前 8 道 = 1200.9 1187.3 1177.3 1181.4 1166.1 1161.9 1152.2 1142.3
  diverging  前 8 道 = 1043.7 1057.5 1057.1 1068.4 1081.5 1092.7 1096.5 1105.5
  同序相关系数=-0.994（镜像应为负、梯形单调应先增后减）

=== Q6：Measurements.xlsx 内部结构（stdlib zipfile）===
  条目 16 个；sheets/字符串相关: xl/worksheets/sheet1.xml, xl/sharedStrings.xml, xl/worksheets/_rels/sheet1.xml.rels
  Q6 sheet 数=1
    - Sheet1  ->  worksheets/sheet1.xml
  共享字符串 17 条；前 40 条 =
    Track # | Operator 1 | Diverging (D1) | Divering (D2) | Diverging (D3) | Coverging (C1) | Coverging (C2) | Converging (C3) | Operator 2 | Set 1 | Diverging | Converging | Operator 1  | Outliers | Set 2  | Melt Pool Width Measurements (µm) | Melt Pool Area Measurements (µm2)

=== Q7：Sheet1 数值网格（A3 的被测量到底长什么样）===
  Q7 网格 = 44 行 × 18 列，数值单元格 495 个 ⇒ 可读作对比靶表
    r 2: Set 1 |  |  |  |  | Set 2  |  |  |  |  |  |  |  |  |  | 
    r 3: Operator 1 |  |  |  |  | Operator 1  |  |  |  |  |  |  |  |  |  | 
    r 4: Track # | Melt Pool Widt |  | Melt Pool Area |  | Track # | Melt Pool Widt |  |  |  |  |  | Melt Pool Area |  |  | 
    r 5:  | Diverging | Converging | Diverging | Converging |  | Diverging (D1) | Divering (D2) | Diverging (D3) | Coverging (C1) | Coverging (C2) | Converging (C3 | Diverging (D1) | Divering (D2) | Diverging (D3) | Coverging (C1)
    r 6: 1 |  |  |  |  | 1 | 153 | 162 | 148 | 192 | 144 | 162 | 94295 | 101239 | 97201 | 92075
    r 7: 2 | 212 |  | 169142 |  | 2 | 190 | 176 | 190 | 176 | 181 | 195 | 130363 | 135363 | 138012 | 124267
    r 8: 3 | 273 |  | 196339 |  | 3 | 236 | 231 | 217 | 218 | 237 | 223 | 170961 | 163846 | 148547 | 176270
    r 9: 4 | 299 |  | 235610 |  | 4 | 250 | 227 | 273 | 278 | 269 | 274 | 190064 | 182072 | 198611 | 212014
    r10: 5 | 301 |  | 217884 |  | 5 | 287 | 319 | 319 | 297 | 292 | 306 | 215106 | 194615 | 219358 | 236390
    r11: 6 | 331 |  | 254617 |  | 6 | 300 | 305 | 347 | 329 | 320 | 343 | 231196 | 208696 | 246217 | 255770
    r12: 7 | 319 |  | 266933 |  | 7 | 268 | 305 | 384 | 357 | 343 | 353 | 244615 | 205769 | 251623 | 279671
    r13: 8 | 257 |  | 196011 |  | 8 | 305 | 310 | 393 | 385 | 376 | 390 | 273375 | 205555 | 275106 | 293711
    r14: 18 | 325 | 316 | 282207 | 283653 | 9 | 314 | 342 | 416 | 408 | 371 | 404 | 267948 | 237350 | 276196 | 302022
    r15:  |  |  |  |  | 10 | 337 | 342 | 425 | 408 | 404 | 414 | 278867 | 230192 | 277756 | 290632
    r16:  |  |  |  |  | 11 | 398 | 398 | 421 | 408 | 413 | 450 | 257093 | 263205 | 277585 | 287832
    r17:  |  |  |  |  | 12 | 361 | 365 | 416 | 432 | 399 | 408 | 273739 | 265961 | 296944 | 282837
    r18:  |  |  |  |  | 13 | 337 | 337 | 388 | 422 | 390 | 422 | 268397 | 239786 | 265363 | 283439
    r19:  |  |  |  |  | 14 | 347 | 365 | 421 | 422 | 302 | 422 | 293183 | 264166 | 279230 | 276657
    r20:  |  |  |  |  | 15 | 351 | 360 | 402 | 413 | 311 | 422 | 287478 | 254700 | 275811 | 277195
    r21:  |  |  |  |  | 16 | 384 | 379 | 361 | 441 | 209 | 441 | 297478 | 284978 | 271281 | 272285
    r22:  |  |  |  |  | 17 | 365 | 361 | 370 | 422 | 190 | 427 | 298824 | 277670 | 267350 | 270477
    r23:  |  |  |  |  | 18 | 384 | 379 | 402 | 459 | 306 | 408 | 293054 | 277884 | 287222 | 304047
    r24:  |  |  |  |  | Operator 2 |  |  |  |  |  |  |  |  |  | 
    r25:  |  |  |  |  | Track # | Melt Pool Widt |  |  |  |  |  | Melt Pool Area |  |  | 
    r26:  |  |  |  |  |  | Diverging (D1) | Divering (D2) | Diverging (D3) | Coverging (C1) | Coverging (C2) | Converging (C3 | Diverging (D1) | Divering (D2) | Diverging (D3) | Coverging (C1)
    r27:  |  |  |  |  | 1 | 139.3189999999 | 129.93 | 130.0310000000 | 143.9629999999 | 143.9629999999 | 134.6750000000 | 83936.394 | 82083.96799999 | 86049.9 | 86502.79399999
    r28:  |  |  |  |  | 2 | 181.1150000000 | 190.255 | 181.1150000000 | 195.0459999999 | 162.5389999999 | 176.471 | 106106.643 | 124547.133 | 119564.071 | 137722.973
    r29:  |  |  |  |  | 3 | 222.91 | 227.3779999999 | 204.334 | 236.8420000000 | 222.91 | 208.9780000000 | 164659.3949999 | 132923.4880000 | 144559.5180000 | 167096.397
    r30:  |  |  |  |  | 4 | 246.13 | 259.8609999999 | 269.3500000000 | 246.13 | 264.7060000000 | 255.4180000000 | 172035.1 | 157148.1639999 | 195865.962 | 189525.4439999
    r31:  |  |  |  |  | 5 | 260.0620000000 | 292.3430000000 | 301.858 | 301.858 | 278.6379999999 | 287.9259999999 | 209776.285 | 188414.1449999 | 206562.8919999 | 219028.266
    r32:  |  |  |  |  | 6 | 297.214 | 306.2649999999 | 325.077 | 315.7889999999 | 306.5020000000 | 306.5020000000 | 209129.2930000 | 189060.136 | 217820.5480000 | 227525.424
    r33:  |  |  |  |  | 7 | 339.0090000000 | 273.7819999999 | 380.8050000000 | 348.2970000000 | 343.6530000000 | 362.2289999999 | 250644.595 | 196316.7729999 | 239559.4709999 | 252650.27
    r34:  |  |  |  |  | 8 | 362.2289999999 | 306.2649999999 | 376.161 | 376.161 | 357.5849999999 | 376.161 | 268113.3719999 | 208353.745 | 240810.321 | 259486.8159999
    r35:  |  |  |  |  | 9 | 394.7370000000 | 338.7470000000 | 394.7370000000 | 408.6689999999 | 371.517 | 404.0249999999 | 263239.3680000 | 229800.658 | 291275.6759999 | 275812.5740000
    r36:  |  |  |  |  | 10 | 404.0249999999 | 352.6680000000 | 408.6689999999 | 399.3809999999 | 422.601 | 371.517 | 274044.13 | 231630.967 | 267056.6190000 | 266689.99
    r37:  |  |  |  |  | 11 | 380.8050000000 | 412.9929999999 | 422.601 | 417.9569999999 | 431.8890000000 | 417.9569999999 | 277171.2559999 | 279671.19 | 299751.2679999 | 279263.196
    r38:  |  |  |  |  | 12 | 399.3809999999 | 352.6680000000 | 413.3129999999 | 408.6689999999 | 399.3809999999 | 441.1759999999 | 279651.391 | 251290.6369999 | 286876.1319999 | 269644.5860000
    r39:  |  |  |  |  | 13 | 394.7370000000 | 371.23 | 390.0930000000 | 431.8890000000 | 390.0930000000 | 436.5330000000 | 282088.3929999 | 257018.427 | 283727.4390000 | 272814.8449999
    r40:  |  |  |  |  | 14 | 413.3129999999 | 375.87 | 427.245 | 436.5330000000 | 320.4329999999 | 459.7520000000 | 303223.4569999 | 267677.2839999 | 307083.8410000 | 279069.0989999
    r41:  |  |  |  |  | 15 | 413.3129999999 | 389.791 | 413.3129999999 | 427.245 | 311.1460000000 | 436.5330000000 | 306501.5480000 | 281027.772 | 286725.1670000 | 276243.902
