=== 判据④：布局与表头在固定位置命中（拼写错只断言、不筛选）===
  [PASS] ④ 区块标题位置 — C2='Set 1' H2='Set 2 '
  [PASS] ④ 操作员分区位置 — C3='Operator 1' H3='Operator 1 ' H24='Operator 2'
  [PASS] ④ Track#/量纲列族位置 — C4='Track #' D4='Melt Pool Width M F4='Melt Pool Area Me I4='Melt Pool Width M O4='Melt Pool Area Me
  [PASS] ④ 拼写错在固定位置命中（⇒ 取数未错位） — {'J5': 'Divering (D2)', 'L5': 'Coverging (C1)', 'P5': 'Divering (D2)', 'R5': 'Coverging (C1)'}
  [PASS] ④ 方向列序 D1,D2,D3,C1,C2,C3（按后缀数字读，不按列名相等） — 宽度列后缀 = [('Diverging (D1)', '1'), ('Divering (D2)', '2'), ('Diverging (D3)', '3'), ('Coverging (C1)', '1'), ('Coverging (C2)', '2'), ('Converging (C3)', '3')]
    作者标注位点 = [('S46', 'Outliers')]
  [PASS] ④ Outliers 标注落在面积列区（O..T=14..19），故不进数值面 — 位点列号 = [18]

=== 判据①②：数值面与缺失面 ===
  [PASS] ① 数值单元格总数 == 495 — 实测 495
  [PASS] ①′ 数值面**自洽**：测量格 + Track# 格 == 全表数值格（不存在未建模的数值区） — 测量 450 + Track#（C/H 列）45 vs 全表 495
  [PASS] ② 存在缺失且以 NaN 呈现 — 取数 468 格：数值 450 / NaN 18
  [PASS] ② 稀疏位点逐个点名必须为 NaN — 抽查 11 处，非 NaN = 无
  [PASS] ②′ Set1 有值图案 == README 影像清单（位置映射的独立交叉验证） — D 有值道次=[2, 3, 4, 5, 6, 7, 8, 18]（README: 2,3,4,5,6,7,8,18）；C 有值道次=[18]（README: 18）
  [PASS] ② 零值不是缺失的替身 — value==0 的位点 = 无
  [PASS] 量级 sanity（宽 80–600 µm、积 5e3–5e5 µm²） — 宽 129.9–459.8 µm；积 59797–315236 µm²

=== 判据⑤：产物 ===
  am_a3_target_table.csv → 468 行长表（每格带 src_cell 可回溯原工作表）

=== 判据③：靶曲线（Set2 按族合并 3 重复 × 2 操作员；中位数 / 极差% 即偏差分母）===
  track |  宽D med rng%(n)  |  宽C med rng%(n)  |  积D med rng%(n)  |  积C med rng%(n)  | 算子间系统差% 宽D 宽C 积D 积C
      1 |    143.7  22.3%(6) |    144.0  39.8%(6) |  90172.4  21.2%(6) |  95985.3  69.9%(6) | 16.2 11.8 14.6  8.1
      2 |    185.6   7.7%(6) |    178.7  18.2%(6) | 127455.1  25.0%(6) | 125732.8  61.6%(6) |  4.8  2.5 12.4  2.3
      3 |    225.1  14.1%(6) |    223.0  12.6%(6) | 156196.5  24.4%(6) | 171683.2  24.3%(6) |  3.6  0.0 12.5 10.0
      4 |    254.9  18.0%(6) |    266.9  11.9%(6) | 186068.0  22.3%(6) | 200254.3  19.8%(6) |  3.9  7.0 10.0 11.2
      5 |    297.1  19.8%(6) |    294.5   9.3%(6) | 208169.6  14.9%(6) | 222358.1  18.0%(6) |  8.7  3.1  4.1 11.6
      6 |    305.6  16.3%(6) |    317.9  11.5%(6) | 213474.9  26.8%(6) | 234272.4  20.4%(6) |  0.4  7.1 10.0 15.5
      7 |    322.0  36.0%(6) |    350.6   5.5%(6) | 242087.2  22.8%(6) | 263073.7  14.3%(6) | 10.6  1.3  2.1  8.0
      8 |    336.1  26.2%(6) |    376.2   8.6%(6) | 254461.8  27.3%(6) | 266836.9  15.0%(6) | 15.5  2.3 12.7 10.7
      9 |    368.4  27.7%(6) |    404.0   9.3%(6) | 265593.7  23.1%(6) | 281193.4  15.8%(6) | 14.3  0.0  1.8  5.7
     10 |    378.3  23.3%(6) |    406.0  12.6%(6) | 270550.4  18.0%(6) | 280155.5  12.7%(6) | 16.6  2.1  3.9  7.4
     11 |    405.5  10.3%(6) |    418.0  10.0%(6) | 277378.1  15.4%(6) | 285736.6   8.7%(6) |  3.7  1.2  6.1  1.5
     12 |    382.2  16.6%(6) |    408.3  10.3%(6) | 276695.2  16.5%(6) | 280274.1  12.0%(6) |  9.0  0.2  2.1  3.9
     13 |    379.6  15.2%(6) |    422.0  11.0%(6) | 266880.0  16.5%(6) | 278126.9  16.8%(6) | 14.6  2.3  6.1  3.8
     14 |    394.6  20.3%(6) |    422.0  37.4%(6) | 286206.5  15.0%(6) | 277863.0  27.5%(6) | 12.4  3.4  8.2  0.9
     15 |    395.9  15.7%(6) |    417.5  30.1%(6) | 283876.5  18.2%(6) | 273407.9  28.2%(6) | 13.8  3.4  3.9  2.4
     16 |    393.9  13.3%(6) |    424.9  65.5%(6) | 285468.4  17.3%(6) | 262279.7  61.9%(6) |  7.5  4.3  0.3  4.3
     17 |    382.4  13.7%(6) |    424.5  60.2%(6) | 292699.1  16.1%(6) | 271484.2  59.6%(6) | 12.3  2.3  7.4  0.7
     18 |    400.5   9.7%(6) |    408.3  37.5%(6) | 290138.0   9.8%(6) | 265127.9  32.2%(6) |  5.1  0.2  2.9  8.6

=== 极差分布（= A3 仿真偏差的分母；须与仿真偏差同图才许声称看到物理）===
  width_um 合并 6 值极差%: 组数=36 p50=15.7 p90=37.5 max=65.5
  width_um 操作员间系统差%: 组数=36 p50=4.3 p90=14.6 max=16.6
  area_um2 合并 6 值极差%: 组数=36 p50=19.8 p90=59.6 max=69.9
  area_um2 操作员间系统差%: 组数=36 p50=6.1 p90=12.5 max=15.5

=== 单调性/饱和（趋势是被测量，单点不是）===
  width_um D: 道1=143.7 道9=368.4 道18=400.5；首个『接近饱和』道次=11
  width_um C: 道1=144.0 道9=404.0 道18=408.3；首个『接近饱和』道次=11
  area_um2 D: 道1=90172.4 道9=265593.7 道18=290138.0；首个『接近饱和』道次=17
  area_um2 C: 道1=95985.3 道9=281193.4 道18=265127.9；首个『接近饱和』道次=10

=== 噪声地板探针（**不是判据**，只是给 A3 定标尺）===
  道 1 只有一个熔池，『发散/收敛』两组理应量到同一个对象 ⇒ 其差是噪声地板的**下界估计**。
  width_um 道1：D1=143.7 vs C1=144.0 ⇒ 相对差 0.2%（两组测量是否严格同一定义，数据集内**未证实** ⇒ 登记为待查，不当作已证事实）
  area_um2 道1：D1=90172.4 vs C1=95985.3 ⇒ 相对差 6.2%（两组测量是否严格同一定义，数据集内**未证实** ⇒ 登记为待查，不当作已证事实）

=== 记分 ===
  判据未达项 = 无
  ⇒ N2.5 闭合，#10 的对比可用本靶表（仍受 N0/#19、N2/#18 前置约束）
