  [PASS] ① 我方卡片字段齐备（缺项要显式登记，不许静默） — 取到 36 个标量字段；缺 = 无
    reference 原文 = Special Metals Inconel 625 数据表; Mills (2002);  AM-Bench AMB2018-02 建模文献常用温变拟合  cp=405+247·(T[°C]/1000) J/kgK, k=9.5+15·(T[°C]/1000) W/mK  (固相区，取 25~12…
  [PASS] ① 我方 reference 里的拟合式可被解析 — cp 式 ('405', '247')；k 式 ('9.5', '15')

=== 判据②：单位口径自证（我方温度是 K 还是 °C）===
  [PASS] ②a 按 **K** 解释后与基准同义（阈值 1 K；°C 读法会差 273 ⇒ 无歧义） — 1563.0 K → 1289.85 °C（基准 1290）；1623.0 K → 1349.85 °C（基准 1350）
  [PASS] ②b 实测偏移单独点名并给界（我方卡片用 **273** 偏移，非 273.15） — ΔT_s = ΔT_l = 0.15 K（1563.0 − 273 = 1290.0 °C 恰为整数）⇒ 我方相线比基准**低** 0.15 K，占 T_solidus(K) 的 0.010%

=== 判据③：我方卡片**内部**自洽（常数 == 自述拟合式的 25–1290 °C 区间均值）===
  [PASS] ③ cp_solid == 自述拟合式区间均值 — 我方 567.0 vs 自述式均值 567.4（差 -0.07%）
  [PASS] ③ k_solid == 自述拟合式区间均值 — 我方 19.40 vs 自述式均值 19.36（差 +0.19%）

=== 判据①＋④：逐项对齐（**各自单独报数，不合成**）===
  量                                   我方            基准      相对差%
  ρ_solid kg/m³                     8440          8440      +0.0
  L 潜热 J/kg                      2.8e+05       2.8e+05      +0.0
  c_s 区间均值 J/kg°C                    567         591.5      -4.1
  c_s @1290 °C J/kg°C              723.6           766      -5.5
  c_l J/kg°C                         710           766      -7.3
  k_s 区间均值 W/m°C                    19.4         19.86      -2.3
  k_s @1290 °C W/m°C               28.85         29.54      -2.3
  k_l W/m°C                           30          29.5      +1.7
  α 吸收率                             0.39          0.54     -27.8
  —— 体热容 ρ·c（决定同样吸热下的温升；分区单独报）——
  固相 ρ·c 区间均值                  4.785e+06     4.992e+06      -4.1
  液相 ρ·c                       5.467e+06     6.465e+06     -15.4
  吸收功率比 我方/基准 = 0.7222（即我方吸热少 27.8%）；我方液相密度 7700 vs 基准**恒定 ρ=8440**（基准 Eq.1 明写 ρ 为常数）
  [PASS] ④ 未合成综合偏差（只给分项；合成需数值实验） — 本表全部为**逐项**相对差；任何'净效应'结论须由 #10 的数值跑给出（铁律）
  ⚠ 光斑口径（基准 D4σ = 85 µm）**我方尚未核对** ⇒ 登记在产物 JSON 的 `not_yet_checked`；未核对前不得称『同条件』。（这条是**待办**，不是判据：写成判据就会永远 PASS）

=== 判据⑤：来源歧义点名（基准 Table 1 的 'at T_l' 标注与其数值不自洽）===
  [PASS] ⑤ c_l=766 复算于 **T_s**（而非标注的 T_l） — c_s(1290)=766.04 vs 表值 766；c_s(1350)=782.60 ⇒ 标注 'at T_l' 与数值不符
  [PASS] ⑤ k_l=29.5 复算于 **T_s**（而非标注的 T_l） — k_s(1290)=29.537 vs 表值 29.5；k_s(1350)=30.455

=== 基准侧夹具（Table 1 + Fig.2 + §2.2 原文摘编，供 #10 直接引用）===
  domain_um: [3000.0, 2500.0, 1000.0]
  bc: 顶面 Neumann αI；其余（左右前后底）**绝热 zero flux**；无对流、无辐射
  time: 激光命令 0.01 ms 采样（100 kHz）；熔池轮廓按 T=1290 °C 等值面，约 0.149 ms 一次
  scheme: 线性六面体 FEM + 层级加密；Crank–Nicolson 时间积分；Newton–Raphson 求解
  own_validation: 宽度平均偏差 14%、最大 20%；面积平均 11%、最大 22%（1–2 道可达 41%）

=== 判据⑥：产物 ===
  am_a3_fixture_spec.json（3782 B） ⇒ #10 只引用本产物，不重复读 PDF
  [PASS] ⑥a 产物可读回，且判据①–⑤的结论都在里面 — 键 11 个；逐项差 9/9 条；待办 2 条（含'光斑'的条目 True）

=== 记分 ===
  判据未达项 = 无
  ⇒ 物性口径核对**闭合**（分项差与来源歧义均已量化并落盘）
