Jax plugin configuration error: Exception when calling jax_plugins.xla_cuda13.initialize()
Traceback (most recent call last):
  File "/home/shy/.local/lib/python3.12/site-packages/jax/_src/xla_bridge.py", line 495, in discover_pjrt_plugins
    plugin_module.initialize()
  File "/home/shy/.local/lib/python3.12/site-packages/jax_plugins/xla_cuda13/__init__.py", line 370, in initialize
    _check_cuda_versions(raise_on_first_error = True)
  File "/home/shy/.local/lib/python3.12/site-packages/jax_plugins/xla_cuda13/__init__.py", line 274, in _check_cuda_versions
    for d in range(cuda_versions.cuda_device_count())
                   ^^^^^^^^^^^^^^^^^^^^^^^^^^^^^^^^^
RuntimeError: jaxlib/cuda/versions_helpers.cc:135: operation cuInit(0) failed: CUDA_ERROR_NO_DEVICE
An NVIDIA GPU may be present on this machine, but a CUDA-enabled jaxlib is not installed. Falling back to cpu.
/home/shy/桌面/2026年开发-显式冲击有限元-物质点法-sph-fvm+am/AM-Qoder/src/amforge/thermal_enthalpy.py:386: UserWarning: 名义工艺在本网格上欠分辨：hatch_spacing=80.0µm、layer_thickness=40.0µm 小于体素 dx=57.1µm（道距/层厚至少要占一个体素才解得开）。时间调度已按**实际**曝光定价所以数值仍稳定，但逐层累积与熔池形态会失真：请加密网格或把工艺量抬到 ≥ dx。（搜索子盒仍取 ≥ dx 的可分辨下界。）
  return _chain_schedule(geometry, process, material=material, cfl=cfl,
/home/shy/桌面/2026年开发-显式冲击有限元-物质点法-sph-fvm+am/AM-Qoder/src/amforge/inverse.py:142: UserWarning: 体素 dx=57.1µm 大于光束半径 r=50.0µm：横向仅约 1.8 个体素跨过光斑，能量守恒但**熔池形态与峰值不可信**（实测 dx=r 档熔宽偏低 ~45%、熔体积偏低 ~36%）。定量熔池形态请取 dx≤r/2。
  return solve_enthalpy_thermal(geometry=geometry, process=process, params=params)
=== 逐项梯度有限性（z=基准投影点）===
peak_only              loss=3.182907e+02 grad[finite=True |g|=3.669e+01 nan@[]]
lof                    loss=8.152695e-01 grad[finite=True |g|=2.129e-02 nan@[]]
key                    loss=0.000000e+00 grad[finite=True |g|=0.000e+00 nan@[]]
por(gr_ratio)          loss=6.250000e-02 grad[finite=False |g|=0.000e+00 nan@[[0], [1], [4], [5]]]
thermal_gradient       loss=2.966353e+05 grad[finite=False |g|=0.000e+00 nan@[[0], [1], [4], [5]]]
solidification_rate    loss=4.840747e-02 grad[finite=False |g|=0.000e+00 nan@[[0], [1], [4], [5]]]
cooling_rate           loss=3.508945e+01 grad[finite=True |g|=8.890e+01 nan@[]]
time_above_melt        loss=0.000000e+00 grad[finite=True |g|=0.000e+00 nan@[]]
final_temperature      loss=3.182887e+02 grad[finite=True |g|=3.668e+01 nan@[]]

=== 分母/分子实况 ===
solidification_rate: min=4.840747e-02 n(<=1e-12)=0/1
thermal_gradient   : min=0.000000e+00 max=9.053291e+05 n(==0)=4/64
