CMD: CUDA_VISIBLE_DEVICES="" PYTHONPATH=src JAX_ENABLE_X64=1 /tmp/amvenv/bin/python am_d0_inverse_margin.py
TREE: head=66bd18d dirty=17
Jax plugin configuration error: Exception when calling jax_plugins.xla_cuda13.initialize()
Traceback (most recent call last):
  File "/home/shy/.local/lib/python3.12/site-packages/jax/_src/xla_bridge.py", line 495, in discover_pjrt_plugins
    plugin_module.initialize()
  File "/home/shy/.local/lib/python3.12/site-packages/jax_plugins/xla_cuda13/__init__.py", line 370, in initialize
    _check_cuda_versions(raise_on_first_error = True)
  File "/home/shy/.local/lib/python3.12/site-packages/jax_plugins/xla_cuda13/__init__.py", line 274, in _check_cuda_versions
    for d in range(cuda_versions.cuda_device_count())
                   ^^^^^^^^^^^^^^^^^^^^^^^^^^^^^^^^^
RuntimeError: jaxlib/cuda/versions_helpers.cc:135: operation cuInit(0) failed: CUDA_ERROR_NO_DEVICE
An NVIDIA GPU may be present on this machine, but a CUDA-enabled jaxlib is not installed. Falling back to cpu.
/home/shy/桌面/2026年开发-显式冲击有限元-物质点法-sph-fvm+am/AM-Qoder/src/amforge/thermal_enthalpy.py:386: UserWarning: 名义工艺在本网格上欠分辨：hatch_spacing=80.0µm、layer_thickness=40.0µm 小于体素 dx=57.1µm（道距/层厚至少要占一个体素才解得开）。时间调度已按**实际**曝光定价所以数值仍稳定，但逐层累积与熔池形态会失真：请加密网格或把工艺量抬到 ≥ dx。（搜索子盒仍取 ≥ dx 的可分辨下界。）
  return _chain_schedule(geometry, process, material=material, cfl=cfl,
/home/shy/桌面/2026年开发-显式冲击有限元-物质点法-sph-fvm+am/AM-Qoder/src/amforge/inverse.py:142: UserWarning: 体素 dx=57.1µm 大于光束半径 r=50.0µm：横向仅约 1.8 个体素跨过光斑，能量守恒但**熔池形态与峰值不可信**（实测 dx=r 档熔宽偏低 ~45%、熔体积偏低 ~36%）。定量熔池形态请取 dx≤r/2。
  return solve_enthalpy_thermal(geometry=geometry, process=process, params=params)
cost_base = 9.128025e-01   cost_corr = 7.635794e-01
改善 = 16.348%   门槛 = 1.000%   余量 = 15.348 个百分点
① 断言复现 PASS
② 有余量：gain=16.348%
③ inverse 控制器实际动了哪些工艺量：
  laser_power     [120.]                       -> [1317.44310677]              Δmax=1197  相对 997.869%
  scan_speed      [1.5]                        -> [1.08279186]                 Δmax=0.4172  相对 27.814%
  hatch_spacing   [8.e-05]                     -> [0.0001103]                  Δmax=3.03e-05  相对 37.881%
  layer_thickness [4.e-05]                     -> [7.35363694e-05]             Δmax=3.354e-05  相对 83.841%
  beam_radius     [5.e-05]                     -> [6.12803078e-05]             Δmax=1.128e-05  相对 22.561%
  absorption      [0.4]                        -> [0.42406679]                 Δmax=0.02407  相对 6.017%
  preheat_temp    [373.]                       -> [1158.74836564]              Δmax=785.7  相对 210.656%
  scan_angle      [0.        1.1693706 2.3387412] -> [0. 0. 0.]                   Δmax=2.339  相对 100.000%
  ⇒ 最大相对变化 997.869%
墙钟 47.7 s
exit=0
