Jax plugin configuration error: Exception when calling jax_plugins.xla_cuda13.initialize()
Traceback (most recent call last):
  File "/home/shy/.local/lib/python3.12/site-packages/jax/_src/xla_bridge.py", line 495, in discover_pjrt_plugins
    plugin_module.initialize()
  File "/home/shy/.local/lib/python3.12/site-packages/jax_plugins/xla_cuda13/__init__.py", line 370, in initialize
    _check_cuda_versions(raise_on_first_error = True)
  File "/home/shy/.local/lib/python3.12/site-packages/jax_plugins/xla_cuda13/__init__.py", line 274, in _check_cuda_versions
    for d in range(cuda_versions.cuda_device_count())
                   ^^^^^^^^^^^^^^^^^^^^^^^^^^^^^^^^^
RuntimeError: jaxlib/cuda/versions_helpers.cc:135: operation cuInit(0) failed: CUDA_ERROR_NO_DEVICE
An NVIDIA GPU may be present on this machine, but a CUDA-enabled jaxlib is not installed. Falling back to cpu.
/home/shy/桌面/2026年开发-显式冲击有限元-物质点法-sph-fvm+am/AM-Qoder/src/amforge/thermal_enthalpy.py:386: UserWarning: 名义工艺在本网格上欠分辨：hatch_spacing=120.0µm、layer_thickness=60.0µm 小于体素 dx=120.0µm（道距/层厚至少要占一个体素才解得开）。时间调度已按**实际**曝光定价所以数值仍稳定，但逐层累积与熔池形态会失真：请加密网格或把工艺量抬到 ≥ dx。（搜索子盒仍取 ≥ dx 的可分辨下界。）
  return _chain_schedule(geometry, process, material=material, cfl=cfl,
[tier] 用时 1.33s
[tier] n_steps=None exposure_bound_s=None spacing=None
[tier] 子盒 vs 设备盒:
   laser_power      device=(20.0, 4000.0)  tier=(20.0, 4000.0)
   scan_speed       device=(0.001, 5.0)  tier=(0.3, 5.0)
   layer_thickness  device=(1e-05, 0.001)  tier=(0.00012, 0.001)
   hatch_spacing    device=(2e-05, 0.002)  tier=(0.00012, 0.002)
   beam_radius      device=(1.5e-05, 0.0015)  tier=(6e-05, 0.0015)
   absorption       device=(0.15, 0.85)  tier=(0.15, 0.85)
[init 物理工艺]
   P=900.0 v=0.6 lt=6e-05 h=0.00012 r=6e-05 A=0.5
[z] tier 坐标=[0.71847, 0.24637, 0.0, 0.0, 0.0, 0.5, 0.18367, 0.0, 0.0]
[z] 设备坐标=[0.71847, 0.75106, 0.38908, 0.38908, 0.30103, 0.5, 0.18367, 0.0, 0.0]
[z] 越界分量（tier 坐标不在 [0,1]）: []
[罚项] 起点（tier 坐标 + tier 边界，与优化器内部一致）:
  init/tier: pen=0.783524  ved=1.042e+11  ved_penalty=0  normalized_enthalpy=33.51  overlap_penalty=0  layer_penalty=0.6667  keyhole_penalty=0.1169
[罚项] 起点（tier 坐标 + 设备边界，即测试里 process_feasibility 的读法）:
  init/device: pen=3754.213823  ved=5.519e+14  ved_penalty=3679  normalized_enthalpy=2299  overlap_penalty=0  layer_penalty=0  keyhole_penalty=75.65
[罚项] 起点（设备坐标 + 设备边界）:
  devcoord/device: pen=0.505746  ved=2.083e+11  ved_penalty=0.3889  normalized_enthalpy=33.51  overlap_penalty=0  layer_penalty=0  keyhole_penalty=0.1169
[罚项] 启发式名义工艺（对照）:
  heuristic/tier: pen=0.856513  ved=2.521e+10  ved_penalty=0.1898  normalized_enthalpy=7.329  overlap_penalty=0  layer_penalty=0.6667  keyhole_penalty=0
