CMD: PYTHONPATH=src JAX_ENABLE_X64=1 /tmp/amvenv/bin/python docs/evidence/2026-10-07/am_t23_floor_shell_probe.py   （GPU）
TREE: head=c41d3b0 dirty_src=0
DATE: 2026-10-07 22:13:10 +0800
NOTE: 复跑取代 22:07 那次 exit=1 的运行：那次唯一的 FAILS 是脚本 CASES 漏了 (δ=0, dx=25µm) 的 L3 正对照（科学结论当时已全部拿到：peak 全网格≡仅实体逐位相等、δ=0 实体内 fv≤0.5=1154 而 δ=0.25=0、δ=0.25 壳温 902.6 vs 1505.3K）。本次只补 CASES，判据 L1..L3 未动。
device = cuda:0
  δ=0.00·dx dx= 50.0 f0=0.50  6.72s  peak全=  2461.3 peak实=  2461.3 peak壳=    -inf  壳体素=     0 实体内fv≤0.5=  1154  argmax处 fv=1.000(实体)  calls={'div': 2, 'src': 2}
  δ=0.00·dx dx= 50.0 f0=0.25  1.10s  peak全=  2461.3 peak实=  2461.3 peak壳=    -inf  壳体素=     0 实体内fv≤0.5=  1154  argmax处 fv=1.000(实体)  calls={'div': 2, 'src': 2}
  δ=0.25·dx dx= 50.0 f0=0.50  3.90s  peak全=  2447.3 peak实=  2447.3 peak壳=   902.6  壳体素=   621 实体内fv≤0.5=     0  argmax处 fv=1.000(实体)  calls={'div': 2, 'src': 2}
  δ=0.25·dx dx= 50.0 f0=0.25  1.11s  peak全=  2447.3 peak实=  2447.3 peak壳=  1505.3  壳体素=   621 实体内fv≤0.5=     0  argmax处 fv=1.000(实体)  calls={'div': 2, 'src': 2}
  δ=0.50·dx dx= 50.0 f0=0.50  2.61s  peak全=  2430.5 peak实=  2430.5 peak壳=   300.0  壳体素=    96 实体内fv≤0.5=     0  argmax处 fv=1.000(实体)  calls={'div': 2, 'src': 2}
  δ=0.50·dx dx= 50.0 f0=0.25  1.11s  peak全=  2430.5 peak实=  2430.5 peak壳=   300.0  壳体素=    96 实体内fv≤0.5=     0  argmax处 fv=1.000(实体)  calls={'div': 2, 'src': 2}
  δ=0.00·dx dx= 25.0 f0=0.50  5.71s  peak全=  2563.0 peak实=  2563.0 peak壳=    -inf  壳体素=     0 实体内fv≤0.5=  4610  argmax处 fv=1.000(实体)  calls={'div': 2, 'src': 2}
  δ=0.00·dx dx= 25.0 f0=0.25  1.44s  peak全=  2563.0 peak实=  2563.0 peak壳=    -inf  壳体素=     0 实体内fv≤0.5=  4610  argmax处 fv=1.000(实体)  calls={'div': 2, 'src': 2}
  δ=0.25·dx dx= 25.0 f0=0.50  4.44s  peak全=  2555.0 peak实=  2555.0 peak壳=  1000.4  壳体素=  2393 实体内fv≤0.5=     0  argmax处 fv=1.000(实体)  calls={'div': 2, 'src': 2}
  δ=0.25·dx dx= 25.0 f0=0.25  1.53s  peak全=  2555.0 peak实=  2555.0 peak壳=  1669.0  壳体素=  2393 实体内fv≤0.5=     0  argmax处 fv=1.000(实体)  calls={'div': 2, 'src': 2}
  δ=0.50·dx dx= 25.0 f0=0.50  3.09s  peak全=  2502.1 peak实=  2502.1 peak壳=   300.0  壳体素=   768 实体内fv≤0.5=     0  argmax处 fv=1.000(实体)  calls={'div': 2, 'src': 2}
  δ=0.50·dx dx= 25.0 f0=0.25  1.52s  peak全=  2502.1 peak实=  2502.1 peak壳=   300.0  壳体素=   768 实体内fv≤0.5=     0  argmax处 fv=1.000(实体)  calls={'div': 2, 'src': 2}

=== L1 污染判据：全网格 max 是否等于仅实体 max ===
  δ=0.00·dx dx= 50.0 f0=0.50: 全网格=  2461.3 仅实体=  2461.3 ⇒ 逐位相等，壳未占据 argmax  壳最高温=    -infK（低于实体峰值）
  δ=0.00·dx dx= 50.0 f0=0.25: 全网格=  2461.3 仅实体=  2461.3 ⇒ 逐位相等，壳未占据 argmax  壳最高温=    -infK（低于实体峰值）
  δ=0.25·dx dx= 50.0 f0=0.50: 全网格=  2447.3 仅实体=  2447.3 ⇒ 逐位相等，壳未占据 argmax  壳最高温=   902.6K（低于实体峰值）
  δ=0.25·dx dx= 50.0 f0=0.25: 全网格=  2447.3 仅实体=  2447.3 ⇒ 逐位相等，壳未占据 argmax  壳最高温=  1505.3K（低于实体峰值）
  δ=0.50·dx dx= 50.0 f0=0.50: 全网格=  2430.5 仅实体=  2430.5 ⇒ 逐位相等，壳未占据 argmax  壳最高温=   300.0K（低于实体峰值）
  δ=0.50·dx dx= 50.0 f0=0.25: 全网格=  2430.5 仅实体=  2430.5 ⇒ 逐位相等，壳未占据 argmax  壳最高温=   300.0K（低于实体峰值）
  δ=0.00·dx dx= 25.0 f0=0.50: 全网格=  2563.0 仅实体=  2563.0 ⇒ 逐位相等，壳未占据 argmax  壳最高温=    -infK（低于实体峰值）
  δ=0.00·dx dx= 25.0 f0=0.25: 全网格=  2563.0 仅实体=  2563.0 ⇒ 逐位相等，壳未占据 argmax  壳最高温=    -infK（低于实体峰值）
  δ=0.25·dx dx= 25.0 f0=0.50: 全网格=  2555.0 仅实体=  2555.0 ⇒ 逐位相等，壳未占据 argmax  壳最高温=  1000.4K（低于实体峰值）
  δ=0.25·dx dx= 25.0 f0=0.25: 全网格=  2555.0 仅实体=  2555.0 ⇒ 逐位相等，壳未占据 argmax  壳最高温=  1669.0K（低于实体峰值）
  δ=0.50·dx dx= 25.0 f0=0.50: 全网格=  2502.1 仅实体=  2502.1 ⇒ 逐位相等，壳未占据 argmax  壳最高温=   300.0K（低于实体峰值）
  δ=0.50·dx dx= 25.0 f0=0.25: 全网格=  2502.1 仅实体=  2502.1 ⇒ 逐位相等，壳未占据 argmax  壳最高温=   300.0K（低于实体峰值）

=== L2/L3：K3=0.000% 的解释是否成立（实体内 fv≤0.5 只在 δ=0 的刀锋层出现）===
  dx= 50.0: δ=0 实体内 fv≤0.5 = 1154 个（一整层刀锋面）, δ=0.25 实体内 fv≤0.5 = 0 个, 外部壳体素 0/621 个
  dx= 25.0: δ=0 实体内 fv≤0.5 = 4610 个（一整层刀锋面）, δ=0.25 实体内 fv≤0.5 = 0 个, 外部壳体素 0/2393 个

=== 同 (δ,dx) 下 f0=0.5 vs 0.25 的壳温差（P2 的直接证据）===
  δ=0.00·dx dx= 50.0: peak全   2461.3 vs   2461.3 (差 +0.000000)  peak壳     -inf vs     -inf (差 +nanK)
  δ=0.25·dx dx= 50.0: peak全   2447.3 vs   2447.3 (差 +0.000000)  peak壳    902.6 vs   1505.3 (差 +602.6K)
  δ=0.50·dx dx= 50.0: peak全   2430.5 vs   2430.5 (差 +0.000000)  peak壳    300.0 vs    300.0 (差 +0.0K)
  δ=0.00·dx dx= 25.0: peak全   2563.0 vs   2563.0 (差 +0.000000)  peak壳     -inf vs     -inf (差 +nanK)
  δ=0.25·dx dx= 25.0: peak全   2555.0 vs   2555.0 (差 +0.000000)  peak壳   1000.4 vs   1669.0 (差 +668.6K)
  δ=0.50·dx dx= 25.0: peak全   2502.1 vs   2502.1 (差 +0.000000)  peak壳    300.0 vs    300.0 (差 +0.0K)

FAILS: 无
elapsed=39s
exit=0
