Jax plugin configuration error: Exception when calling jax_plugins.xla_cuda13.initialize()
Traceback (most recent call last):
  File "/home/shy/.local/lib/python3.12/site-packages/jax/_src/xla_bridge.py", line 495, in discover_pjrt_plugins
    plugin_module.initialize()
  File "/home/shy/.local/lib/python3.12/site-packages/jax_plugins/xla_cuda13/__init__.py", line 370, in initialize
    _check_cuda_versions(raise_on_first_error = True)
  File "/home/shy/.local/lib/python3.12/site-packages/jax_plugins/xla_cuda13/__init__.py", line 274, in _check_cuda_versions
    for d in range(cuda_versions.cuda_device_count())
                   ^^^^^^^^^^^^^^^^^^^^^^^^^^^^^^^^^
RuntimeError: jaxlib/cuda/versions_helpers.cc:135: operation cuInit(0) failed: CUDA_ERROR_NO_DEVICE
An NVIDIA GPU may be present on this machine, but a CUDA-enabled jaxlib is not installed. Falling back to cpu.

=== dx=12.5 µm ===
  [mul] dx=1.2499999999999999e-05 shape=(97, 49, 33) solid(sdf<0)=142880 |sdf|<1e-12:18434 sdf==0:13969 min|sdf|=5.421e-20
  [lit] dx=1.25e-05 shape=(97, 49, 33) solid(sdf<0)=138415 |sdf|<1e-12:18434 sdf==0:13649 min|sdf|=1.084e-19
  H1 掩膜翻转体素数 = 4465（占固体 3.12%）  ⇒ H1 成立（刀刃共振）
    翻转位置样例（前 3，坐标轴下标）：[[1, 1, 32], [1, 2, 32], [1, 3, 32]]
    翻转是否全在边界：否（有内部翻转，须继续追）

=== dx=25.0 µm ===
  [mul] dx=2.4999999999999998e-05 shape=(49, 25, 17) solid(sdf<0)=17296 |sdf|<1e-12:4610 sdf==0:3529 min|sdf|=5.421e-20
  [lit] dx=2.5e-05 shape=(49, 25, 17) solid(sdf<0)=16215 |sdf|<1e-12:4610 sdf==0:3369 min|sdf|=1.084e-19
  H1 掩膜翻转体素数 = 1081（占固体 6.25%）  ⇒ H1 成立（刀刃共振）
    翻转位置样例（前 3，坐标轴下标）：[[1, 1, 16], [1, 2, 16], [1, 3, 16]]
    翻转是否全在边界：否（有内部翻转，须继续追）

=== dx=50.0 µm ===
  [mul] dx=4.9999999999999996e-05 shape=(25, 13, 9) solid(sdf<0)=2024 |sdf|<1e-12:1154 sdf==0:901 min|sdf|=5.421e-20
  [lit] dx=5e-05 shape=(25, 13, 9) solid(sdf<0)=1771 |sdf|<1e-12:1154 sdf==0:821 min|sdf|=1.084e-19
  H1 掩膜翻转体素数 = 253（占固体 12.50%）  ⇒ H1 成立（刀刃共振）
    翻转位置样例（前 3，坐标轴下标）：[[1, 1, 8], [1, 2, 8], [1, 3, 8]]
    翻转是否全在边界：否（有内部翻转，须继续追）
Jax plugin configuration error: Exception when calling jax_plugins.xla_cuda13.initialize()
Traceback (most recent call last):
  File "/home/shy/.local/lib/python3.12/site-packages/jax/_src/xla_bridge.py", line 495, in discover_pjrt_plugins
    plugin_module.initialize()
  File "/home/shy/.local/lib/python3.12/site-packages/jax_plugins/xla_cuda13/__init__.py", line 370, in initialize
    _check_cuda_versions(raise_on_first_error = True)
  File "/home/shy/.local/lib/python3.12/site-packages/jax_plugins/xla_cuda13/__init__.py", line 274, in _check_cuda_versions
    for d in range(cuda_versions.cuda_device_count())
                   ^^^^^^^^^^^^^^^^^^^^^^^^^^^^^^^^^
RuntimeError: jaxlib/cuda/versions_helpers.cc:135: operation cuInit(0) failed: CUDA_ERROR_NO_DEVICE
An NVIDIA GPU may be present on this machine, but a CUDA-enabled jaxlib is not installed. Falling back to cpu.

=== 修正版边界判据：翻转体素是否落在**任一面**上（上一次要求三轴同时贴边，过严）===
  dx=12.5: 翻转 4465 个，其中贴任一边界面 4465 个（100.0%）⇒ 内部翻转 0 个
        按面统计 (轴:首面,末面) = {0: (0, 0), 1: (0, 0), 2: (0, 4465)}
  dx=25.0: 翻转 1081 个，其中贴任一边界面 1081 个（100.0%）⇒ 内部翻转 0 个
        按面统计 (轴:首面,末面) = {0: (0, 0), 1: (0, 0), 2: (0, 1081)}
  dx=50.0: 翻转 253 个，其中贴任一边界面 253 个（100.0%）⇒ 内部翻转 0 个
        按面统计 (轴:首面,末面) = {0: (0, 0), 1: (0, 0), 2: (0, 253)}
