CMD: CUDA_VISIBLE_DEVICES="" PYTHONPATH=/home/shy/桌面/2026年开发-显式冲击有限元-物质点法-sph-fvm+am/AM-Qoder/src JAX_ENABLE_X64=1 /tmp/amvenv/bin/python am_t2_domain_mass.py
TREE: head=af9fc89 dirty=22
DATE: 2026-10-07 20:41:04 +0800
Jax plugin configuration error: Exception when calling jax_plugins.xla_cuda13.initialize()
Traceback (most recent call last):
  File "/home/shy/.local/lib/python3.12/site-packages/jax/_src/xla_bridge.py", line 495, in discover_pjrt_plugins
    plugin_module.initialize()
  File "/home/shy/.local/lib/python3.12/site-packages/jax_plugins/xla_cuda13/__init__.py", line 370, in initialize
    _check_cuda_versions(raise_on_first_error = True)
  File "/home/shy/.local/lib/python3.12/site-packages/jax_plugins/xla_cuda13/__init__.py", line 274, in _check_cuda_versions
    for d in range(cuda_versions.cuda_device_count())
                   ^^^^^^^^^^^^^^^^^^^^^^^^^^^^^^^^^
RuntimeError: jaxlib/cuda/versions_helpers.cc:135: operation cuInit(0) failed: CUDA_ERROR_NO_DEVICE
An NVIDIA GPU may be present on this machine, but a CUDA-enabled jaxlib is not installed. Falling back to cpu.
=== M1：域体积(热容) vs 剂量体积(份额) 对设计体积的偏差 ===
  dx= 50.0 δ=0.00dx  域(mask)=1.2695×  剂量(fv)=1.0191×  旧(sdf<0)=0.8785×  域−剂量=+24.574%
  dx= 50.0 δ=0.25dx  域(mask)=1.0000×  剂量(fv)=1.0095×  旧(sdf<0)=1.0000×  域−剂量=-0.946%
  dx= 50.0 δ=0.50dx  域(mask)=1.0000×  剂量(fv)=1.0000×  旧(sdf<0)=1.0000×  域−剂量=+0.000%
  dx= 25.0 δ=0.00dx  域(mask)=1.1298×  剂量(fv)=1.0048×  旧(sdf<0)=0.9384×  域−剂量=+12.446%
  dx= 25.0 δ=0.25dx  域(mask)=1.0000×  剂量(fv)=1.0024×  旧(sdf<0)=1.0000×  域−剂量=-0.238%
  dx= 25.0 δ=0.50dx  域(mask)=1.0000×  剂量(fv)=1.0000×  旧(sdf<0)=1.0000×  域−剂量=+0.000%
  dx= 12.5 δ=0.00dx  域(mask)=1.0637×  剂量(fv)=1.0012×  旧(sdf<0)=0.9690×  域−剂量=+6.243%
  dx= 12.5 δ=0.25dx  域(mask)=1.0000×  剂量(fv)=1.0006×  旧(sdf<0)=1.0000×  域−剂量=-0.060%
  dx= 12.5 δ=0.50dx  域(mask)=1.0000×  剂量(fv)=1.0000×  旧(sdf<0)=1.0000×  域−剂量=-0.000%

  M2 δ=0 的 域/剂量−1 随 dx：['+24.574%', '+12.446%', '+6.243%'] ⇒ 单调减小 PASS

FAILS: ['M1 dx=50.0 δ=0.25: 域−剂量差 -0.0095 未达剂量偏差 +0.0095 的 2 倍', 'M1 dx=25.0 δ=0.25: 域−剂量差 -0.0024 未达剂量偏差 +0.0024 的 2 倍']
exit=0
