CMD: CUDA_VISIBLE_DEVICES="" PYTHONPATH=/home/shy/桌面/2026年开发-显式冲击有限元-物质点法-sph-fvm+am/AM-Qoder/src JAX_ENABLE_X64=1 /tmp/amvenv/bin/python am_t2_a0_conv_rerun.py
TREE: head=af9fc89 dirty=30
DATE: 2026-10-07 21:05:35 +0800
Jax plugin configuration error: Exception when calling jax_plugins.xla_cuda13.initialize()
Traceback (most recent call last):
  File "/home/shy/.local/lib/python3.12/site-packages/jax/_src/xla_bridge.py", line 495, in discover_pjrt_plugins
    plugin_module.initialize()
  File "/home/shy/.local/lib/python3.12/site-packages/jax_plugins/xla_cuda13/__init__.py", line 370, in initialize
    _check_cuda_versions(raise_on_first_error = True)
  File "/home/shy/.local/lib/python3.12/site-packages/jax_plugins/xla_cuda13/__init__.py", line 274, in _check_cuda_versions
    for d in range(cuda_versions.cuda_device_count())
                   ^^^^^^^^^^^^^^^^^^^^^^^^^^^^^^^^^
RuntimeError: jaxlib/cuda/versions_helpers.cc:135: operation cuInit(0) failed: CUDA_ERROR_NO_DEVICE
An NVIDIA GPU may be present on this machine, but a CUDA-enabled jaxlib is not installed. Falling back to cpu.
[integrated] dx= 100.0 ns=   66   3.53s peak=  2125.6 nml_new=    32 nml_old=    32 xor=    0 Lx= 1.000 Ly= 0.300 vol=  0.0320mm³ vol_fv=  0.0320mm³
[integrated] dx=  50.0 ns=  262   3.04s peak=  2349.1 nml_new=   415 nml_old=   415 xor=    0 Lx= 1.100 Ly= 0.500 vol=  0.0519mm³ vol_fv=  0.0519mm³
[integrated] dx=  25.0 ns= 1045   3.24s peak=  2479.0 nml_new=  3732 nml_old=  3704 xor=   28 Lx= 1.150 Ly= 0.550 vol=  0.0583mm³ vol_fv=  0.0581mm³
[integrated] dx=  12.5 ns= 4180   3.72s peak=  2518.0 nml_new= 34703 nml_old= 34061 xor=  642 Lx= 1.200 Ly= 0.563 vol=  0.0678mm³ vol_fv=  0.0672mm³
[point     ] dx= 100.0 ns=   66   0.76s peak=  2087.6 nml_new=    33 nml_old=    33 xor=    0 Lx= 1.000 Ly= 0.300 vol=  0.0330mm³ vol_fv=  0.0330mm³
[point     ] dx=  50.0 ns=  262   0.61s peak=  2123.1 nml_new=   383 nml_old=   383 xor=    0 Lx= 1.050 Ly= 0.400 vol=  0.0479mm³ vol_fv=  0.0479mm³
[point     ] dx=  25.0 ns= 1045   0.67s peak=  2170.5 nml_new=  3953 nml_old=  3869 xor=   84 Lx= 1.100 Ly= 0.450 vol=  0.0618mm³ vol_fv=  0.0611mm³
[point     ] dx=  12.5 ns= 4180   0.74s peak=  2214.5 nml_new= 39182 nml_old= 38262 xor=  920 Lx= 1.137 Ly= 0.463 vol=  0.0765mm³ vol_fv=  0.0756mm³

=== W1：dx=r(100µm) 相对最细档(12.5µm)的偏低比（新口径，同 model 内比） ===
  [integrated] 熔宽 Ly 偏低  46.67%（旧文案 45%）  计数熔体积偏低  52.79%（旧文案 36%）  fv 加权熔体积偏低  52.35%
  [point     ] 熔宽 Ly 偏低  35.14%（旧文案 45%）  计数熔体积偏低  56.88%（旧文案 36%）  fv 加权熔体积偏低  56.37%

=== W2：新口径四档峰值 vs §25.2 旧表（integrated） ===
  dx= 100.0µm  旧口径峰值=  2589.4K  新口径=  2125.6K  差=-17.91%
  dx=  50.0µm  旧口径峰值=  2670.3K  新口径=  2349.1K  差=-12.03%
  dx=  25.0µm  旧口径峰值=  2617.8K  新口径=  2479.0K  差= -5.30%
  dx=  12.5µm  旧口径峰值=  2586.6K  新口径=  2518.0K  差= -2.65%

阳性对照（xor 非零）：xor==0 的档 = [('integrated', 100.0), ('integrated', 50.0), ('point', 100.0), ('point', 50.0)]
