CMD: PYTHONPATH=src JAX_ENABLE_X64=1 /tmp/amvenv/bin/python docs/evidence/2026-10-07/am_t23_capacity_probe_delta.py   （GPU：不带 CUDA_VISIBLE_DEVICES=""）
TREE: head=c41d3b0 dirty_src=0
DATE: 2026-10-07 22:02:21 +0800
NOTE: #23 改前打分第 2 轮：把 δ=0 的 J2 扩到 O1 口径的「每个 δ、每对相邻档」。δ∈{0,0.25,0.5}·dx × dx∈{50,25,12.5}µm × mode∈{none,identity,fv f0=0.5,fv f0=0.25}＝36 次真实求解，monkeypatch 不动生产代码。与 CPU 全量验收 face 并发；K1 逐位对照是同进程内 none-vs-identity，计时/设备不进判据。预注册判据 K1..K4 写在脚本 docstring。
device = cuda:0
[none     f0=1.00] δ=0.00·dx dx= 50.0 nvox=   2925 ns=  262   4.45s peak=  2349.1 nml=   415 Ly= 0.500mm Vm= 0.0519mm3 刀锋=  1154 表面=  1154(min fv=0.50) Efv=1.9065 Efull=2.2310 calls={'div': 0, 'src': 0}
[none     f0=1.00] δ=0.00·dx dx= 25.0 nvox=  20825 ns= 1045   4.18s peak=  2479.0 nml=  3732 Ly= 0.550mm Vm= 0.0581mm3 刀锋=  4610 表面=  4610(min fv=0.50) Efv=2.0151 Efull=2.2036 calls={'div': 0, 'src': 0}
[none     f0=1.00] δ=0.00·dx dx= 12.5 nvox= 156849 ns= 4180  10.61s peak=  2518.0 nml= 34703 Ly= 0.563mm Vm= 0.0672mm3 刀锋= 18434 表面= 18434(min fv=0.50) Efv=2.0806 Efull=2.1825 calls={'div': 0, 'src': 0}
[none     f0=1.00] δ=0.25·dx dx= 50.0 nvox=   3640 ns=  262   2.40s peak=  2404.9 nml=   480 Ly= 0.500mm Vm= 0.0600mm3 刀锋=     0 表面=  1154(min fv=0.25) Efv=2.0089 Efull=2.0917 calls={'div': 0, 'src': 0}
[none     f0=1.00] δ=0.25·dx dx= 25.0 nvox=  23400 ns= 1045   2.90s peak=  2524.2 nml=  4277 Ly= 0.575mm Vm= 0.0665mm3 刀锋=     0 表面=  4610(min fv=0.25) Efv=2.0909 Efull=2.1386 calls={'div': 0, 'src': 0}
[none     f0=1.00] δ=0.25·dx dx= 12.5 nvox= 166600 ns= 4180  10.12s peak=  2538.7 nml= 37236 Ly= 0.588mm Vm= 0.0724mm3 刀锋=     0 表面= 18434(min fv=0.25) Efv=2.1263 Efull=2.1519 calls={'div': 0, 'src': 0}
[none     f0=1.00] δ=0.50·dx dx= 50.0 nvox=   3640 ns=  260   2.52s peak=  2430.5 nml=   488 Ly= 0.500mm Vm= 0.0610mm3 刀锋=     0 表面=   629(min fv=0.00) Efv=2.1360 Efull=2.1360 calls={'div': 0, 'src': 0}
[none     f0=1.00] δ=0.50·dx dx= 25.0 nvox=  23400 ns= 1026   2.88s peak=  2502.1 nml=  4114 Ly= 0.575mm Vm= 0.0643mm3 刀锋=     0 表面=  2272(min fv=0.00) Efv=2.1336 Efull=2.1336 calls={'div': 0, 'src': 0}
[none     f0=1.00] δ=0.50·dx dx= 12.5 nvox= 166600 ns= 4173  10.17s peak=  2558.2 nml= 37808 Ly= 0.550mm Vm= 0.0738mm3 刀锋=     0 表面= 22834(min fv=0.00) Efv=2.1609 Efull=2.1609 calls={'div': 0, 'src': 0}
[identity f0=1.00] δ=0.00·dx dx= 50.0 nvox=   2925 ns=  262   1.05s peak=  2349.1 nml=   415 Ly= 0.500mm Vm= 0.0519mm3 刀锋=  1154 表面=  1154(min fv=0.50) Efv=1.9065 Efull=2.2310 calls={'div': 2, 'src': 2}
[identity f0=1.00] δ=0.00·dx dx= 25.0 nvox=  20825 ns= 1045   1.37s peak=  2479.0 nml=  3732 Ly= 0.550mm Vm= 0.0581mm3 刀锋=  4610 表面=  4610(min fv=0.50) Efv=2.0151 Efull=2.2036 calls={'div': 2, 'src': 2}
[identity f0=1.00] δ=0.00·dx dx= 12.5 nvox= 156849 ns= 4180   7.56s peak=  2518.0 nml= 34703 Ly= 0.563mm Vm= 0.0672mm3 刀锋= 18434 表面= 18434(min fv=0.50) Efv=2.0806 Efull=2.1825 calls={'div': 2, 'src': 2}
[identity f0=1.00] δ=0.25·dx dx= 50.0 nvox=   3640 ns=  262   1.18s peak=  2404.9 nml=   480 Ly= 0.500mm Vm= 0.0600mm3 刀锋=     0 表面=  1154(min fv=0.25) Efv=2.0089 Efull=2.0917 calls={'div': 2, 'src': 2}
[identity f0=1.00] δ=0.25·dx dx= 25.0 nvox=  23400 ns= 1045   1.46s peak=  2524.2 nml=  4277 Ly= 0.575mm Vm= 0.0665mm3 刀锋=     0 表面=  4610(min fv=0.25) Efv=2.0909 Efull=2.1386 calls={'div': 2, 'src': 2}
[identity f0=1.00] δ=0.25·dx dx= 12.5 nvox= 166600 ns= 4180   8.65s peak=  2538.7 nml= 37236 Ly= 0.588mm Vm= 0.0724mm3 刀锋=     0 表面= 18434(min fv=0.25) Efv=2.1263 Efull=2.1519 calls={'div': 2, 'src': 2}
[identity f0=1.00] δ=0.50·dx dx= 50.0 nvox=   3640 ns=  260   1.17s peak=  2430.5 nml=   488 Ly= 0.500mm Vm= 0.0610mm3 刀锋=     0 表面=   629(min fv=0.00) Efv=2.1360 Efull=2.1360 calls={'div': 2, 'src': 2}
[identity f0=1.00] δ=0.50·dx dx= 25.0 nvox=  23400 ns= 1026   1.42s peak=  2502.1 nml=  4114 Ly= 0.575mm Vm= 0.0643mm3 刀锋=     0 表面=  2272(min fv=0.00) Efv=2.1336 Efull=2.1336 calls={'div': 2, 'src': 2}
[identity f0=1.00] δ=0.50·dx dx= 12.5 nvox= 166600 ns= 4173   8.65s peak=  2558.2 nml= 37808 Ly= 0.550mm Vm= 0.0738mm3 刀锋=     0 表面= 22834(min fv=0.00) Efv=2.1609 Efull=2.1609 calls={'div': 2, 'src': 2}
[fv       f0=0.50] δ=0.00·dx dx= 50.0 nvox=   2925 ns=  262   1.06s peak=  2461.3 nml=   482 Ly= 0.550mm Vm= 0.0580mm3 刀锋=  1154 表面=  1154(min fv=0.50) Efv=2.1300 Efull=2.5461 calls={'div': 2, 'src': 2}
[fv       f0=0.50] δ=0.00·dx dx= 25.0 nvox=  20825 ns= 1045   1.41s peak=  2563.0 nml=  4446 Ly= 0.550mm Vm= 0.0676mm3 刀锋=  4610 表面=  4610(min fv=0.50) Efv=2.1524 Efull=2.3703 calls={'div': 2, 'src': 2}
[fv       f0=0.50] δ=0.00·dx dx= 12.5 nvox= 156849 ns= 4180   7.80s peak=  2565.1 nml= 37982 Ly= 0.563mm Vm= 0.0731mm3 刀锋= 18434 表面= 18434(min fv=0.50) Efv=2.1577 Efull=2.2679 calls={'div': 2, 'src': 2}
[fv       f0=0.50] δ=0.25·dx dx= 50.0 nvox=   3640 ns=  262   1.02s peak=  2447.3 nml=   502 Ly= 0.550mm Vm= 0.0624mm3 刀锋=     0 表面=  1154(min fv=0.25) Efv=2.0795 Efull=2.1646 calls={'div': 2, 'src': 2}
[fv       f0=0.50] δ=0.25·dx dx= 25.0 nvox=  23400 ns= 1045   1.54s peak=  2555.0 nml=  4520 Ly= 0.575mm Vm= 0.0700mm3 刀锋=     0 表面=  4610(min fv=0.25) Efv=2.1314 Efull=2.1787 calls={'div': 2, 'src': 2}
[fv       f0=0.50] δ=0.25·dx dx= 12.5 nvox= 166600 ns= 4180   8.95s peak=  2555.8 nml= 38157 Ly= 0.588mm Vm= 0.0741mm3 刀锋=     0 表面= 18434(min fv=0.25) Efv=2.1480 Efull=2.1728 calls={'div': 2, 'src': 2}
[fv       f0=0.50] δ=0.50·dx dx= 50.0 nvox=   3640 ns=  260   1.07s peak=  2430.5 nml=   488 Ly= 0.500mm Vm= 0.0610mm3 刀锋=     0 表面=   629(min fv=0.00) Efv=2.1360 Efull=2.1360 calls={'div': 2, 'src': 2}
[fv       f0=0.50] δ=0.50·dx dx= 25.0 nvox=  23400 ns= 1026   1.46s peak=  2502.1 nml=  4114 Ly= 0.575mm Vm= 0.0643mm3 刀锋=     0 表面=  2272(min fv=0.00) Efv=2.1336 Efull=2.1336 calls={'div': 2, 'src': 2}
[fv       f0=0.50] δ=0.50·dx dx= 12.5 nvox= 166600 ns= 4173   8.77s peak=  2558.2 nml= 37808 Ly= 0.550mm Vm= 0.0738mm3 刀锋=     0 表面= 22834(min fv=0.00) Efv=2.1609 Efull=2.1609 calls={'div': 2, 'src': 2}
[fv       f0=0.25] δ=0.00·dx dx= 50.0 nvox=   2925 ns=  262   1.07s peak=  2461.3 nml=   482 Ly= 0.550mm Vm= 0.0580mm3 刀锋=  1154 表面=  1154(min fv=0.50) Efv=2.1300 Efull=2.5461 calls={'div': 2, 'src': 2}
[fv       f0=0.25] δ=0.00·dx dx= 25.0 nvox=  20825 ns= 1045   1.40s peak=  2563.0 nml=  4446 Ly= 0.550mm Vm= 0.0676mm3 刀锋=  4610 表面=  4610(min fv=0.50) Efv=2.1524 Efull=2.3703 calls={'div': 2, 'src': 2}
[fv       f0=0.25] δ=0.00·dx dx= 12.5 nvox= 156849 ns= 4180   8.03s peak=  2565.1 nml= 37982 Ly= 0.563mm Vm= 0.0731mm3 刀锋= 18434 表面= 18434(min fv=0.50) Efv=2.1577 Efull=2.2679 calls={'div': 2, 'src': 2}
[fv       f0=0.25] δ=0.25·dx dx= 50.0 nvox=   3640 ns=  262   1.15s peak=  2447.3 nml=   502 Ly= 0.550mm Vm= 0.0624mm3 刀锋=     0 表面=  1154(min fv=0.25) Efv=2.0944 Efull=2.1646 calls={'div': 2, 'src': 2}
[fv       f0=0.25] δ=0.25·dx dx= 25.0 nvox=  23400 ns= 1045   1.51s peak=  2555.0 nml=  4520 Ly= 0.575mm Vm= 0.0700mm3 刀锋=     0 表面=  4610(min fv=0.25) Efv=2.1386 Efull=2.1787 calls={'div': 2, 'src': 2}
[fv       f0=0.25] δ=0.25·dx dx= 12.5 nvox= 166600 ns= 4180   8.81s peak=  2555.8 nml= 38157 Ly= 0.588mm Vm= 0.0741mm3 刀锋=     0 表面= 18434(min fv=0.25) Efv=2.1516 Efull=2.1728 calls={'div': 2, 'src': 2}
[fv       f0=0.25] δ=0.50·dx dx= 50.0 nvox=   3640 ns=  260   1.08s peak=  2430.5 nml=   488 Ly= 0.500mm Vm= 0.0610mm3 刀锋=     0 表面=   629(min fv=0.00) Efv=2.1360 Efull=2.1360 calls={'div': 2, 'src': 2}
[fv       f0=0.25] δ=0.50·dx dx= 25.0 nvox=  23400 ns= 1026   1.67s peak=  2502.1 nml=  4114 Ly= 0.575mm Vm= 0.0643mm3 刀锋=     0 表面=  2272(min fv=0.00) Efv=2.1336 Efull=2.1336 calls={'div': 2, 'src': 2}
[fv       f0=0.25] δ=0.50·dx dx= 12.5 nvox= 166600 ns= 4173   8.80s peak=  2558.2 nml= 37808 Ly= 0.550mm Vm= 0.0738mm3 刀锋=     0 表面= 22834(min fv=0.00) Efv=2.1609 Efull=2.1609 calls={'div': 2, 'src': 2}

=== K1 逐位对照：生产(none) vs 恒等 patch(identity)，每个 (δ,dx) ===
  δ=0.00·dx dx= 50.0: 逐位=YES (peak 2349.067161971144 vs 2349.067161971144) 调用 div=2 src=2 ⇒ 看得见
  δ=0.00·dx dx= 25.0: 逐位=YES (peak 2478.9673107488034 vs 2478.9673107488034) 调用 div=2 src=2 ⇒ 看得见
  δ=0.00·dx dx= 12.5: 逐位=YES (peak 2517.9763844446547 vs 2517.9763844446547) 调用 div=2 src=2 ⇒ 看得见
  δ=0.25·dx dx= 50.0: 逐位=YES (peak 2404.8938323784323 vs 2404.8938323784323) 调用 div=2 src=2 ⇒ 看得见
  δ=0.25·dx dx= 25.0: 逐位=YES (peak 2524.228518794772 vs 2524.228518794772) 调用 div=2 src=2 ⇒ 看得见
  δ=0.25·dx dx= 12.5: 逐位=YES (peak 2538.6998093907205 vs 2538.6998093907205) 调用 div=2 src=2 ⇒ 看得见
  δ=0.50·dx dx= 50.0: 逐位=YES (peak 2430.5280035013825 vs 2430.5280035013825) 调用 div=2 src=2 ⇒ 看得见
  δ=0.50·dx dx= 25.0: 逐位=YES (peak 2502.102177047689 vs 2502.102177047689) 调用 div=2 src=2 ⇒ 看得见
  δ=0.50·dx dx= 12.5: 逐位=YES (peak 2558.1717595225746 vs 2558.1717595225746) 调用 div=2 src=2 ⇒ 看得见

=== K2 主判据：相邻档 peak 相对差（50↔25, 25↔12.5）[%]，每个 δ ===
  δ=0.00·dx  A 生产         =  5.240 /  1.549
  δ=0.00·dx  B fv f0=0.5  =  3.969 /  0.081
  δ=0.25·dx  A 生产         =  4.728 /  0.570
  δ=0.25·dx  B fv f0=0.5  =  4.215 /  0.033
  δ=0.50·dx  A 生产         =  2.861 /  2.192
  δ=0.50·dx  B fv f0=0.5  =  2.861 /  2.192

  ⇒ K2 结论：PASS：A 至少一对 ≥5% 且 B 在**每个 δ、每对相邻档**都 <5% ⇒ 域热容/剂量失配是 A0 档间漂移主因，fv 加权热容在所有对齐方式下都压住 ⇒ #23 按完整实现推进

=== K3 fv 下限灵敏度：f0=0.25 vs f0=0.5 的 peak 绝对差 [%]（只在 δ≠0 才有意义）===
  δ=0.00·dx: 50/25/12.5µm =  0.000 /  0.000 /  0.000（表面 fv=0.50）
  δ=0.25·dx: 50/25/12.5µm =  0.000 /  0.000 /  0.000（表面 fv=0.25）
  δ=0.50·dx: 50/25/12.5µm =  0.000 /  0.000 /  0.000（表面 fv=0.00）

=== K4 形态量：相邻档 Vm 相对差 [%]（不参与判据，照实写）===
  δ=0.00·dx  A =  10.70 /  13.49   B =  14.18 /   7.50
  δ=0.25·dx  A =   9.81 /   8.06   B =  10.76 /   5.54
  δ=0.50·dx  A =   5.10 /  12.95   B =   5.10 /  12.95

=== 记账：Efv/Efull（域热能 vs 满体素热能，逐位同源数组 ⇒ 差只来自离散口径）===
  δ=0.00·dx dx= 50.0: t_exp=0.0066s hcool·t_exp=3.28e-03 Efv/Efull=0.8546 nvox=2925 刀锋=1154 表面=1154
  δ=0.00·dx dx= 25.0: t_exp=0.0066s hcool·t_exp=3.28e-03 Efv/Efull=0.9144 nvox=20825 刀锋=4610 表面=4610
  δ=0.00·dx dx= 12.5: t_exp=0.0066s hcool·t_exp=3.28e-03 Efv/Efull=0.9533 nvox=156849 刀锋=18434 表面=18434
  δ=0.25·dx dx= 50.0: t_exp=0.0066s hcool·t_exp=3.28e-03 Efv/Efull=0.9604 nvox=3640 刀锋=0 表面=1154
  δ=0.25·dx dx= 25.0: t_exp=0.0066s hcool·t_exp=3.28e-03 Efv/Efull=0.9777 nvox=23400 刀锋=0 表面=4610
  δ=0.25·dx dx= 12.5: t_exp=0.0066s hcool·t_exp=3.28e-03 Efv/Efull=0.9881 nvox=166600 刀锋=0 表面=18434
  δ=0.50·dx dx= 50.0: t_exp=0.0065s hcool·t_exp=3.26e-03 Efv/Efull=1.0000 nvox=3640 刀锋=0 表面=629
  δ=0.50·dx dx= 25.0: t_exp=0.0064s hcool·t_exp=3.22e-03 Efv/Efull=1.0000 nvox=23400 刀锋=0 表面=2272
  δ=0.50·dx dx= 12.5: t_exp=0.0066s hcool·t_exp=3.28e-03 Efv/Efull=1.0000 nvox=166600 刀锋=0 表面=22834

FAILS: 无（K1 全组逐位等价且 patch 确在执行路径上）
K2: PASS：A 至少一对 ≥5% 且 B 在**每个 δ、每对相邻档**都 <5% ⇒ 域热容/剂量失配是 A0 档间漂移主因，fv 加权热容在所有对齐方式下都压住 ⇒ #23 按完整实现推进
elapsed=174s
exit=0
