CMD: CUDA_VISIBLE_DEVICES="" PYTHONPATH=/home/shy/桌面/2026年开发-显式冲击有限元-物质点法-sph-fvm+am/AM-Qoder/src JAX_ENABLE_X64=1 /tmp/amvenv/bin/python am_t2_support_threshold.py
TREE: head=af9fc89 dirty=32
DATE: 2026-10-07 21:20:18 +0800
NOTE: 本文件是第 2 次运行（第 1 次用 grep+tee 过滤了 JAX CPU-fallback traceback，未记 exit code ⇒ 重跑原始流并记 exit，两次输出正文一致）
Jax plugin configuration error: Exception when calling jax_plugins.xla_cuda13.initialize()
Traceback (most recent call last):
  File "/home/shy/.local/lib/python3.12/site-packages/jax/_src/xla_bridge.py", line 495, in discover_pjrt_plugins
    plugin_module.initialize()
  File "/home/shy/.local/lib/python3.12/site-packages/jax_plugins/xla_cuda13/__init__.py", line 370, in initialize
    _check_cuda_versions(raise_on_first_error = True)
  File "/home/shy/.local/lib/python3.12/site-packages/jax_plugins/xla_cuda13/__init__.py", line 274, in _check_cuda_versions
    for d in range(cuda_versions.cuda_device_count())
                   ^^^^^^^^^^^^^^^^^^^^^^^^^^^^^^^^^
RuntimeError: jaxlib/cuda/versions_helpers.cc:135: operation cuInit(0) failed: CUDA_ERROR_NO_DEVICE
An NVIDIA GPU may be present on this machine, but a CUDA-enabled jaxlib is not installed. Falling back to cpu.
=== T3/T1/T2：列底整数 + 两种阈值下的 needs 列数 ===
  plate(底面=z0 刀锋)        mask=new bottom(最小)= 0  阈值>=1 ⇒ needs 列数=  0
  plate(底面=z0 刀锋)        mask=new bottom(最小)= 0  阈值>=2 ⇒ needs 列数=  0
  plate(底面=z0 刀锋)        mask=old bottom(最小)= 1  阈值>=1 ⇒ needs 列数=  4
  plate(底面=z0 刀锋)        mask=old bottom(最小)= 1  阈值>=2 ⇒ needs 列数=  0
  floating(离板 1 体素)      mask=new bottom(最小)= 1  阈值>=1 ⇒ needs 列数=  4
  floating(离板 1 体素)      mask=new bottom(最小)= 1  阈值>=2 ⇒ needs 列数=  0
  floating(离板 1 体素)      mask=old bottom(最小)= 2  阈值>=1 ⇒ needs 列数=  4
  floating(离板 1 体素)      mask=old bottom(最小)= 2  阈值>=2 ⇒ needs 列数=  4

=== 出厂组合的 support_auto 实测体积占比 ===
  plate(底面=z0 刀锋)        volume_fraction=0.000000  contact_area=0.000000e+00
  floating(离板 1 体素)      volume_fraction=0.018519  contact_area=1.600000e-07

=== 记分 ===
FAILS: 无（T1/T2/T3 全部成立）
exit=0
