CMD: CUDA_VISIBLE_DEVICES="" PYTHONPATH=/home/shy/桌面/2026年开发-显式冲击有限元-物质点法-sph-fvm+am/AM-Qoder/src JAX_ENABLE_X64=1 /tmp/amvenv/bin/python am_t2_a0_alignment.py
TREE: head=af9fc89 dirty=20
DATE: 2026-10-07 20:37:10 +0800
Jax plugin configuration error: Exception when calling jax_plugins.xla_cuda13.initialize()
Traceback (most recent call last):
  File "/home/shy/.local/lib/python3.12/site-packages/jax/_src/xla_bridge.py", line 495, in discover_pjrt_plugins
    plugin_module.initialize()
  File "/home/shy/.local/lib/python3.12/site-packages/jax_plugins/xla_cuda13/__init__.py", line 370, in initialize
    _check_cuda_versions(raise_on_first_error = True)
  File "/home/shy/.local/lib/python3.12/site-packages/jax_plugins/xla_cuda13/__init__.py", line 274, in _check_cuda_versions
    for d in range(cuda_versions.cuda_device_count())
                   ^^^^^^^^^^^^^^^^^^^^^^^^^^^^^^^^^
RuntimeError: jaxlib/cuda/versions_helpers.cc:135: operation cuInit(0) failed: CUDA_ERROR_NO_DEVICE
An NVIDIA GPU may be present on this machine, but a CUDA-enabled jaxlib is not installed. Falling back to cpu.
=== Q1/Q2：同档不同体素对齐的峰值抖动（#19 后的容差掩膜） ===
  dx= 50.0 µm  δ=0.00·dx  峰值= 2349.07 K  刀锋体素数=   1154  Σfv·dx³/V设计−1=+1.910%  形状=(25, 13, 9)
  dx= 50.0 µm  δ=0.25·dx  峰值= 2404.89 K  刀锋体素数=      0  Σfv·dx³/V设计−1=+0.955%  形状=(26, 14, 10)
  dx= 50.0 µm  δ=0.50·dx  峰值= 2433.15 K  刀锋体素数=      0  Σfv·dx³/V设计−1=-0.000%  形状=(26, 14, 10)
  ⇒ J(50.0µm) = 3.46%   δ=0 相对 δ 族中位数的偏离 = 2.89%
  dx= 25.0 µm  δ=0.00·dx  峰值= 2478.97 K  刀锋体素数=   4610  Σfv·dx³/V设计−1=+0.477%  形状=(49, 25, 17)
  dx= 25.0 µm  δ=0.25·dx  峰值= 2524.23 K  刀锋体素数=      0  Σfv·dx³/V设计−1=+0.239%  形状=(50, 26, 18)
  dx= 25.0 µm  δ=0.50·dx  峰值= 2565.18 K  刀锋体素数=      0  Σfv·dx³/V设计−1=-0.000%  形状=(50, 26, 18)
  ⇒ J(25.0µm) = 3.36%   δ=0 相对 δ 族中位数的偏离 = 2.58%

=== Q3：剂量口径（Σfv·dx³ 对设计体积）随 dx 单调收敛 ===
  dx=50/25 µm 偏差 = +1.910% / +0.477% ⇒ 单调减小 PASS

=== 对照：把 A0 断言的两档在 δ=0.25dx（无刀锋）下重跑一遍 ===
  无刀锋对齐：50µm 峰值=2404.89K  25µm 峰值=2524.23K  差=4.73% ⇒ <5% A0 条在同（与掩膜无关的档位）成立

=== 记分 ===
FAILS: 无
注：本探针不判 A0 断言本身红绿，只判它的**根因归属**。
exit=0
