CMD: CUDA_VISIBLE_DEVICES="" /tmp/amvenv/bin/python docs/evidence/2026-10-07/am_t3_int_ratio_census.py
TREE: head=c41d3b0 dirty_src=0
DATE: 2026-10-07 21:42:48 +0800
NOTE: 纯算术普查（表达式逐条照抄自 src，含文件:行号）。运行期间全量验收 face 在跑（CPU 固定，计时不进入任何断言）。本 log 覆盖同日 21:44 的首次运行（同一脚本、只多打印翻转参数对清单）。
参数对 26 组 × 表达式 9 条 × 拼写 4 种

表达式                                                        翻转组数    off-by-one 组数
--------------------------------------------------------------------------------
geometry.py:127 _grid_axes（D4 已吸附，正对照）                        0                0
core/contracts.py:190 layer_count                             4                4
                                                       例：10000µm / 50µm -> [200, 201]
                                                       例：10000µm / 25µm -> [400, 401]
geometry.py:415 add_baseplate n_add                           4                4
                                                       例：10000µm / 50µm -> [200, 201]
                                                       例：10000µm / 25µm -> [400, 401]
geometry.py:449 layer_z_heights n                             4                4
                                                       例：10000µm / 50µm -> [200, 201]
                                                       例：10000µm / 25µm -> [400, 401]
geometry.py:521 crop_to_part pad                              4                4
                                                       例：10000µm / 50µm -> [200, 201]
                                                       例：10000µm / 25µm -> [400, 401]
process.py:501 n_line                                         4                4
                                                       例：10000µm / 50µm -> [200, 201]
                                                       例：10000µm / 25µm -> [400, 401]
powder.py:238-240 晶格 nx/ny/nz                                 9                9
                                                       例：600µm / 30µm -> [20, 21]
                                                       例：600µm / 25µm -> [24, 25]
powder.py:391-396 DEM nx/ny                                   9                9
                                                       例：600µm / 30µm -> [20, 21]
                                                       例：600µm / 25µm -> [24, 25]
gui/preproc.py:128 n_lines                                    9                9
                                                       例：600µm / 30µm -> [20, 21]
                                                       例：600µm / 25µm -> [24, 25]

未吸附且实测会翻转的站点 = 8 条

=== 全部翻转参数对（ceil 族 / floor 族各一次列出，比值与真值照实）===
     600.0µm /   30.0µm = 精确 20 -> 浮点比值 ['19.999999999999996', '19.999999999999996', '20.0', '20.0'] | ceil 族 [20]（真值 20）| floor+1 族 [20, 21]（真值 21）
     600.0µm /   25.0µm = 精确 24 -> 浮点比值 ['23.999999999999996', '23.999999999999996', '24.0', '23.999999999999996'] | ceil 族 [24]（真值 24）| floor+1 族 [24, 25]（真值 25）
     600.0µm /   60.0µm = 精确 10 -> 浮点比值 ['9.999999999999998', '9.999999999999998', '10.0', '10.0'] | ceil 族 [10]（真值 10）| floor+1 族 [10, 11]（真值 11）
     600.0µm /   40.0µm = 精确 15 -> 浮点比值 ['14.999999999999998', '14.999999999999998', '15.0', '14.999999999999998'] | ceil 族 [15]（真值 15）| floor+1 族 [15, 16]（真值 16）
    1200.0µm /   60.0µm = 精确 20 -> 浮点比值 ['19.999999999999996', '19.999999999999996', '20.0', '20.0'] | ceil 族 [20]（真值 20）| floor+1 族 [20, 21]（真值 21）
    1200.0µm /   30.0µm = 精确 40 -> 浮点比值 ['39.99999999999999', '39.99999999999999', '40.0', '40.0'] | ceil 族 [40]（真值 40）| floor+1 族 [40, 41]（真值 41）
    1200.0µm /   12.5µm = 精确 96 -> 浮点比值 ['95.99999999999999', '95.99999999999999', '96.0', '95.99999999999999'] | ceil 族 [96]（真值 96）| floor+1 族 [96, 97]（真值 97）
    1200.0µm /  100.0µm = 精确 12 -> 浮点比值 ['11.999999999999998', '11.999999999999998', '12.0', '11.999999999999998'] | ceil 族 [12]（真值 12）| floor+1 族 [12, 13]（真值 13）
   10000.0µm /   50.0µm = 精确 200 -> 浮点比值 ['200.0', '200.0', '200.00000000000003', '200.0'] | ceil 族 [200, 201]（真值 200）| floor+1 族 [201]（真值 201）
   10000.0µm /   25.0µm = 精确 400 -> 浮点比值 ['400.0', '400.0', '400.00000000000006', '400.0'] | ceil 族 [400, 401]（真值 400）| floor+1 族 [401]（真值 401）
   10000.0µm /   12.5µm = 精确 800 -> 浮点比值 ['800.0', '800.0', '800.0000000000001', '800.0'] | ceil 族 [800, 801]（真值 800）| floor+1 族 [801]（真值 801）
    2500.0µm /   50.0µm = 精确 50 -> 浮点比值 ['50.0', '50.0', '50.00000000000001', '50.0'] | ceil 族 [50, 51]（真值 50）| floor+1 族 [51]（真值 51）
     300.0µm /   30.0µm = 精确 10 -> 浮点比值 ['9.999999999999998', '9.999999999999998', '10.0', '10.0'] | ceil 族 [10]（真值 10）| floor+1 族 [10, 11]（真值 11）
FAILS: 无（但结论是『T1 同型缺陷仍散布在未吸附站点』，需登记任务）
exit=0
