CMD: PYTHONPATH=src JAX_ENABLE_X64=1 /tmp/amvenv/bin/python docs/evidence/2026-10-07/am_t25_isoattrib_probe.py   （GPU：不带 CUDA_VISIBLE_DEVICES=""）
TREE: head=c41d3b0 dirty_src=5
DATE: 2026-10-07 22:46:52 +0800
NOTE: #25 第 2 轮＝**归因**探针（无 monkeypatch，只读生产解的后处理）。第 1 轮 am_t25_aperture_probe.log 已判「面开口度不是 Vn 不收敛的主因」（7 变体×每 δ 每档对 N2 全不入选）。本轮分叉：Vn 的 11% 漂移是「体素中心＋硬阈值计数」的口径项 (i)，还是「场本身 O(dx) 偏差」(ii)。工具＝过 argmax 的三条轴上的**最外侧等温交叉点**（线性插值，Lx/Ly/Lz）。预注册 C1/C2/E1/E2 在脚本 docstring；C1/C2 未过则 sys.exit(1) 全轮作废。诚实记录：第 1 次草稿想用 θ=clip(0.5+(F−TL)/(|∇F|dx)) 作亚格体积，自检实测其在圆界面只有 p≈0.34/−1.04（斜界面单元沿法向跨度≠dx 未修正）⇒ 该量本轮降级为量级参考 Vθ，不进判据。规模 2 δ × 3 档＝6 次真实求解＋3 个合成自检。与 CPU 全量 face 无冲突（该 face 已于 22:36 结束：1 failed, 217 passed, 3 skipped）。
RESTARTED: 22:38 那次 exit=1 是**我的调用 bug**——'coupon(dx, frac)' 传的是多少倍 dx而不是绝对位移，δ=0.25 被当成 0.25 m ⇒ 栅格 10025³、numpy 拒分配 7.31 TiB 而崩。那次已跑完的 δ=0 三档数字有效且被本次复跑取代：Lx 1.144/1.168/1.174、Ly 0.546/0.567/0.566、Lz 0.192/0.197/0.206 mm，Vn 0.05188/0.05831/0.06778 mm³（C1 两行逐位 0.000e+00、C2 p=2.34/1.83 均 PASS）。本次修正为 'coupon(dx, frac*dx)'。【第 3 次落盘】22:42 那次跑完成功（exit=0，elapsed=51s，E1 判定与下面一致），但 log 头部被我写的 RESTARTED 行里的反引号污染——bash 把它当命令替换执行了。本次仅为修复头部，物理数字应与 22:42 那次逐位相同（同 head、同 device、同夹具、无随机性）。
=== C1 正对照：解析平面/斜平面的交点应逐位命中（半空间⇒取内端 lo） ===
  F=x（轴对齐）: lo=5.172999999999999821e-01 解析=5.172999999999999821e-01 相对误差=0.000e+00 ⇒ PASS
  F=x+y（斜 45°）: lo=8.290945945945944473e-01 解析=8.290945945945944473e-01 相对误差=0.000e+00 ⇒ PASS

=== C2 阶对照：圆界面 F=−((x−.5)²+(y−.5)²)、level=−r0² ⇒ {F>level}=圆盘 ===
  k= 40 d=0.02564  交点=0.913313811290 解析=0.913700000000 绝对误差=3.862e-04
  k= 80 d=0.01266  交点=0.913623462465 解析=0.913700000000 绝对误差=7.654e-05
  k=160 d=0.00629  交点=0.913678518720 解析=0.913700000000 绝对误差=2.148e-05
  ⇒ 表观阶 p=2.34/1.83（要求 1.5–3.0）；误差非零=True

=== 生产求解 + 几何量（无 patch；场＝th.peak_temperature，逐体素峰值） ===
  T_liquidus=1723.0 K  device=cuda:0
  δ=0.00·dx dx= 50.0 nvox=   2925 peak= 2349.1 熔体素=   415 Lx= 1.144 Ly= 0.546 Lz= 0.192 mm | Vn=0.05188 Vm=0.05188 Vθ=0.06837 mm³ 界面单元=   703
  δ=0.00·dx dx= 25.0 nvox=  20825 peak= 2479.0 熔体素=  3732 Lx= 1.168 Ly= 0.567 Lz= 0.197 mm | Vn=0.05831 Vm=0.05809 Vθ=0.06713 mm³ 界面单元=  3836
  δ=0.00·dx dx= 12.5 nvox= 156849 peak= 2518.0 熔体素= 34703 Lx= 1.174 Ly= 0.566 Lz= 0.206 mm | Vn=0.06778 Vm=0.06715 Vθ=0.07115 mm³ 界面单元= 12360
  δ=0.25·dx dx= 50.0 nvox=   2304 peak= 2404.9 熔体素=   480 Lx= 1.149 Ly= 0.558 Lz= 0.195 mm | Vn=0.06000 Vm=0.06000 Vθ=0.08597 mm³ 界面单元=  1070
  δ=0.25·dx dx= 25.0 nvox=  18432 peak= 2524.2 熔体素=  4277 Lx= 1.157 Ly= 0.563 Lz= 0.198 mm | Vn=0.06683 Vm=0.06653 Vθ=0.07982 mm³ 界面单元=  5146
  δ=0.25·dx dx= 12.5 nvox= 147456 peak= 2538.7 熔体素= 37236 Lx= 1.172 Ly= 0.589 Lz= 0.215 mm | Vn=0.07273 Vm=0.07236 Vθ=0.07855 mm³ 界面单元= 19492

=== E1 主判据：三个几何量在每个 δ、每对相邻档是否都 <5% ===
  δ=0.00·dx  50.0↔ 25.0µm: Lx  2.012%  Ly  3.648%  Lz  2.578%  ‖ Vn 11.040%  ⇒ 几何全 <5%
  δ=0.00·dx  25.0↔ 12.5µm: Lx  0.549%  Ly  0.179%  Lz  4.412%  ‖ Vn 13.967%  ⇒ 几何全 <5%
  δ=0.25·dx  50.0↔ 25.0µm: Lx  0.682%  Ly  0.902%  Lz  1.552%  ‖ Vn 10.217%  ⇒ 几何全 <5%
  δ=0.25·dx  25.0↔ 12.5µm: Lx  1.237%  Ly  4.540%  Lz  7.534%  ‖ Vn  8.110%  ⇒ 几何有 ≥5%
  Lx δ=0.00·dx 三档 1.14413→1.16762→1.17407 表观阶 p= 1.87
  Lx δ=0.25·dx 三档 1.14913→1.15702→1.17151 表观阶 p=-0.88
  Ly δ=0.00·dx 三档 0.54630→0.56698→0.56596 表观阶 p=  --（差分变号）
  Ly δ=0.25·dx 三档 0.55755→0.56262→0.58938 表观阶 p=-2.40
  Lz δ=0.00·dx 三档 0.19187→0.19695→0.20604 表观阶 p=-0.84
  Lz δ=0.25·dx 三档 0.19539→0.19847→0.21464 表观阶 p=-2.39
  Vn δ=0.00·dx 三档 0.05188→0.05831→0.06778 表观阶 p=-0.56
  Vn δ=0.25·dx 三档 0.06000→0.06683→0.07273 表观阶 p= 0.21

  ⇒ 判定：几何量本身在粗档 ≥5% ⇒ 归因 (ii)：场有 O(dx) 偏差，候选 2/3 保留

=== E2 量级核对：|Vθ−Vn| ≤ N_iface·dx³/2 且相对口径项随 dx 单调下降 ===
  δ=0.00·dx dx= 50.0: |Vθ−Vn|=0.01649mm³ 上界=0.04394 比值= 0.38 相对=31.79% Vθ/Vn=1.3179
  δ=0.00·dx dx= 25.0: |Vθ−Vn|=0.00882mm³ 上界=0.02997 比值= 0.29 相对=15.12% Vθ/Vn=1.1512
  δ=0.00·dx dx= 12.5: |Vθ−Vn|=0.00337mm³ 上界=0.01207 比值= 0.28 相对= 4.97% Vθ/Vn=1.0497
     单调下降：是
  δ=0.25·dx dx= 50.0: |Vθ−Vn|=0.02597mm³ 上界=0.06688 比值= 0.39 相对=43.29% Vθ/Vn=1.4329
  δ=0.25·dx dx= 25.0: |Vθ−Vn|=0.01299mm³ 上界=0.04020 比值= 0.32 相对=19.44% Vθ/Vn=1.1944
  δ=0.25·dx dx= 12.5: |Vθ−Vn|=0.00582mm³ 上界=0.01904 比值= 0.31 相对= 8.00% Vθ/Vn=1.0800
     单调下降：是

=== 记分 ===
FAILS: 无
注：extents/Vθ 是**归因诊断**，不得替换 A0 的 assert2 观测量；5% 未放宽、δ 未挑、档对未挑。
elapsed=50s
exit=0
