CMD: CUDA_VISIBLE_DEVICES="" PYTHONPATH=src JAX_ENABLE_X64=1 /tmp/amvenv/bin/python -m pytest tests/test_support.py tests/test_gui_preproc.py tests/test_enthalpy_thermal.py -q -rs; 以及同参数单跑 tests/test_boundary.py -k convection
TREE: head=c41d3b0 dirty_src=5
DATE: 2026-10-07 22:52:42 +0800
NOTE: #26＝#19 口径收敛的收尾。全树普查实得 **6 处活码位点**（§26.17 草稿只登记 1 处、计划文档
  §J 末条登记 4 处，两边都少）：test_support.py :50/:77/:125、test_boundary.py:156、
  test_gui_preproc.py:27、test_enthalpy_thermal.py:96（该处是测试**手写的参考求解器**的 mask），
  另加 contracts.py:980 的 SupportStructure.support_mask docstring **方向写反**（说 mask 是
  "support_sdf<0 的占位"，实际 support_sdf 由 mask 合成 (0.5−mask)·spacing，support.py:150）。
  逐位点先量 Δn（=solid_mask 与 sdf<0 的实体数差，证据 am_t26_bare_sdf_census.log）：
  +4/+4/0/+24/0 ⇒ :77/:125/:156/:27 换口径是**可证无操作**（重叠和两种口径同为 0、sup_only
  单元数 4＝4、Δn=0），:50 动 4 个刀锋单元，:96 动 24 个且判据余量 224.95→258.01K（**断言未动**）。
  预期红灯只有 A0 的 test_meltpool_converges_across_beam_resolving_grids（#19 起登记的已知红，
  判据 5% 未放宽）。dirty_src 应为 5（4 个测试文件＋contracts.py）。
RESTARTED: 取代 22:47 那次。那次段 1＝1 failed/26 passed（唯一失败正是 A0，峰值
  2349.0671619711457 vs 2478.9673107488034，与全量逐位相同 ⇒ #26 的改动没动它）；段 2 红是
  **我自己的缺陷**：solid_mask 返回 ∈{0,1} 的「同 dtype 数值」数组
  （contracts.py: (a < tol).astype(a.dtype)），**不是 bool**，所以我写的
  np.asarray(solid_mask(...)) 直接当布尔索引 ⇒ IndexError: arrays used as indices must be of
  integer (or boolean) type。已补 "> 0.5"（test_boundary:156、test_gui_preproc:27；其余四处
  原本就带 >0.5），并把这条 dtype 陷阱写进测试注释。本次同时把 log 头部改成带引号 heredoc。
..........................F                                              [100%]
=================================== FAILURES ===================================
_____________ test_meltpool_converges_across_beam_resolving_grids ______________

    def test_meltpool_converges_across_beam_resolving_grids():
        """A0 的核心可验证承诺：**能分辨光斑的两档网格**给出同一熔池。
    
        判据（5%）**不放宽**；本测试自 #19 起为**已知红灯**，下面是它红的确切数字与归属，
        不是解释性辩护。取数条件：试片 1.2×0.6×0.4mm、600W/0.8m·s⁻¹/r=100µm/η=0.45、
        integrated 源、步数由 CFL 自动推导、CPU 钉住（CUDA_VISIBLE_DEVICES=""）。
        证据：docs/evidence/2026-10-07/am_t2_a0_test_mirror.log、am_t2_a0_observable.log、
        am_t2_a0_alignment.log、am_t2_domain_mass.log（HEAD af9fc89 + #19 工作树）。
    
        (1) 本测试自己的口径（δ=0：试片表面恰落在节点上，即 `_coupon` 的刀锋对齐）
              dx=50µm   峰值 2349.07K  熔体积 0.05187mm³(415 体素)
              dx=25µm   峰值 2478.97K  熔体积 0.05831mm³(3732 体素)
              dx=12.5µm 峰值 2517.98K  熔体积 0.06778mm³
            ⇒ 断言 1 峰值差 5.24%（超出判据 0.24 个百分点，pytest 在此即中止）；断言 2 单独评估为
              熔体积差 11.04%（取自镜像探针 `am_t2_a0_test_mirror.log`，同口径同对齐）⇒ 两条**同红**。
            加密不变冷（断言 3）仍通过。
            2026-10-06 登记的旧数（峰值 2670.3/2617.8K、差 1.96%；体积 0.0687/0.0715mm³、差 3.92%）
            是**旧严格掩膜 `sdf<0`** 下的数，已不可复现；旧绿里含一份口径补偿误差，见 (3)。
    
        (2) 换指标被跑前登记的 O1 判据否掉（`am_t2_a0_observable.py:90-125`：观测量入选
            ⇔ 对**每一种 δ** 且**每一对相邻档**都 <5%，不许挑对齐、不许挑档对）：
                 观测量     50↔25(δ∈{0,.25})  25↔12.5(δ∈{0,.25})  50↔25(δ=0.5)
                 峰值 T            5.24%              1.55%            5.15%
                 Vm(fv 加权)      10.70%             13.49%            1.13%
                 Vn(体素计数)     11.04%             13.97%            1.13%
                 ΔH(焓升)          9.74%              5.32%            4.66%
            ⇒ **四项全不入选**：本轮没有可靠的网格收敛观测量，A0 保持红灯，不换指标。
    
        (3) 已量化的一阶成因（同一轮实测，不是推测）：#19 把实体掩膜改成容差 `sdf<1e-12` 后，
            δ=0 的刀锋面被**整层计入**计算域，而 `thermal_enthalpy` 给部分填充体素配的是
            **满体素热容**（右端项 `fv·dH/dt = lap + fv·Q − fv·cool` 里 `lap` 未除回 fv）。
            于是域热容 / 设计体积 = 1.2695×(50µm) / 1.1298×(25µm) / 1.0637×(12.5µm)，而剂量
            Σfv·dx³ 只有 1.0191 / 1.0048 / 1.0012×——**粗网格凭空多出 24.6%/12.4%/6.2% 的热容**
            （O(dx)、随加密单调消失；旧 `sdf<0` 是另一侧的 0.8785/0.9384/0.9690×，两错反向，
            所以旧档对差被补偿成"看似收敛"）。修法与前置条件登记为任务 **#23**（cut-cell 热容按
            fv 加权 + 计算域取 fv>0 + 重验 CFL/Σfrac 守恒），它是 #10/A3 峰值与熔池形态对比的
            可信度前置。
            ⚠ 照实记边界：这只解释 δ=0 一侧；熔体积 Vm/Vn 在**每一种 δ** 下都超 5%（δ=0.25 的
            50↔25 仍 9.8%），说明还至少有一个机制未被 #23 覆盖，不得宣称 #23 会转绿。
    
        (4) 对齐抖动量级（同档、三种 δ 的极差，`am_t2_a0_alignment.log`）：峰值 3.46%(50µm)/
            3.36%(25µm)，即与档对差同量级 ⇒ 当前噪声地板不足以把"1.55% vs 5.24%"读成收敛结论。
    
        dx=100µm(=r) 档不在本判据内：求解器对它发「熔池形态不可信」警告（真实空间欠分辨）。
        """
        ext = (1.2e-3, 0.6e-3, 0.4e-3)
        pl = _coupon_plan(ext)
        out = []
        for dx_um in (50., 25.):
            dx = dx_um * 1e-6
            g = _coupon(dx, ext)
            th = solve_enthalpy_thermal(geometry=g, process=pl,
                                        params={"material": "316L"})
            # 口径：#19 后统一用 solid_mask（实测对本观测量：50µm 档 0 个体素、25µm 档 28 个体素
            # =+0.76% 的差异；全域异或 901/3529 体素为阳性对照，见 am_t2_a0_test_mirror.log）
            melted = (th.peak_temperature > get_material("316L").T_liquidus) & (solid_mask(g.sdf) > 0.5)
            n = int(jnp.sum(melted))
            assert n > 0, f"dx={dx_um}µm 应发生熔化（历史缺陷：加密反而不熔）"
            out.append((float(jnp.max(th.peak_temperature)), n * dx ** 3 * 1e9))
        pk_c, vol_c = out[0]
        pk_f, vol_f = out[1]
>       assert abs(pk_c - pk_f) / max(pk_c, pk_f) < 0.05, f"峰值不收敛：{pk_c} vs {pk_f}"
E       AssertionError: 峰值不收敛：2349.0671619711457 vs 2478.9673107488034
E       assert (129.9001487776577 / 2478.9673107488034) < 0.05
E        +  where 129.9001487776577 = abs((2349.0671619711457 - 2478.9673107488034))
E        +  and   2478.9673107488034 = max(2349.0671619711457, 2478.9673107488034)

tests/test_enthalpy_thermal.py:367: AssertionError
1 failed, 26 passed in 74.17s (0:01:14)
--- 单跑 test_boundary.py -k convection ---
.                                                                        [100%]
1 passed, 6 deselected in 8.90s
pytest 第 1 段 exit=1；第 2 段 exit=0
elapsed=87s
exit=1
