① 本地 HEAD = 547dbf9b6ef633cf5808ea46d6461a83d415ab9c
① ls-remote refs/heads/main = 547dbf9b6ef633cf5808ea46d6461a83d415ab9c  -> MATCH
② truncated=False，tree 条目 715 = blob 648 + tree 67
② 本地 blob = 648，父提交 = 623
② 本片文件 31 个 = 新增 25 + 修改 6
② 闭合式 远端 648 == 父提交 623 + 新增 25 = 648 -> PASS
③ 路径差集：本地独有 0/648  远端独有 0/648
④ 全库共有 648 条 ⇒ blob SHA 不符 0/648
④ 本片 31 文件（A 25／M 6）单列复核 ⇒ 远端缺失 0/31，SHA 不符 0/31，MATCH 31/31
   MATCH  M  '.workbuddy/memory/2026-10-09.md'
   MATCH  M  '.workbuddy/memory/MEMORY.md'
   MATCH  A  'docs/evidence/2026-10-09/_raw_s18_full.log'
   MATCH  A  'docs/evidence/2026-10-09/_raw_s18_post_fingerprint.json'
   MATCH  A  'docs/evidence/2026-10-09/_raw_s18_pre_fingerprint.json'
   MATCH  A  'docs/evidence/2026-10-09/_raw_s18_probe.err'
   MATCH  A  'docs/evidence/2026-10-09/_raw_s18_probe.out'
   MATCH  A  'docs/evidence/2026-10-09/_raw_s18_probe_diff.txt'
   MATCH  A  'docs/evidence/2026-10-09/_raw_s18_probe_post.err'
   MATCH  A  'docs/evidence/2026-10-09/_raw_s18_probe_post.out'
   MATCH  A  'docs/evidence/2026-10-09/_raw_s18_receipt.err'
   MATCH  A  'docs/evidence/2026-10-09/_raw_s18_receipt.out'
   MATCH  A  'docs/evidence/2026-10-09/_raw_s18_side.log'
   MATCH  A  'docs/evidence/2026-10-09/_raw_s18_targeted.out'
   MATCH  A  'docs/evidence/2026-10-09/_raw_verify24.err'
   MATCH  A  'docs/evidence/2026-10-09/_raw_verify24.out'
   MATCH  A  'docs/evidence/2026-10-09/am_s18_full_run.sh'
   MATCH  A  'docs/evidence/2026-10-09/am_s18_probe_pre.py'
   MATCH  A  'docs/evidence/2026-10-09/am_s18_side_run.sh'
   MATCH  A  'docs/evidence/2026-10-09/am_s18_wiring_receipt.py'
   MATCH  A  'docs/evidence/2026-10-09/am_s24_hdr.py'
   MATCH  A  'docs/evidence/2026-10-09/am_s25_docs.py'
   MATCH  A  'docs/evidence/2026-10-09/am_s25_msg.py'
   MATCH  A  'docs/evidence/2026-10-09/am_s7_verify24.log'
   MATCH  A  'docs/evidence/2026-10-09/am_s7_verify24.py'
   MATCH  M  'docs/开发日志.md'
   MATCH  M  'docs/项目开发总览.md'
   MATCH  M  'docs/项目评估与下一步计划_2026-10-06.md'
   MATCH  A  'src/amforge/scan_program.py'
   MATCH  M  'src/amforge/thermal_enthalpy.py'
   MATCH  A  'tests/test_scan_program.py'
⑤ 正对照 A（远端 .workbuddy/memory/2026-08-16.md 的 sha 首位改 f）⇒ 不符 1/648（必须 ≥1）
⑤ 正对照 B（远端删一条路径）⇒ 本地独有 1/648，远端独有 0/647
⑤ 正对照 C（闭合式右边 +1）⇒ 648 == 649 判 FAIL（须 FAIL）
⑤ 正对照 D（远端删本片一条路径）⇒ 本片缺失 1/31，SHA 不符 0/31（缺失数必须＝1，否则单列复核是空转）
LANDING_VERDICT = ALL CHECKS PASS
