CMD: CUDA_VISIBLE_DEVICES= JAX_ENABLE_X64=1 PYTHONPATH=src /tmp/amvenv/bin/python -m pytest --collect-only -q -p no:cacheprovider
DATE: 2026-10-09 10:16:43 +0800（全量面跑到一半时同树取，见下方指纹）
TREE: head=c34a2e1 dirty=1  FINGER(启动器口径)=4a5a257efaf3251badbdfbfb10ecec4b
tests/test_beam_convention.py::test_beam_radius_is_the_one_over_e_squared_radius
tests/test_beam_convention.py::test_two_spellings_of_the_decay_are_bitwise_identical
tests/test_beam_convention.py::test_inplane_integral_is_half_pi_r_squared
tests/test_beam_convention.py::test_moving_source_plane_sigma_matches_contract
tests/test_beam_convention.py::test_default_meltpool_fdm_source_sigma_and_power
tests/test_beam_convention.py::test_cell_integrated_default_still_conforms
tests/test_beam_convention.py::test_diffmech_width_matches_amforge
tests/test_boundary.py::test_face_mask_axis_locations_3d
tests/test_boundary.py::test_face_mask_z_empty_for_2d
tests/test_boundary.py::test_boundary_collection_roundtrip
tests/test_boundary.py::test_boundary_condition_validation
tests/test_boundary.py::test_dirichlet_holds_base_temperature
tests/test_boundary.py::test_convection_removes_energy
tests/test_boundary.py::test_initial_condition_preheat
tests/test_calibration.py::test_calibration_fits_known_material
tests/test_calibration.py::test_calibration_report_pytree_roundtrip
tests/test_calibration.py::test_make_experiments_from_dicts_and_process_from_dict
tests/test_calibration.py::test_cli_calibrate_roundtrip
tests/test_default_solver_numerical.py::test_amforge_default_meltpool_is_numerical
tests/test_default_solver_numerical.py::test_amforge_default_thermal_is_numerical
tests/test_default_solver_numerical.py::test_amforge_analytical_excluded_by_default_but_selectable
tests/test_default_solver_numerical.py::test_amforge_high_fidelity_vof_selectable_not_default
tests/test_default_solver_numerical.py::test_forgecore_default_prefers_numerical
tests/test_default_solver_numerical.py::test_forgecore_analytical_selectable
tests/test_default_solver_numerical.py::test_meltpool_fdm_runs_and_is_differentiable
tests/test_dimensional_optimization.py::test_hifi_asbuilt_runs_in_simulate
tests/test_dimensional_optimization.py::test_hifi_dimensional_loss_gradient_finite
tests/test_dimensional_optimization.py::test_optimize_reduces_dimensional_loss
tests/test_dimensional_optimization.py::test_default_simulate_still_buildup
tests/test_dimensional_optimization.py::test_loss_fn_accepts_hifi_switch
tests/test_dimensional_optimization.py::test_shape_gradient_finite_and_connected
tests/test_dimensional_optimization.py::test_optimize_shape_reduces_dimensional_deviation
tests/test_dimensional_optimization.py::test_optimize_shape_finite_results
tests/test_dimensional_optimization.py::test_joint_co_optimization_reduces_deviation
tests/test_dimensional_optimization.py::test_joint_both_levers_move_and_are_finite
tests/test_dimensional_optimization.py::test_joint_competitive_with_shape_only
tests/test_dimensional_optimization.py::test_process_constraint_penalty_finite_and_connected
tests/test_dimensional_optimization.py::test_process_constraint_reduces_penalty_in_joint
tests/test_dimensional_optimization.py::test_soft_constraint_alone_drives_process_feasible
tests/test_dimensional_optimization.py::test_dimensional_constraint_keeps_plan_feasible
tests/test_dimensional_optimization.py::test_hard_projection_is_feasible_idempotent_and_finite
tests/test_dimensional_optimization.py::test_hard_projection_reduces_penalty_vs_input
tests/test_dimensional_optimization.py::test_hard_projection_in_joint_yields_feasible_plan
tests/test_dimensional_optimization.py::test_hard_projection_in_dimensional_yields_feasible_plan
tests/test_dimensional_optimization.py::test_pareto_front_nsga2_non_dominated_and_feasible
tests/test_dimensional_optimization.py::test_pareto_lambda_legacy_still_works
tests/test_e2e_chain.py::test_all_builtin_modules_imported
tests/test_e2e_chain.py::test_registry_has_full_chain_solvers
tests/test_e2e_chain.py::test_auto_pipeline_full_chain
tests/test_e2e_chain.py::test_all_contracts_reachable
tests/test_e2e_chain.py::test_pipeline_run_end_to_end
tests/test_e2e_chain.py::test_loss_gradient_has_no_nan
tests/test_e2e_chain.py::test_pipeline_function_gradient_has_no_nan
tests/test_e2e_chain.py::test_inverse_training_converges
tests/test_e2e_chain.py::test_contract_dim_consistency
tests/test_enthalpy_thermal.py::test_liquid_fraction_monotone_and_mushy_bounded
tests/test_enthalpy_thermal.py::test_temperature_of_enthalpy_inverts
tests/test_enthalpy_thermal.py::test_latent_heat_lowers_peak_temperature
tests/test_enthalpy_thermal.py::test_solver_produces_finite_thermal_history
tests/test_enthalpy_thermal.py::test_gradient_through_enthalpy_is_finite
tests/test_enthalpy_thermal.py::test_registered_and_selectable_in_forgecore
tests/test_enthalpy_thermal.py::test_cell_integrated_source_conserves_dose
tests/test_enthalpy_thermal.py::test_scan_recipe_is_grid_independent
tests/test_enthalpy_thermal.py::test_unstable_or_unresolved_schedule_is_rejected
tests/test_enthalpy_thermal.py::test_preheat_temperature_enters_initial_condition
tests/test_enthalpy_thermal.py::test_meltpool_converges_across_beam_resolving_grids
tests/test_forgecore_e2e.py::test_registry_has_am_solvers
tests/test_forgecore_e2e.py::test_mirror_costs_match_native
tests/test_forgecore_e2e.py::test_auto_wiring_reaches_verdict
tests/test_forgecore_e2e.py::test_end_to_end_finite
tests/test_forgecore_e2e.py::test_gradient_through_full_chain_no_nan
tests/test_forgecore_e2e.py::test_amf_serialization_roundtrip
tests/test_geometry_voxelization.py::test_grid_axes_spelling_invariant[5e-05-16]
tests/test_geometry_voxelization.py::test_grid_axes_spelling_invariant[2.5e-05-32]
tests/test_geometry_voxelization.py::test_grid_axes_spelling_invariant[1.25e-05-64]
tests/test_geometry_voxelization.py::test_grid_axes_spelling_invariant[0.0001-8]
tests/test_geometry_voxelization.py::test_grid_axes_spelling_invariant[2e-05-40]
tests/test_geometry_voxelization.py::test_from_sdf_fn_shape_invariant[5e-05-16]
tests/test_geometry_voxelization.py::test_from_sdf_fn_shape_invariant[2.5e-05-32]
tests/test_geometry_voxelization.py::test_from_sdf_fn_shape_invariant[1.25e-05-64]
tests/test_geometry_voxelization.py::test_from_sdf_fn_shape_invariant[0.0001-8]
tests/test_geometry_voxelization.py::test_from_sdf_fn_shape_invariant[2e-05-40]
tests/test_geometry_voxelization.py::test_real_remainder_still_gets_extra_cell
tests/test_geometry_voxelization.py::test_axis_nodes_are_exactly_n_cells_apart
tests/test_gui_postproc.py::test_field_extraction_finite_and_shaped
tests/test_gui_postproc.py::test_unknown_field_raises
tests/test_gui_postproc.py::test_vtk_and_csv_export_roundtrip
tests/test_gui_postproc.py::test_export_all_fields_manifest
tests/test_gui_postproc.py::test_assembly_summary_and_chain
tests/test_gui_postproc.py::test_optimization_summary_joint_synthetic
tests/test_gui_postproc.py::test_optimization_summary_pareto_synthetic
tests/test_gui_preproc.py::test_build_primitive_sphere
tests/test_gui_preproc.py::test_primitive_shapes_distinct
tests/test_gui_preproc.py::test_hatch_paths_nonempty_and_layered
tests/test_gui_preproc.py::test_hatch_spacing_density_monotonic
tests/test_gui_preproc.py::test_build_process_plan_and_assess
tests/test_gui_preproc.py::test_export_import_roundtrip
tests/test_gui_preproc.py::test_generate_support_logic
tests/test_intsnap_counts.py::test_count_ceil_semantics
tests/test_intsnap_counts.py::test_count_floor_semantics
tests/test_intsnap_counts.py::test_band_width_is_one_ninth_to_one_hundredth
tests/test_intsnap_counts.py::test_layer_count_and_z_heights_spelling_invariant[50.0-12-15]
tests/test_intsnap_counts.py::test_layer_count_and_z_heights_spelling_invariant[25.0-24-12]
tests/test_intsnap_counts.py::test_layer_count_and_z_heights_spelling_invariant[100.0-8-4]
tests/test_intsnap_counts.py::test_layer_count_and_z_heights_spelling_invariant[12.5-32-20]
tests/test_intsnap_counts.py::test_baseplate_cells_spelling_invariant[25.0-20-20]
tests/test_intsnap_counts.py::test_baseplate_cells_spelling_invariant[50.0-6-6]
tests/test_intsnap_counts.py::test_baseplate_cells_spelling_invariant[12.5-8-20]
tests/test_intsnap_counts.py::test_crop_margin_pad_spelling_invariant[50.0-3]
tests/test_intsnap_counts.py::test_crop_margin_pad_spelling_invariant[25.0-5]
tests/test_intsnap_counts.py::test_crop_margin_pad_spelling_invariant[12.5-8]
tests/test_intsnap_counts.py::test_powder_lattice_spelling_invariant[50.0-3]
tests/test_intsnap_counts.py::test_powder_lattice_spelling_invariant[50.0-8]
tests/test_intsnap_counts.py::test_powder_lattice_spelling_invariant[40.0-5]
tests/test_intsnap_counts.py::test_powder_lattice_drop_is_real_defect_shape
tests/test_intsnap_counts.py::test_gui_hatch_lines_spelling_invariant[4]
tests/test_intsnap_counts.py::test_gui_hatch_lines_spelling_invariant[8]
tests/test_intsnap_counts.py::test_gui_hatch_lines_spelling_invariant[10]
tests/test_intsnap_counts.py::test_diffmech_hatch_lines_spelling_invariant[4]
tests/test_intsnap_counts.py::test_diffmech_hatch_lines_spelling_invariant[8]
tests/test_intsnap_counts.py::test_diffmech_hatch_lines_spelling_invariant[16]
tests/test_intsnap_counts.py::test_diffmech_width_matches_amforge
tests/test_intsnap_counts.py::test_zigzag_bias_locked[4]
tests/test_intsnap_counts.py::test_zigzag_bias_locked[8]
tests/test_intsnap_counts.py::test_zigzag_bias_locked[20]
tests/test_intsnap_counts.py::test_grid_axes_control_still_holds[50.0-12]
tests/test_intsnap_counts.py::test_grid_axes_control_still_holds[12.5-32]
tests/test_lsf_deposition.py::test_profile_sums_exactly_to_feed_rate_when_ring_binds
tests/test_lsf_deposition.py::test_total_mass_strictly_increases_after_one_lsf_step
tests/test_lsf_deposition.py::test_slm_config_still_returns_exact_zeros
tests/test_lsf_deposition.py::test_feed_rate_gradient_hits_analytic_value
tests/test_lsf_deposition.py::test_no_src_prefixed_import_remains_in_the_repo
tests/test_lsf_deposition.py::test_local_guard_uses_the_module_level_class_object
tests/test_mbd.py::test_assembly_result_contract
tests/test_mbd.py::test_surrogate_default_in_simulate
tests/test_mbd.py::test_mass_matrix_spd
tests/test_mbd.py::test_mbd_coupled_finite
tests/test_mbd.py::test_mbd_coupled_differentiable
tests/test_mbd.py::test_inverse_chain_differentiable_through_mbd
tests/test_mbd.py::test_newton_bridge_guarded
tests/test_meltpool_surrogate.py::test_center_temperature_matches_closed_form
tests/test_meltpool_surrogate.py::test_quadrature_converges
tests/test_meltpool_surrogate.py::test_temperature_decays_away_from_source
tests/test_meltpool_surrogate.py::test_smooth_max_unbiased_on_plateau
tests/test_meltpool_surrogate.py::test_smooth_max_is_differentiable
tests/test_meltpool_surrogate.py::test_melt_pool_size_order_of_magnitude[Ti6Al4V-280W-1.20mps]
tests/test_meltpool_surrogate.py::test_melt_pool_size_order_of_magnitude[Ti6Al4V-220W-0.90mps]
tests/test_meltpool_surrogate.py::test_melt_pool_size_order_of_magnitude[316L-195W-0.80mps]
tests/test_meltpool_surrogate.py::test_melt_pool_size_order_of_magnitude[316L-100W-0.40mps]
tests/test_meltpool_surrogate.py::test_melt_pool_size_order_of_magnitude[IN718-285W-0.96mps]
tests/test_meltpool_surrogate.py::test_temperature_capped_near_boiling
tests/test_meltpool_surrogate.py::test_pool_grows_with_energy_density
tests/test_meltpool_surrogate.py::test_no_depression_below_boiling
tests/test_meltpool_surrogate.py::test_gradient_wrt_power_and_speed
tests/test_meltpool_surrogate.py::test_jit_compiles
tests/test_meltpool_surrogate.py::test_vmap_over_process_window
tests/test_meltpool_surrogate.py::test_melt_length_scale_positive
tests/test_meltpool_temperature_dependent.py::test_laser_source_power_conserving
tests/test_meltpool_temperature_dependent.py::test_laser_source_exponential_depth_decay
tests/test_meltpool_temperature_dependent.py::test_temperature_dependent_k_changes_result
tests/test_meltpool_temperature_dependent.py::test_meltpool_fdm_temperature_dependent_differentiable
tests/test_meltpool_vof.py::test_pressure_operator_symmetric
tests/test_meltpool_vof.py::test_projection_removes_divergence
tests/test_meltpool_vof.py::test_runs_finite
tests/test_meltpool_vof.py::test_melts
tests/test_meltpool_vof.py::test_free_surface_and_keyhole
tests/test_meltpool_vof.py::test_marangoni_effect
tests/test_meltpool_vof.py::test_differentiable_wrong_power
tests/test_meltpool_vof.py::test_default_checkpoint_enabled
tests/test_monitoring.py::test_sensor_monitoring_closedloop_pytree_roundtrip
tests/test_monitoring.py::test_ingest_from_thermal_history
tests/test_monitoring.py::test_ingest_from_tuple_and_dict
tests/test_monitoring.py::test_monitor_detect_produces_monitoringstate
tests/test_monitoring.py::test_monitor_correct_raises_power_on_lof
tests/test_monitoring.py::test_monitor_correct_lowers_power_on_keyhole
tests/test_monitoring.py::test_inverse_controller_lowers_defect_cost
tests/test_monitoring.py::test_run_loop_inverse_controller_runs
tests/test_monitoring.py::test_mirror_monitoring_registered_in_both
tests/test_monitoring.py::test_mirror_costs_match_native_monitoring
tests/test_monitoring.py::test_run_loop_structure_and_fields
tests/test_monitoring.py::test_run_loop_online_recalibration_back_to_C
tests/test_monitoring.py::test_run_loop_converges_on_good_geometry
tests/test_monitoring.py::test_monitoring_gui_construct_and_logic
tests/test_nsga2.py::test_fast_non_dominated_sort_convex_front
tests/test_nsga2.py::test_fast_non_dominated_sort_nonconvex
tests/test_nsga2.py::test_crowding_distance_boundary_is_inf
tests/test_nsga2.py::test_crowding_distance_le_two_is_inf
tests/test_nsga2.py::test_sbx_identical_parents_yield_parents
tests/test_nsga2.py::test_sbx_stays_in_bounds
tests/test_nsga2.py::test_polynomial_mutation_stays_in_bounds
tests/test_nsga2.py::test_nsga2_recovers_true_front
tests/test_nsga2.py::test_nsga2_deterministic_with_seed
tests/test_nsga2.py::test_nsga2_init_pop_respected
tests/test_packaging.py::test_forgecore_packaged_and_importable
tests/test_packaging.py::test_diffmech_packaged_and_importable
tests/test_packaging.py::test_amforge_import_clean
tests/test_packaging.py::test_cli_entry_callable
tests/test_packaging.py::test_cli_info_exit_zero
tests/test_phasefield.py::test_fourfold_symmetry_axis_preferred
tests/test_phasefield.py::test_g_orientation_rotation
tests/test_phasefield.py::test_phasefield_differentiable_wrt_eps4
tests/test_phasefield.py::test_semi_implicit_stable_at_large_lam
tests/test_phasefield.py::test_solve_phasefield_contract
tests/test_phasefield.py::test_inverse_simulate_uses_phasefield
tests/test_phasefield.py::test_inverse_default_surrogate_unchanged
tests/test_phasefield.py::test_optimize_dimensional_phasefield_runs
tests/test_phasefield.py::test_optimize_geometry_process_phasefield_runs
tests/test_plastic_asbuilt.py::TestRegistrationAndRouting::test_solver_registered
tests/test_plastic_asbuilt.py::TestRegistrationAndRouting::test_select_routes_to_high_fidelity
tests/test_plastic_asbuilt.py::TestRegistrationAndRouting::test_default_chain_unchanged
tests/test_plastic_asbuilt.py::TestRegistrationAndRouting::test_required_inputs
tests/test_plastic_asbuilt.py::TestAsBuiltOutput::test_j2_finite_and_capped
tests/test_plastic_asbuilt.py::TestAsBuiltOutput::test_cpfe_finite
tests/test_plastic_asbuilt.py::TestAsBuiltOutput::test_inside_part_stress_nonzero_outside_zero
tests/test_plastic_asbuilt.py::TestDifferentiability::test_grad_wrt_peak_temperature
tests/test_postproc_animation.py::test_record_frames_default_none
tests/test_postproc_animation.py::test_record_frames_enabled_shape_and_finite
tests/test_postproc_animation.py::test_meltpool_moves_across_frames
tests/test_postproc_animation.py::test_extract_temperature_frames
tests/test_postproc_animation.py::test_save_field_gif
tests/test_postproc_animation.py::test_save_field_pvd
tests/test_postprocess.py::test_secondaryprocessresult_pytree_roundtrip
tests/test_postprocess.py::test_passthrough_wraps_asbuilt
tests/test_postprocess.py::test_ht_relieves_residual_stress
tests/test_postprocess.py::test_hip_closes_porosity
tests/test_postprocess.py::test_machining_trims_to_nominal
tests/test_postprocess.py::test_mirror_postprocess_registered_in_both
tests/test_postprocess.py::test_mirror_costs_match_native_postprocess
tests/test_postprocess.py::test_pipeline_serviceverdict_includes_secondary
tests/test_postprocess.py::test_select_secondary_switches_solver
tests/test_postprocess.py::test_verdict_consumes_secondary
tests/test_postprocess.py::test_apply_secondary_logic
tests/test_powder_import.py::test_csv_import_roundtrip
tests/test_powder_import.py::test_csv_2d_import
tests/test_powder_import.py::test_generated_bed_csv_roundtrip_lossless
tests/test_powder_import.py::test_json_import_roundtrip
tests/test_powder_import.py::test_from_part_bed_3d
tests/test_powder_import.py::test_from_part_bed_2d
tests/test_powder_import.py::test_from_part_bed_seed_deterministic
tests/test_powder_import.py::test_powder_bed_params_mapping
tests/test_powder_import.py::test_preproc_wrappers_smoke
tests/test_powder_import.py::test_solve_dem_real_powderbed
tests/test_powder_import.py::test_synth_powder_bed_injects_precise_positions
tests/test_powder_import.py::test_solve_dem_precise_injection_takes_effect
tests/test_powderbed.py::test_powderbed_contract_registered
tests/test_powderbed.py::test_powderbed_tier_finite[surrogate]
tests/test_powderbed.py::test_powderbed_tier_finite[dem]
tests/test_powderbed.py::test_powderbed_tier_finite[sph]
tests/test_powderbed.py::test_powderbed_tier_finite[mpm]
tests/test_powderbed.py::test_powderbed_surrogate_differentiable
tests/test_powderbed.py::test_powderbed_zero_regression
tests/test_powderbed.py::test_powderbed_dem_packing_sanity
tests/test_support.py::test_support_auto_on_plate_needs_none
tests/test_support.py::test_support_auto_floating_needs_support
tests/test_support.py::test_support_auto_overhang_subset_of_block
tests/test_support.py::test_support_simulate_empty_equals_baseline
tests/test_support.py::test_support_simulate_couples_and_zeroes_support
tests/test_support.py::test_supportstructure_pytree_roundtrip
tests/test_support.py::test_mirror_support_registered_in_both
tests/test_support.py::test_default_asbuilt_pipeline_avoids_support_simulate
tests/test_support.py::test_supportstructure_target_routes_to_support_auto

261 tests collected in 1.07s
rc=0
