生成时刻: 2026-10-09 12:13:25 +0800
CMD     : 正文那条运行＝CUDA_VISIBLE_DEVICES= /tmp/amvenv/bin/python docs/evidence/2026-10-09/am_s7_verify21.py
          （stdout→_raw_verify21.out，stderr→_raw_verify21.err，两条都在本件里被复跑并逐字节比对；
          这两件已随分片 22 逐字节归档在本目录，md5＝060792b21698／d41d8cd98f00，mtime 用 cp -p 保留）
          本表头由同解释器跑 am_s21_hdr.py 生成，它内部又用同一环境复跑了上面那条命令一次。
ENV     : CUDA_VISIBLE_DEVICES=（空串＝CPU 钉住，用户令「继续，还是不动GPU」＋「现在需要把GPU归还给我的其他程序」）；
          本件**不 import jax**（只跑 git／GitHub API），带空串是习惯性钉住而不是必需，照实说明。
脚本    : docs/evidence/2026-10-09/am_s7_verify21.py（＝分片 18 那把尺子的**逐字节副本**：与 am_s7_verify18.py 现比 md5＝相同，
          本件 md5 0d20117bb82f；两份档案共用同一仪器，不是"为这一片重写一把尺子"）
TREE    : head=119324e498552045061456c0c76a23f02a232ac9 parent=c34a2e17f7affea3c42118fe75aacb0b37556e72 dirty(src+tests)=0
SRC指纹 : 4a5a257efaf3251badbdfbfb10ecec4b（口径与全量回归件一致 ⇒ 核验时被测树就是本片落地的那棵树）
GPU     : 本表头生成时现取 nvidia-smi compute 进程 6 个，其中我的解释器（/proc/PID/cmdline 含 /tmp/amvenv）
          所留 0/6 个（须 0）；口径与全量回归件的归还段相同。
RUN     : 表头生成时**复跑**核验件：rc=0、stderr 0 字节（0＝没有一条警告被吞），且复跑 stdout 与
          下面的正文区**逐字节相同**（本件写入前有断言）⇒ 判读行与正文是同一次运行的口径，非两次拼接。
          首次归档运行 2026-10-09 11:40:46 +0800（其 stderr 留档案 0 字节），复跑于 2026-10-09 12:13:25 +0800。
判读    : 远端 main == 本地 HEAD；tree 条目 672 = blob 605 + tree 67；
          闭合式 远端 605 == 父提交 584 + 本片新增(A) 21 ＝ 605 -> PASS；
          双向路径差集 0/605 与 0/605；全库 blob SHA 不符 0/605；
          本片单列复核 27/27 MATCH（A 21／M 6 个文件）。
四个正对照: A 远端一条 sha 首位改 f ⇒ 不符 1/605；B 远端删一条路径 ⇒ 本地独有 1/605、远端独有 0/604；
          C 闭合式右边 +1 ⇒ 605 == 606 判 FAIL；D 远端删**本片**一条路径 ⇒ 本片缺失 1/27、SHA 不符 0/27。
          四条读数一律从正文 ⑤ 段正则现取（本表头不许自己造数），逐条都能红、所以不是空转。
分母口径: 每个 0 都与其分母同印（0/605、0/605、27/27），
          没有"光秃秃的 0"。
正文区  : 下面 BODY_OFFSET 之后＝核验件原始 stdout，逐字节未改（含 ①〜⑤ 与 LANDING_VERDICT 行）。
复核    : 在仓库根跑 cmp -i 4550:0 docs/evidence/2026-10-09/am_s7_verify21.log docs/evidence/2026-10-09/_raw_verify21.out   （rc=0 才算正文区逐字节相同；两侧偏移各 +1 必须变红）
同片对照: 本片新增 21 件，与 /tmp **同名件现比 md5**（本表头自己数，不抄任何一份档案里的件数）＝
          相同 6 件／不同 1 件（am_t35_cpu_evidence.py）／/tmp 已无同名件 14 件（临时件被清理或当初换了名）。
          唯一"不同"的是 am_t35_cpu_evidence.py：/tmp 那份是**单路判据的前一版**，档案里是产出
          am_t35_cpu_evidence.log 的**四路版**（两版差异就写在该 .log 的 E0 自述段）。⇒ 这条只作辅助溯源，
          落地证明以正文区为准。
用途    : S7 分片 21（#35 落地＋九道闸门证据）的落地回执；开发日志 §26.27 (o)(p)(q)(r) 引用本件。
教训    : ① 仪器复用＝同一把尺子量多片，比对才有效；② 闭合式的右边含本片新增数，所以它随片而变、不是恒等式：
          分片 18 的档案印「远端 575 == 父提交 574 + 新增 1 = 575」、本片印「远端 605 == 父提交 584 ＋ 新增 21 ＝ 605」，
          两条各自被控制 C（右边 +1）证过"能红"；但闭合式只数**个数**，看不见"少一个＋多一个"的形状，
          所以必须与双向路径差集、全库 SHA 不符两条**同读**，三条一起才构成落地证明；③ 表头不用 f-string
          承载（本轮 (q) 的成因），改用 PLACEHOLDER＋replace，写盘后再查残留。
BODY_OFFSET=4550
① 本地 HEAD = 119324e498552045061456c0c76a23f02a232ac9
① ls-remote refs/heads/main = 119324e498552045061456c0c76a23f02a232ac9  -> MATCH
② truncated=False，tree 条目 672 = blob 605 + tree 67
② 本地 blob = 605，父提交 = 584
② 本片文件 27 个 = 新增 21 + 修改 6
② 闭合式 远端 605 == 父提交 584 + 新增 21 = 605 -> PASS
③ 路径差集：本地独有 0/605  远端独有 0/605
④ 全库共有 605 条 ⇒ blob SHA 不符 0/605
④ 本片 27 文件（A 21／M 6）单列复核 ⇒ 远端缺失 0/27，SHA 不符 0/27，MATCH 27/27
   MATCH  M  '.workbuddy/memory/2026-10-09.md'
   MATCH  M  '.workbuddy/memory/MEMORY.md'
   MATCH  A  'docs/evidence/2026-10-09/_raw_collect.out'
   MATCH  A  'docs/evidence/2026-10-09/_raw_full.log'
   MATCH  A  'docs/evidence/2026-10-09/_raw_pytest.log'
   MATCH  A  'docs/evidence/2026-10-09/_raw_skips.out'
   MATCH  A  'docs/evidence/2026-10-09/am_t35_census_warnpct.log'
   MATCH  A  'docs/evidence/2026-10-09/am_t35_census_warnpct.py'
   MATCH  A  'docs/evidence/2026-10-09/am_t35_cpu_evidence.log'
   MATCH  A  'docs/evidence/2026-10-09/am_t35_cpu_evidence.py'
   MATCH  A  'docs/evidence/2026-10-09/am_t35_docs.py'
   MATCH  A  'docs/evidence/2026-10-09/am_t35_dxr_rerun.log'
   MATCH  A  'docs/evidence/2026-10-09/am_t35_dxr_rerun.py'
   MATCH  A  'docs/evidence/2026-10-09/am_t35_dxr_rerun_first_attempt.log'
   MATCH  A  'docs/evidence/2026-10-09/am_t35_edit.py'
   MATCH  A  'docs/evidence/2026-10-09/am_t35_fixbrace.py'
   MATCH  A  'docs/evidence/2026-10-09/am_t35_full_assemble.py'
   MATCH  A  'docs/evidence/2026-10-09/am_t35_full_regression.log'
   MATCH  A  'docs/evidence/2026-10-09/am_t35_full_run.sh'
   MATCH  A  'docs/evidence/2026-10-09/am_t35_postcheck.log'
   MATCH  A  'docs/evidence/2026-10-09/am_t35_postcheck.py'
   MATCH  A  'docs/evidence/2026-10-09/am_t35_qleg.py'
   MATCH  A  'docs/evidence/2026-10-09/am_t35_skips.py'
   MATCH  M  'docs/开发日志.md'
   MATCH  M  'docs/项目开发总览.md'
   MATCH  M  'docs/项目评估与下一步计划_2026-10-06.md'
   MATCH  M  'src/amforge/thermal_enthalpy.py'
⑤ 正对照 A（远端 .workbuddy/memory/2026-08-16.md 的 sha 首位改 f）⇒ 不符 1/605（必须 ≥1）
⑤ 正对照 B（远端删一条路径）⇒ 本地独有 1/605，远端独有 0/604
⑤ 正对照 C（闭合式右边 +1）⇒ 605 == 606 判 FAIL（须 FAIL）
⑤ 正对照 D（远端删本片一条路径）⇒ 本片缺失 1/27，SHA 不符 0/27（缺失数必须＝1，否则单列复核是空转）
LANDING_VERDICT = ALL CHECKS PASS
