生成时刻: 2026-10-09 21:45:59 +0800
CMD     : 正文那条运行＝CUDA_VISIBLE_DEVICES= /tmp/amvenv/bin/python docs/evidence/2026-10-09/am_s7_verify25.py
          （stdout→_raw_verify25.out，stderr→_raw_verify25.err，两条都在本件里被复跑并逐字节比对；
          这两件在生成本表头**之前**就用 cp -p 逐字节抄进本目录（与本件同一次提交入库），md5＝cb8da68690c3／d41d8cd98f00，
          mtime 保留 ⇒ 下面"首次归档运行"那个时刻是原次运行时刻，不是复制时刻）
          本表头由同解释器跑 am_s25_hdr.py 生成，它内部又用同一环境复跑了上面那条命令一次。
ENV     : CUDA_VISIBLE_DEVICES=（空串＝CPU 钉住，用户令「继续，还是不动GPU」＋「现在需要把GPU归还给我的其他程序」）；
          本件**不 import jax**（只跑 git／GitHub API），带空串是习惯性钉住而不是必需，照实说明。
脚本    : docs/evidence/2026-10-09/am_s7_verify25.py（＝分片 18 那把尺子的**逐字节副本**：与 am_s7_verify18.py 现比 md5＝相同，
          本件 md5 0d20117bb82f；本目录 glob＋md5 现算＝同一把尺子已有 6 份档案（含本件），
          多片共用同一仪器，不是"为这一片重写一把尺子"。这个数**现算**，因为写死它就会随片腐烂）
TREE    : head=547dbf9b6ef633cf5808ea46d6461a83d415ab9c parent=3b43aabb8e643e6ca06328ac83c4a6141281ec7e dirty(src+tests)=0
SRC指纹 : ce2e324d91ae9218fcd5e93f1773a5a8（口径与全量回归件一致 ⇒ 核验时被测树就是本片落地的那棵树）
GPU     : 本表头生成时现取 nvidia-smi compute 进程 1 个，其中我的解释器（/proc/PID/cmdline 含 /tmp/amvenv）
          所留 0/1 个（须 0）；口径与全量回归件的归还段相同。
RUN     : 表头生成时**复跑**核验件：rc=0、stderr 0 字节（0＝没有一条警告被吞），且复跑 stdout 与
          下面的正文区**逐字节相同**（本件写入前有断言）⇒ 判读行与正文是同一次运行的口径，非两次拼接。
          首次归档运行 2026-10-09 21:43:28 +0800（其 stderr 留档案 0 字节），复跑于 2026-10-09 21:45:59 +0800。
判读    : 远端 main == 本地 HEAD；tree 条目 715 = blob 648 + tree 67；
          闭合式 远端 648 == 父提交 623 + 本片新增(A) 25 ＝ 648 -> PASS；
          双向路径差集 0/648 与 0/648；全库 blob SHA 不符 0/648；
          本片单列复核 31/31 MATCH（A 25／M 6 个文件）。
四个正对照: A 远端一条 sha 首位改 f ⇒ 不符 1/648；B 远端删一条路径 ⇒ 本地独有 1/648、远端独有 0/647；
          C 闭合式右边 +1 ⇒ 648 == 649 判 FAIL；D 远端删**本片**一条路径 ⇒ 本片缺失 1/31、SHA 不符 0/31。
          四条读数一律从正文 ⑤ 段正则现取（本表头不许自己造数），逐条都能红、所以不是空转。
分母口径: 每个 0 都与其分母同印（0/648、0/648、31/31），
          没有"光秃秃的 0"。
正文区  : 下面 BODY_OFFSET 之后＝核验件原始 stdout，逐字节未改（含 ①〜⑤ 与 LANDING_VERDICT 行）。
复核    : 在仓库根跑 cmp -i 7096:0 docs/evidence/2026-10-09/am_s7_verify25.log docs/evidence/2026-10-09/_raw_verify25.out   （rc=0 才算正文区逐字节相同；两侧偏移各 +1 必须变红）
同片对照: 本片新增 25 件，与 /tmp **同名件现比 md5**（本表头自己数，不抄任何一份档案里的件数）＝
          相同 9 件／不同 0 件（无）／/tmp 已无同名件 16 件（临时件被清理或当初换了名）。
          没有一件不同 ⇒ /tmp 现存的同名件全部逐字节相同。⇒ 这条只作辅助溯源，落地证明以正文区为准。
用途    : S7 分片 25 的落地回执（片号由 HEAD 提交说明现取，并与本件文件名 am_s7_verify25.py
          互证，两边不符即拒绝归档 ⇒ 机械克隆不再能把上一片的故事安在本片头上）。入库清单由
          `git show --name-status HEAD` 现取（本表头自己数、自己列名）＝
          新增 25 件（_raw_s18_full.log、_raw_s18_post_fingerprint.json、_raw_s18_pre_fingerprint.json、_raw_s18_probe.err、_raw_s18_probe.out、_raw_s18_probe_diff.txt、_raw_s18_probe_post.err、_raw_s18_probe_post.out、_raw_s18_receipt.err、_raw_s18_receipt.out、_raw_s18_side.log、_raw_s18_targeted.out、_raw_verify24.err、_raw_verify24.out、am_s18_full_run.sh、am_s18_probe_pre.py、am_s18_side_run.sh、am_s18_wiring_receipt.py、am_s24_hdr.py、am_s25_docs.py、am_s25_msg.py、am_s7_verify24.log、am_s7_verify24.py、scan_program.py、test_scan_program.py）＋修改 6 件（2026-10-09.md、MEMORY.md、开发日志.md、项目开发总览.md、项目评估与下一步计划_2026-10-06.md、thermal_enthalpy.py）；逐条 SHA 复核在正文区 ④ 段。
          本轮开发日志 §26.27 (u) 引用的回执是**上一片**的 am_s7_verify24.log（24 号）；
          对本件（am_s7_verify25.log）的日志引用要到下一轮才出现，本表头不预先声称它已被引用。
教训    : ① 仪器复用＝同一把尺子量多片，比对才有效；② 闭合式的右边含本片新增数，所以它随片而变、不是恒等式：
          分片 18 的档案印「远端 575 == 父提交 574 + 新增 1 = 575」、本片印「远端 648 == 父提交 623 ＋ 新增 25 ＝ 648」，
          两条各自被控制 C（右边 +1）证过"能红"；但闭合式只数**个数**，看不见"少一个＋多一个"的形状，
          所以必须与双向路径差集、全库 SHA 不符两条**同读**，三条一起才构成落地证明；③ 表头不用 f-string
          承载（§26.27 (q) 的成因），改用 PLACEHOLDER＋replace，写盘后再查残留；④ 本件由上一片的生成器
          **机械克隆**（sed 只换得出文件名里的片号）而来 ⇒ 凡"来历／片号／节号字母／份数"写死在注文里的
          都会随片腐烂，diff 不会自动改它。事故标本**从档案里现取**（不是凭记忆转述）：上一份生成器
          `am_s24_hdr.py` 的"教训"行原文印着「S7 分片 24（分片 **22** 的回执＋…）」——同一句里外层片号 24、括号里
          22，两个数不同 ⇒ 那句故事说的是 22 号那一片，而写它的生成器是 24 号自己的。
          本片的防法不是手改文字，而是三条**现取＋互证**闸门：(a) 片号从 HEAD 提交说明现取，并与本件文件名
          互证（两边都＝25）；(b) 日志节号从开发日志正则现取（＝u），"本轮引用哪份回执"由本目录
          glob 现取（＝am_s7_verify24.log）；(c) 入库清单从 `git show --name-status HEAD` 现取，并与正文区 ④ 段的
          A／M 计数互证（25/6）。教训一句话：**数字一律现取，文字也要；不能现取的文字就只能引用
          一份能被命令查到的档案原文。**
BODY_OFFSET=7096
① 本地 HEAD = 547dbf9b6ef633cf5808ea46d6461a83d415ab9c
① ls-remote refs/heads/main = 547dbf9b6ef633cf5808ea46d6461a83d415ab9c  -> MATCH
② truncated=False，tree 条目 715 = blob 648 + tree 67
② 本地 blob = 648，父提交 = 623
② 本片文件 31 个 = 新增 25 + 修改 6
② 闭合式 远端 648 == 父提交 623 + 新增 25 = 648 -> PASS
③ 路径差集：本地独有 0/648  远端独有 0/648
④ 全库共有 648 条 ⇒ blob SHA 不符 0/648
④ 本片 31 文件（A 25／M 6）单列复核 ⇒ 远端缺失 0/31，SHA 不符 0/31，MATCH 31/31
   MATCH  M  '.workbuddy/memory/2026-10-09.md'
   MATCH  M  '.workbuddy/memory/MEMORY.md'
   MATCH  A  'docs/evidence/2026-10-09/_raw_s18_full.log'
   MATCH  A  'docs/evidence/2026-10-09/_raw_s18_post_fingerprint.json'
   MATCH  A  'docs/evidence/2026-10-09/_raw_s18_pre_fingerprint.json'
   MATCH  A  'docs/evidence/2026-10-09/_raw_s18_probe.err'
   MATCH  A  'docs/evidence/2026-10-09/_raw_s18_probe.out'
   MATCH  A  'docs/evidence/2026-10-09/_raw_s18_probe_diff.txt'
   MATCH  A  'docs/evidence/2026-10-09/_raw_s18_probe_post.err'
   MATCH  A  'docs/evidence/2026-10-09/_raw_s18_probe_post.out'
   MATCH  A  'docs/evidence/2026-10-09/_raw_s18_receipt.err'
   MATCH  A  'docs/evidence/2026-10-09/_raw_s18_receipt.out'
   MATCH  A  'docs/evidence/2026-10-09/_raw_s18_side.log'
   MATCH  A  'docs/evidence/2026-10-09/_raw_s18_targeted.out'
   MATCH  A  'docs/evidence/2026-10-09/_raw_verify24.err'
   MATCH  A  'docs/evidence/2026-10-09/_raw_verify24.out'
   MATCH  A  'docs/evidence/2026-10-09/am_s18_full_run.sh'
   MATCH  A  'docs/evidence/2026-10-09/am_s18_probe_pre.py'
   MATCH  A  'docs/evidence/2026-10-09/am_s18_side_run.sh'
   MATCH  A  'docs/evidence/2026-10-09/am_s18_wiring_receipt.py'
   MATCH  A  'docs/evidence/2026-10-09/am_s24_hdr.py'
   MATCH  A  'docs/evidence/2026-10-09/am_s25_docs.py'
   MATCH  A  'docs/evidence/2026-10-09/am_s25_msg.py'
   MATCH  A  'docs/evidence/2026-10-09/am_s7_verify24.log'
   MATCH  A  'docs/evidence/2026-10-09/am_s7_verify24.py'
   MATCH  M  'docs/开发日志.md'
   MATCH  M  'docs/项目开发总览.md'
   MATCH  M  'docs/项目评估与下一步计划_2026-10-06.md'
   MATCH  A  'src/amforge/scan_program.py'
   MATCH  M  'src/amforge/thermal_enthalpy.py'
   MATCH  A  'tests/test_scan_program.py'
⑤ 正对照 A（远端 .workbuddy/memory/2026-08-16.md 的 sha 首位改 f）⇒ 不符 1/648（必须 ≥1）
⑤ 正对照 B（远端删一条路径）⇒ 本地独有 1/648，远端独有 0/647
⑤ 正对照 C（闭合式右边 +1）⇒ 648 == 649 判 FAIL（须 FAIL）
⑤ 正对照 D（远端删本片一条路径）⇒ 本片缺失 1/31，SHA 不符 0/31（缺失数必须＝1，否则单列复核是空转）
LANDING_VERDICT = ALL CHECKS PASS
