#35 换数**之后**的验收件（正式件＝`am_t35_dxr_rerun.log`，本件证明换数落地且检测器有分辨力）。

标题块（非手抄）：
  检测器   = docs/evidence/2026-10-09/am_t35_postcheck.py
  检测器md5= 6ee59190a002ce311b519e294b717cc2   （此 md5 即产出下面读数的字节；本件归档后不再改动）
  归档时间 = 2026-10-09 09:55:03 +0800
  运行命令 = CUDA_VISIBLE_DEVICES= JAX_ENABLE_X64=1 PYTHONPATH=src /tmp/amvenv/bin/python <本件路径>
  TREE 戳  = head=c34a2e1 dirty=1 ⇒ dirty 的 1 ＝本件要验收的 `src/amforge/thermal_enthalpy.py`
             （HEAD 即换数**前**的提交树 ⇒ P4 正对照直接取 `git show HEAD:src/…`，不靠手抄旧文本）

判据与读数（照实）：
  P1 注释段反向解析 vs 日志 token＝**20/20 逐字相同**（10 个字段 × 两个源模型，含绝对值与 fv 口径）；
  P2 用户可见 warn 串：`%` 字符数＝**0**、5 个已过期数残留＝**空**、含证据件路径＝True；
  P3 真触发（r=60µm、dx=100µm、ns=40）：运行时实际发出的整串同样不含 `%`，几何事实按 fmt 渲染正确
     （dx=100.0µm／r=60.0µm／1.2 个体素）；同一次调用另捕到 1 条「低于 CFL 精度目标」警告＝预期；
  P4 正对照（同一套检测器跑在换数前的提交树文本上，必须变红）：旧注释段反向解析命中＝**0**
     （结构不同 ⇒ 解析器不是"什么都能通过"）、旧文本含 5/5 已过期数、旧 warn 串 `%` 字符数＝**2**。

守卫负对照（与正式件同一做法，单独一次调用）：不带 `CUDA_VISIBLE_DEVICES=` 启动 ⇒
  rc=1、stdout **空**、stderr 只有 `REFUSED: CUDA_VISIBLE_DEVICES 实得 None…` ⇒ 拒绝发生在
  `import jax` 之前（若在其后，stdout/stderr 里会出现 backend 行＝已经建过 CUDA context）。

本检测器自己的两处缺陷（先于落盘发现并修）：
  (a) `sh()` 漏 `.strip()` ⇒ `TREE: head=c34a2e1\n dirty=1` 被 git 的换行劈成两行，而该戳是下游
      解析器（`/tmp/am_t35_edit.py` 的 `^TREE: …`）的**行首锚点** ⇒ 已补 strip 后重跑；
  (b) 首版 `tokens_from_log()` 里留有试验行（`… if False else ()` 一类）与 `%-10s` 式里未把字面
      `%` 写成 `%%`（`%` 运算符下 `%\s` 是不支持的格式字符）⇒ 已在跑通前清掉。
  另：`/tmp/am_t35_edit.py` 预检阶段暴露的三处（`one()` 单捕获组返回首字符、DATE 缺 `re.M`、
  反向解析只压空白而没压续行的 `#`）与一条**坏闸门**设计：最初写成"新块整体不得含旧数"，而正确
  实现应当在 ⚠ 历史段如实留档 ⇒ 改为**分段**判定（当前实测段＋运行串须干净、历史段须留档），
  并加"检测器跑在旧块上必须抓到 5/5"的正对照。

======================== 以下为运行原样输出（未编辑） ========================

======== stdout ========
CMD: CUDA_VISIBLE_DEVICES= JAX_ENABLE_X64=1 PYTHONPATH=src /tmp/amvenv/bin/python /home/shy/桌面/2026年开发-显式冲击有限元-物质点法-sph-fvm+am/AM-Qoder/docs/evidence/2026-10-09/am_t35_postcheck.py
TREE: head=c34a2e1 dirty=1
DATE: 2026-10-09 09:54:21 +0800
BACKEND: cpu devices=['cpu']

本件对照的两份文本：工作区（换数后，git 标记 M ）与 HEAD:src/amforge/thermal_enthalpy.py（换数前）

=== P1：工作区注释段反向解析 vs 日志 token（逐字） ===
  P1 逐字相同字段数 = 20/20（必须＝20）

=== P2：工作区用户可见 warn 串 ===
  warn 串 '%' 字符数 = 0（必须＝0）；残留过期数 = []（必须＝空）；含证据件路径 = True（必须 True）

=== P4：正对照 —— 同一套检测器跑在 HEAD（换数前）文本上 ⇒ 必须变红 ===
  HEAD 注释段反向解析命中数 = 0（应＝0：旧文案结构不同 ⇒ 解析器不是万能通过）
  HEAD 文本里的已过期数 = 5/5（必须＝5，否则本检测器看不见旧状态）
  HEAD warn 串 '%' 字符数 = 2（必须＞0 ⇒ 旧的用户可见文本确实嵌了配方百分比）

=== P3：真触发一次 dx>r（r=60µm、dx=100µm、ns=40）⇒ 看运行时实际发出的串 ===
  category=UserWarning
  TEXT repr: "params['n_steps']=40 低于 CFL 精度目标 111（cfl=0.35）：仍稳定但每步激光移动 223µm，移动热源被时间欠采样，峰值温度会偏低。建议 suggest_n_steps() 或提高 n_steps。"
  category=UserWarning
  TEXT repr: '体素 dx=100.0µm 大于光束半径 r=60.0µm：横向仅约 1.2 个体素跨过 1/e² 光斑。能量守恒（Σfrac=1 与 dx 无关）但**熔池形态与峰值不可信**，不得用于标定或形态判据；定量熔池形态请取 dx≤r/2。跨 dx 的实测偏低幅度见 docs/evidence/2026-10-09/am_t35_dxr_rerun.log。'

  P3 判据：含 '%' = False（必须 False）｜含过期数 = []（必须空）｜几何事实渲染 = dx=100.0µm 在串里 True、r=60.0µm True、1.2 个体素 True｜含证据件路径 True

PASSED：P1 20/20 逐字 ＋ P2 无配方实测数 ＋ P3 运行时同判 ＋ P4 检测器对换数前文本变红。
rc=0

======== stderr ========
Jax plugin configuration error: Exception when calling jax_plugins.xla_cuda13.initialize()
Traceback (most recent call last):
  File "/home/shy/.local/lib/python3.12/site-packages/jax/_src/xla_bridge.py", line 495, in discover_pjrt_plugins
    plugin_module.initialize()
  File "/home/shy/.local/lib/python3.12/site-packages/jax_plugins/xla_cuda13/__init__.py", line 370, in initialize
    _check_cuda_versions(raise_on_first_error = True)
  File "/home/shy/.local/lib/python3.12/site-packages/jax_plugins/xla_cuda13/__init__.py", line 274, in _check_cuda_versions
    for d in range(cuda_versions.cuda_device_count())
                   ^^^^^^^^^^^^^^^^^^^^^^^^^^^^^^^^^
RuntimeError: jaxlib/cuda/versions_helpers.cc:135: operation cuInit(0) failed: CUDA_ERROR_NO_DEVICE
An NVIDIA GPU may be present on this machine, but a CUDA-enabled jaxlib is not installed. Falling back to cpu.

======== 负对照（无 CUDA 钉住时）stdout+stderr ========
[stdout 空]
REFUSED: CUDA_VISIBLE_DEVICES 实得 None，必须是空串才允许启动本件（用户指令「继续，还是不动GPU」）。
